Archive member included because of file (symbol)

/home/hauke/dev/riot/RIOT/examples/hello-world/bin/iotlab-m3/core.a(reboot.o)
                              /home/hauke/dev/riot/RIOT/examples/hello-world/bin/iotlab-m3/newlib/syscalls.o (reboot)
/home/hauke/dev/riot/RIOT/examples/hello-world/bin/iotlab-m3/core.a(sched.o)
                              /home/hauke/dev/riot/RIOT/examples/hello-world/bin/iotlab-m3/newlib/syscalls.o (sched_active_pid)
/home/hauke/dev/riot/RIOT/examples/hello-world/bin/iotlab-m3/core.a(bitarithm.o)
                              /home/hauke/dev/riot/RIOT/examples/hello-world/bin/iotlab-m3/core.a(sched.o) (bitarithm_lsb)
/home/hauke/dev/riot/RIOT/examples/hello-world/bin/iotlab-m3/core.a(clist.o)
                              /home/hauke/dev/riot/RIOT/examples/hello-world/bin/iotlab-m3/core.a(sched.o) (clist_add)
/home/hauke/dev/riot/RIOT/examples/hello-world/bin/iotlab-m3/cortexm_common.a(irq_arch.o)
                              /home/hauke/dev/riot/RIOT/examples/hello-world/bin/iotlab-m3/newlib/syscalls.o (irq_arch_disable)
/home/hauke/dev/riot/RIOT/examples/hello-world/bin/iotlab-m3/cortexm_common.a(reboot_arch.o)
                              /home/hauke/dev/riot/RIOT/examples/hello-world/bin/iotlab-m3/core.a(reboot.o) (reboot_arch)
/home/hauke/dev/riot/RIOT/examples/hello-world/bin/iotlab-m3/cortexm_common.a(thread_arch.o)
                              /home/hauke/dev/riot/RIOT/examples/hello-world/bin/iotlab-m3/core.a(sched.o) (thread_arch_start_threading)
/home/hauke/dev/riot/RIOT/examples/hello-world/bin/iotlab-m3/cortexm_common.a(vectors_cortexm.o)
                              /home/hauke/dev/riot/RIOT/examples/hello-world/bin/iotlab-m3/cpu/vectors.o (reset_handler_default)
/home/hauke/dev/riot/RIOT/examples/hello-world/bin/iotlab-m3/uart_stdio.a(uart_stdio.o)
                              /home/hauke/dev/riot/RIOT/examples/hello-world/bin/iotlab-m3/newlib/syscalls.o (uart_stdio_init)
/home/hauke/dev/riot/RIOT/examples/hello-world/bin/iotlab-m3/iotlab-m3_base.a(board.o)
                              /home/hauke/dev/riot/RIOT/examples/hello-world/bin/iotlab-m3/cortexm_common.a(vectors_cortexm.o) (board_init)
/home/hauke/dev/riot/RIOT/examples/hello-world/bin/iotlab-m3/core.a(kernel_init.o)
                              /home/hauke/dev/riot/RIOT/examples/hello-world/bin/iotlab-m3/cortexm_common.a(vectors_cortexm.o) (kernel_init)
/home/hauke/dev/riot/RIOT/examples/hello-world/bin/iotlab-m3/core.a(mutex.o)
                              /home/hauke/dev/riot/RIOT/examples/hello-world/bin/iotlab-m3/uart_stdio.a(uart_stdio.o) (mutex_lock)
/home/hauke/dev/riot/RIOT/examples/hello-world/bin/iotlab-m3/core.a(panic.o)
                              /home/hauke/dev/riot/RIOT/examples/hello-world/bin/iotlab-m3/cortexm_common.a(vectors_cortexm.o) (core_panic)
/home/hauke/dev/riot/RIOT/examples/hello-world/bin/iotlab-m3/core.a(priority_queue.o)
                              /home/hauke/dev/riot/RIOT/examples/hello-world/bin/iotlab-m3/core.a(mutex.o) (priority_queue_remove_head)
/home/hauke/dev/riot/RIOT/examples/hello-world/bin/iotlab-m3/core.a(thread.o)
                              /home/hauke/dev/riot/RIOT/examples/hello-world/bin/iotlab-m3/core.a(kernel_init.o) (thread_create)
/home/hauke/dev/riot/RIOT/examples/hello-world/bin/iotlab-m3/cortexm_common.a(atomic_arch.o)
                              /home/hauke/dev/riot/RIOT/examples/hello-world/bin/iotlab-m3/core.a(mutex.o) (atomic_cas)
/home/hauke/dev/riot/RIOT/examples/hello-world/bin/iotlab-m3/cortexm_common.a(panic.o)
                              /home/hauke/dev/riot/RIOT/examples/hello-world/bin/iotlab-m3/core.a(panic.o) (panic_arch)
/home/hauke/dev/riot/RIOT/examples/hello-world/bin/iotlab-m3/cpu.a(cpu.o)
                              /home/hauke/dev/riot/RIOT/examples/hello-world/bin/iotlab-m3/iotlab-m3_base.a(board.o) (cpu_init)
/home/hauke/dev/riot/RIOT/examples/hello-world/bin/iotlab-m3/cpu.a(lpm_arch.o)
                              /home/hauke/dev/riot/RIOT/examples/hello-world/bin/iotlab-m3/core.a(kernel_init.o) (lpm_arch_set)
/home/hauke/dev/riot/RIOT/examples/hello-world/bin/iotlab-m3/periph.a(uart.o)
                              /home/hauke/dev/riot/RIOT/examples/hello-world/bin/iotlab-m3/uart_stdio.a(uart_stdio.o) (uart_init)
/home/hauke/dev/riot/RIOT/examples/hello-world/bin/iotlab-m3/periph.a(gpio.o)
                              /home/hauke/dev/riot/RIOT/examples/hello-world/bin/iotlab-m3/periph.a(uart.o) (gpio_init)
/home/hauke/dev/riot/RIOT/examples/hello-world/bin/iotlab-m3/tsrb.a(tsrb.o)
                              /home/hauke/dev/riot/RIOT/examples/hello-world/bin/iotlab-m3/uart_stdio.a(uart_stdio.o) (tsrb_get)
/home/hauke/dev/riot/RIOT/examples/hello-world/bin/iotlab-m3/hello-world.a(main.o)
                              /home/hauke/dev/riot/RIOT/examples/hello-world/bin/iotlab-m3/core.a(kernel_init.o) (main)
/home/hauke/dev/riot/RIOT/examples/hello-world/bin/iotlab-m3/auto_init.a(auto_init.o)
[...]
Memory Configuration

Name             Origin             Length             Attributes
rom              0x08000000         0x00080000         xr
ram              0x20000000         0x00010000         xrw
*default*        0x00000000         0xffffffff

Linker script and memory map

LOAD /home/hauke/dev/riot/RIOT/examples/hello-world/bin/iotlab-m3/newlib/syscalls.o
LOAD /home/hauke/dev/riot/RIOT/examples/hello-world/bin/iotlab-m3/cpu/vectors.o
START GROUP
LOAD /home/hauke/dev/riot/RIOT/examples/hello-world/bin/iotlab-m3/auto_init.a
LOAD /home/hauke/dev/riot/RIOT/examples/hello-world/bin/iotlab-m3/core.a
LOAD /home/hauke/dev/riot/RIOT/examples/hello-world/bin/iotlab-m3/cortexm_common.a
LOAD /home/hauke/dev/riot/RIOT/examples/hello-world/bin/iotlab-m3/cpu.a
LOAD /home/hauke/dev/riot/RIOT/examples/hello-world/bin/iotlab-m3/periph.a
LOAD /home/hauke/dev/riot/RIOT/examples/hello-world/bin/iotlab-m3/periph_common.a
LOAD /home/hauke/dev/riot/RIOT/examples/hello-world/bin/iotlab-m3/sys.a
LOAD /home/hauke/dev/riot/RIOT/examples/hello-world/bin/iotlab-m3/tsrb.a
LOAD /home/hauke/dev/riot/RIOT/examples/hello-world/bin/iotlab-m3/uart_stdio.a
LOAD /home/hauke/dev/riot/RIOT/examples/hello-world/bin/iotlab-m3/iotlab-m3_base.a
LOAD /home/hauke/dev/riot/RIOT/examples/hello-world/bin/iotlab-m3/hello-world.a
LOAD /home/hauke/tools/gcc-arm-none-eabi-4_8-2014q3/bin/../lib/gcc/arm-none-eabi/4.8.4/../../../../arm-none-eabi/lib/armv7-m/libm.a
END GROUP
LOAD /home/hauke/tools/gcc-arm-none-eabi-4_8-2014q3/bin/../lib/gcc/arm-none-eabi/4.8.4/armv7-m/libgcc.a
LOAD /home/hauke/tools/gcc-arm-none-eabi-4_8-2014q3/bin/../lib/gcc/arm-none-eabi/4.8.4/../../../../arm-none-eabi/lib/armv7-m/libc_s.a
LOAD /home/hauke/tools/gcc-arm-none-eabi-4_8-2014q3/bin/../lib/gcc/arm-none-eabi/4.8.4/../../../../arm-none-eabi/lib/armv7-m/libnosys.a
START GROUP
LOAD /home/hauke/tools/gcc-arm-none-eabi-4_8-2014q3/bin/../lib/gcc/arm-none-eabi/4.8.4/armv7-m/libgcc.a
LOAD /home/hauke/tools/gcc-arm-none-eabi-4_8-2014q3/bin/../lib/gcc/arm-none-eabi/4.8.4/../../../../arm-none-eabi/lib/armv7-m/libc_s.a
END GROUP
START GROUP
LOAD /home/hauke/tools/gcc-arm-none-eabi-4_8-2014q3/bin/../lib/gcc/arm-none-eabi/4.8.4/armv7-m/libgcc.a
LOAD /home/hauke/tools/gcc-arm-none-eabi-4_8-2014q3/bin/../lib/gcc/arm-none-eabi/4.8.4/../../../../arm-none-eabi/lib/armv7-m/libc_s.a
END GROUP

.text           0x08000000     0x1f3c
                0x08000000                . = ALIGN (0x4)
                0x08000000                _sfixed = .
 *(.vectors .vectors.*)
 .vectors       0x08000000      0x130 /home/hauke/dev/riot/RIOT/examples/hello-world/bin/iotlab-m3/cpu/vectors.o
                0x08000000                interrupt_vector
 *(.text .text.* .gnu.linkonce.t.*)
 .text._init    0x08000130        0x4 /home/hauke/dev/riot/RIOT/examples/hello-world/bin/iotlab-m3/newlib/syscalls.o
                0x08000130                _init
 .text._sbrk_r  0x08000134       0x3c /home/hauke/dev/riot/RIOT/examples/hello-world/bin/iotlab-m3/newlib/syscalls.o
                0x08000134                _sbrk_r
 .text._read_r  0x08000170        0x8 /home/hauke/dev/riot/RIOT/examples/hello-world/bin/iotlab-m3/newlib/syscalls.o
                0x08000170                _read_r
 .text._write_r
                0x08000178        0x8 /home/hauke/dev/riot/RIOT/examples/hello-world/bin/iotlab-m3/newlib/syscalls.o
                0x08000178                _write_r
 .text._close_r
                0x08000180        0xa /home/hauke/dev/riot/RIOT/examples/hello-world/bin/iotlab-m3/newlib/syscalls.o
                0x08000180                _close_r
 .text._lseek_r
                0x0800018a        0xa /home/hauke/dev/riot/RIOT/examples/hello-world/bin/iotlab-m3/newlib/syscalls.o
                0x0800018a                _lseek_r
 .text._fstat_r
                0x08000194        0xa /home/hauke/dev/riot/RIOT/examples/hello-world/bin/iotlab-m3/newlib/syscalls.o
                0x08000194                _fstat_r
 .text._isatty_r
                0x0800019e       0x10 /home/hauke/dev/riot/RIOT/examples/hello-world/bin/iotlab-m3/newlib/syscalls.o
                0x0800019e                _isatty_r
 .text.dummy_handler
                0x080001ae        0x4 /home/hauke/dev/riot/RIOT/examples/hello-world/bin/iotlab-m3/cpu/vectors.o
                0x080001ae                isr_pvd
                0x080001ae                isr_usb_lp_can1_rx0
                0x080001ae                isr_dma1_ch2
                0x080001ae                isr_tim7
                0x080001ae                isr_tim5
                0x080001ae                isr_i2c1_ev
                0x080001ae                isr_usart2
                0x080001ae                isr_dma1_ch7
                0x080001ae                isr_tim1_brk
                0x080001ae                isr_tim4
                0x080001ae                isr_adc3
                0x080001ae                isr_dma1_ch3
                0x080001ae                isr_can1_sce
                0x080001ae                isr_usb_wakeup
                0x080001ae                isr_usb_hp_can1_tx
                0x080001ae                isr_tim1_up
                0x080001ae                isr_dma2_ch3
                0x080001ae                isr_tim2
                0x080001ae                isr_sdio
                0x080001ae                isr_spi2
                0x080001ae                isr_tim1_trg_com
                0x080001ae                dummy_handler
                0x080001ae                isr_adc1_2
                0x080001ae                isr_can1_rx1
                0x080001ae                isr_dma1_ch1
                0x080001ae                isr_dma1_ch6
                0x080001ae                isr_fsmc
                0x080001ae                isr_spi1
                0x080001ae                isr_tim6
                0x080001ae                isr_rcc
                0x080001ae                isr_flash
                0x080001ae                isr_uart5
                0x080001ae                isr_rtc
                0x080001ae                isr_tim1_cc
                0x080001ae                isr_dma2_ch2
                0x080001ae                isr_uart4
                0x080001ae                isr_tim8_brk
                0x080001ae                isr_i2c2_er
                0x080001ae                isr_dma2_ch1
                0x080001ae                isr_spi3
                0x080001ae                isr_dma2_ch4_5
                0x080001ae                isr_tim3
                0x080001ae                isr_tim8_up
                0x080001ae                isr_usart3
                0x080001ae                isr_dma1_ch5
                0x080001ae                isr_tim8_cc
                0x080001ae                isr_dma1_ch4
                0x080001ae                isr_i2c2_ev
                0x080001ae                isr_rtc_alarm
                0x080001ae                isr_tamper
                0x080001ae                isr_tim8_trg_com
                0x080001ae                isr_systick
                0x080001ae                isr_i2c1_er
                0x080001ae                isr_wwdg
 *fill*         0x080001b2        0x2
 .text.sched_run
                0x080001b4       0x5c /home/hauke/dev/riot/RIOT/examples/hello-world/bin/iotlab-m3/core.a(sched.o)
                0x080001b4                sched_run
 .text.sched_set_status
                0x08000210       0x68 /home/hauke/dev/riot/RIOT/examples/hello-world/bin/iotlab-m3/core.a(sched.o)
                0x08000210                sched_set_status
 .text.sched_switch
                0x08000278       0x34 /home/hauke/dev/riot/RIOT/examples/hello-world/bin/iotlab-m3/core.a(sched.o)
                0x08000278                sched_switch
 .text.sched_task_exit
                0x080002ac       0x3c /home/hauke/dev/riot/RIOT/examples/hello-world/bin/iotlab-m3/core.a(sched.o)
                0x080002ac                sched_task_exit
 .text.bitarithm_lsb
                0x080002e8       0x10 /home/hauke/dev/riot/RIOT/examples/hello-world/bin/iotlab-m3/core.a(bitarithm.o)
                0x080002e8                bitarithm_lsb
 .text.clist_add
                0x080002f8       0x2a /home/hauke/dev/riot/RIOT/examples/hello-world/bin/iotlab-m3/core.a(clist.o)
                0x080002f8                clist_add
 .text.clist_remove
                0x08000322       0x1c /home/hauke/dev/riot/RIOT/examples/hello-world/bin/iotlab-m3/core.a(clist.o)
                0x08000322                clist_remove
 .text.irq_arch_disable
                0x0800033e        0x8 /home/hauke/dev/riot/RIOT/examples/hello-world/bin/iotlab-m3/cortexm_common.a(irq_arch.o)
                0x0800033e                irq_arch_disable
 .text.irq_arch_enable
                0x08000346        0x8 /home/hauke/dev/riot/RIOT/examples/hello-world/bin/iotlab-m3/cortexm_common.a(irq_arch.o)
                0x08000346                irq_arch_enable
 .text.irq_arch_restore
                0x0800034e        0x6 /home/hauke/dev/riot/RIOT/examples/hello-world/bin/iotlab-m3/cortexm_common.a(irq_arch.o)
                0x0800034e                irq_arch_restore
 .text.irq_arch_in
                0x08000354        0x8 /home/hauke/dev/riot/RIOT/examples/hello-world/bin/iotlab-m3/cortexm_common.a(irq_arch.o)
                0x08000354                irq_arch_in
 .text.thread_arch_stack_init
                0x0800035c       0x6c /home/hauke/dev/riot/RIOT/examples/hello-world/bin/iotlab-m3/cortexm_common.a(thread_arch.o)
                0x0800035c                thread_arch_stack_init
 .text.thread_arch_start_threading
                0x080003c8        0xa /home/hauke/dev/riot/RIOT/examples/hello-world/bin/iotlab-m3/cortexm_common.a(thread_arch.o)
                0x080003c8                thread_arch_start_threading
 *fill*         0x080003d2        0x2
 .text.thread_arch_yield
                0x080003d4       0x10 /home/hauke/dev/riot/RIOT/examples/hello-world/bin/iotlab-m3/cortexm_common.a(thread_arch.o)
                0x080003d4                thread_arch_yield
 .text.arch_context_switch
                0x080003e4       0x2c /home/hauke/dev/riot/RIOT/examples/hello-world/bin/iotlab-m3/cortexm_common.a(thread_arch.o)
                0x080003e4                isr_pendsv
                0x080003e4                arch_context_switch
                0x080003f6                isr_svc
 .text.pre_startup
                0x08000410        0x2 /home/hauke/dev/riot/RIOT/examples/hello-world/bin/iotlab-m3/cortexm_common.a(vectors_cortexm.o)
                0x08000410                pre_startup
 .text.post_startup
                0x08000412        0x2 /home/hauke/dev/riot/RIOT/examples/hello-world/bin/iotlab-m3/cortexm_common.a(vectors_cortexm.o)
                0x08000412                post_startup
 .text.reset_handler_default
                0x08000414       0x6c /home/hauke/dev/riot/RIOT/examples/hello-world/bin/iotlab-m3/cortexm_common.a(vectors_cortexm.o)
                0x08000414                reset_handler_default
 .text.nmi_default
                0x08000480       0x10 /home/hauke/dev/riot/RIOT/examples/hello-world/bin/iotlab-m3/cortexm_common.a(vectors_cortexm.o)
                0x08000480                nmi_default
 .text.hard_fault_default
                0x08000490       0x50 /home/hauke/dev/riot/RIOT/examples/hello-world/bin/iotlab-m3/cortexm_common.a(vectors_cortexm.o)
                0x08000490                hard_fault_default
 .text.hard_fault_handler
                0x080004e0      0x178 /home/hauke/dev/riot/RIOT/examples/hello-world/bin/iotlab-m3/cortexm_common.a(vectors_cortexm.o)
                0x080004e0                hard_fault_handler
 .text.mem_manage_default
                0x08000658       0x10 /home/hauke/dev/riot/RIOT/examples/hello-world/bin/iotlab-m3/cortexm_common.a(vectors_cortexm.o)
                0x08000658                mem_manage_default
 .text.bus_fault_default
                0x08000668       0x10 /home/hauke/dev/riot/RIOT/examples/hello-world/bin/iotlab-m3/cortexm_common.a(vectors_cortexm.o)
                0x08000668                bus_fault_default
 .text.usage_fault_default
                0x08000678       0x10 /home/hauke/dev/riot/RIOT/examples/hello-world/bin/iotlab-m3/cortexm_common.a(vectors_cortexm.o)
                0x08000678                usage_fault_default
 .text.debug_mon_default
                0x08000688       0x10 /home/hauke/dev/riot/RIOT/examples/hello-world/bin/iotlab-m3/cortexm_common.a(vectors_cortexm.o)
                0x08000688                debug_mon_default
 .text.dummy_handler_default
                0x08000698       0x10 /home/hauke/dev/riot/RIOT/examples/hello-world/bin/iotlab-m3/cortexm_common.a(vectors_cortexm.o)
                0x08000698                dummy_handler_default
 .text.uart_stdio_rx_cb
                0x080006a8       0x1c /home/hauke/dev/riot/RIOT/examples/hello-world/bin/iotlab-m3/uart_stdio.a(uart_stdio.o)
                0x080006a8                uart_stdio_rx_cb
 .text.uart_stdio_init
                0x080006c4       0x14 /home/hauke/dev/riot/RIOT/examples/hello-world/bin/iotlab-m3/uart_stdio.a(uart_stdio.o)
                0x080006c4                uart_stdio_init
 .text.uart_stdio_read
                0x080006d8       0x24 /home/hauke/dev/riot/RIOT/examples/hello-world/bin/iotlab-m3/uart_stdio.a(uart_stdio.o)
                0x080006d8                uart_stdio_read
 .text.uart_stdio_write
                0x080006fc       0x14 /home/hauke/dev/riot/RIOT/examples/hello-world/bin/iotlab-m3/uart_stdio.a(uart_stdio.o)
                0x080006fc                uart_stdio_write
 .text.board_init
                0x08000710       0x44 /home/hauke/dev/riot/RIOT/examples/hello-world/bin/iotlab-m3/iotlab-m3_base.a(board.o)
                0x08000710                board_init
 .text.main_trampoline
                0x08000754       0x18 /home/hauke/dev/riot/RIOT/examples/hello-world/bin/iotlab-m3/core.a(kernel_init.o)
 .text.idle_thread
                0x0800076c       0x14 /home/hauke/dev/riot/RIOT/examples/hello-world/bin/iotlab-m3/core.a(kernel_init.o)
 .text.kernel_init
                0x08000780       0x58 /home/hauke/dev/riot/RIOT/examples/hello-world/bin/iotlab-m3/core.a(kernel_init.o)
                0x08000780                kernel_init
 .text.atomic_set_to_one
                0x080007d8       0x1c /home/hauke/dev/riot/RIOT/examples/hello-world/bin/iotlab-m3/core.a(mutex.o)
 .text.mutex_lock
                0x080007f4       0x58 /home/hauke/dev/riot/RIOT/examples/hello-world/bin/iotlab-m3/core.a(mutex.o)
                0x080007f4                mutex_lock
 .text.mutex_unlock
                0x0800084c       0x3e /home/hauke/dev/riot/RIOT/examples/hello-world/bin/iotlab-m3/core.a(mutex.o)
                0x0800084c                mutex_unlock
 *fill*         0x0800088a        0x2
 .text.core_panic
                0x0800088c       0x44 /home/hauke/dev/riot/RIOT/examples/hello-world/bin/iotlab-m3/core.a(panic.o)
                0x0800088c                core_panic
 .text.priority_queue_remove_head
                0x080008d0        0xc /home/hauke/dev/riot/RIOT/examples/hello-world/bin/iotlab-m3/core.a(priority_queue.o)
                0x080008d0                priority_queue_remove_head
 .text.priority_queue_add
                0x080008dc       0x1e /home/hauke/dev/riot/RIOT/examples/hello-world/bin/iotlab-m3/core.a(priority_queue.o)
                0x080008dc                priority_queue_add
 *fill*         0x080008fa        0x2
 .text.thread_yield
                0x080008fc       0x34 /home/hauke/dev/riot/RIOT/examples/hello-world/bin/iotlab-m3/core.a(thread.o)
                0x080008fc                thread_yield
 .text.thread_create
                0x08000930       0xf8 /home/hauke/dev/riot/RIOT/examples/hello-world/bin/iotlab-m3/core.a(thread.o)
                0x08000930                thread_create
 .text.atomic_cas
                0x08000a28       0x1e /home/hauke/dev/riot/RIOT/examples/hello-world/bin/iotlab-m3/cortexm_common.a(atomic_arch.o)
                0x08000a28                atomic_cas
 .text.panic_arch
                0x08000a46        0xc /home/hauke/dev/riot/RIOT/examples/hello-world/bin/iotlab-m3/cortexm_common.a(panic.o)
                0x08000a46                panic_arch
 *fill*         0x08000a52        0x2
 .text.cpu_init
                0x08000a54       0xbc /home/hauke/dev/riot/RIOT/examples/hello-world/bin/iotlab-m3/cpu.a(cpu.o)
                0x08000a54                cpu_init
 .text.lpm_arch_set
                0x08000b10        0x4 /home/hauke/dev/riot/RIOT/examples/hello-world/bin/iotlab-m3/cpu.a(lpm_arch.o)
                0x08000b10                lpm_arch_set
 .text.uart_init
                0x08000b14       0x98 /home/hauke/dev/riot/RIOT/examples/hello-world/bin/iotlab-m3/periph.a(uart.o)
                0x08000b14                uart_init
 .text.uart_write
                0x08000bac       0x20 /home/hauke/dev/riot/RIOT/examples/hello-world/bin/iotlab-m3/periph.a(uart.o)
                0x08000bac                uart_write
 .text.isr_usart1
                0x08000bcc       0x3c /home/hauke/dev/riot/RIOT/examples/hello-world/bin/iotlab-m3/periph.a(uart.o)
                0x08000bcc                isr_usart1
 .text.gpio_init
                0x08000c08       0x94 /home/hauke/dev/riot/RIOT/examples/hello-world/bin/iotlab-m3/periph.a(gpio.o)
                0x08000c08                gpio_init
 .text.gpio_init_af
                0x08000c9c       0x48 /home/hauke/dev/riot/RIOT/examples/hello-world/bin/iotlab-m3/periph.a(gpio.o)
                0x08000c9c                gpio_init_af
 .text.isr_exti
                0x08000ce4       0x44 /home/hauke/dev/riot/RIOT/examples/hello-world/bin/iotlab-m3/periph.a(gpio.o)
                0x08000ce4                isr_exti
 .text.tsrb_get
                0x08000d28       0x2a /home/hauke/dev/riot/RIOT/examples/hello-world/bin/iotlab-m3/tsrb.a(tsrb.o)
                0x08000d28                tsrb_get
 .text.tsrb_add_one
                0x08000d52       0x26 /home/hauke/dev/riot/RIOT/examples/hello-world/bin/iotlab-m3/tsrb.a(tsrb.o)
                0x08000d52                tsrb_add_one
 .text.startup.main
                0x08000d78       0x30 /home/hauke/dev/riot/RIOT/examples/hello-world/bin/iotlab-m3/hello-world.a(main.o)
                0x08000d78                main
 .text.auto_init
                0x08000da8        0x2 /home/hauke/dev/riot/RIOT/examples/hello-world/bin/iotlab-m3/auto_init.a(auto_init.o)
                0x08000da8                auto_init
 *fill*         0x08000daa        0x2
 .text.cortexm_init
                0x08000dac       0x2c /home/hauke/dev/riot/RIOT/examples/hello-world/bin/iotlab-m3/cortexm_common.a(cortexm_init.o)
                0x08000dac                cortexm_init
 .text.__libc_init_array
                0x08000dd8       0x4c /home/hauke/tools/gcc-arm-none-eabi-4_8-2014q3/bin/../lib/gcc/arm-none-eabi/4.8.4/../../../../arm-none-eabi/lib/armv7-m/libc_s.a(lib_a-init.o)
                0x08000dd8                __libc_init_array
 .text.printf   0x08000e24       0x30 /home/hauke/tools/gcc-arm-none-eabi-4_8-2014q3/bin/../lib/gcc/arm-none-eabi/4.8.4/../../../../arm-none-eabi/lib/armv7-m/libc_s.a(lib_a-printf.o)
                0x08000e24                printf
                0x08000e24                iprintf
 .text._puts_r  0x08000e54       0xc0 /home/hauke/tools/gcc-arm-none-eabi-4_8-2014q3/bin/../lib/gcc/arm-none-eabi/4.8.4/../../../../arm-none-eabi/lib/armv7-m/libc_s.a(lib_a-puts.o)
                0x08000e54                _puts_r
 .text.puts     0x08000f14       0x10 /home/hauke/tools/gcc-arm-none-eabi-4_8-2014q3/bin/../lib/gcc/arm-none-eabi/4.8.4/../../../../arm-none-eabi/lib/armv7-m/libc_s.a(lib_a-puts.o)
                0x08000f14                puts
 .text.__sfputc_r
                0x08000f24       0x2c /home/hauke/tools/gcc-arm-none-eabi-4_8-2014q3/bin/../lib/gcc/arm-none-eabi/4.8.4/../../../../arm-none-eabi/lib/armv7-m/libc_s.a(lib_a-vfprintf.o)
 .text.__sfputs_r
                0x08000f50       0x24 /home/hauke/tools/gcc-arm-none-eabi-4_8-2014q3/bin/../lib/gcc/arm-none-eabi/4.8.4/../../../../arm-none-eabi/lib/armv7-m/libc_s.a(lib_a-vfprintf.o)
                0x08000f50                __sfputs_r
 .text._vfprintf_r
                0x08000f74      0x208 /home/hauke/tools/gcc-arm-none-eabi-4_8-2014q3/bin/../lib/gcc/arm-none-eabi/4.8.4/../../../../arm-none-eabi/lib/armv7-m/libc_s.a(lib_a-vfprintf.o)
                0x08000f74                _vfiprintf_r
                0x08000f74                _vfprintf_r
 .text._printf_common
                0x0800117c       0xe4 /home/hauke/tools/gcc-arm-none-eabi-4_8-2014q3/bin/../lib/gcc/arm-none-eabi/4.8.4/../../../../arm-none-eabi/lib/armv7-m/libc_s.a(lib_a-vfprintf_i.o)
                0x0800117c                _printf_common
 .text._printf_i
                0x08001260      0x228 /home/hauke/tools/gcc-arm-none-eabi-4_8-2014q3/bin/../lib/gcc/arm-none-eabi/4.8.4/../../../../arm-none-eabi/lib/armv7-m/libc_s.a(lib_a-vfprintf_i.o)
                0x08001260                _printf_i
 .text.__swbuf_r
                0x08001488       0xa8 /home/hauke/tools/gcc-arm-none-eabi-4_8-2014q3/bin/../lib/gcc/arm-none-eabi/4.8.4/../../../../arm-none-eabi/lib/armv7-m/libc_s.a(lib_a-wbuf.o)
                0x08001488                __swbuf_r
 .text.__swsetup_r
                0x08001530       0xdc /home/hauke/tools/gcc-arm-none-eabi-4_8-2014q3/bin/../lib/gcc/arm-none-eabi/4.8.4/../../../../arm-none-eabi/lib/armv7-m/libc_s.a(lib_a-wsetup.o)
                0x08001530                __swsetup_r
 .text.__sflush_r
                0x0800160c      0x106 /home/hauke/tools/gcc-arm-none-eabi-4_8-2014q3/bin/../lib/gcc/arm-none-eabi/4.8.4/../../../../arm-none-eabi/lib/armv7-m/libc_s.a(lib_a-fflush.o)
                0x0800160c                __sflush_r
 *fill*         0x08001712        0x2
 .text._fflush_r
                0x08001714       0x54 /home/hauke/tools/gcc-arm-none-eabi-4_8-2014q3/bin/../lib/gcc/arm-none-eabi/4.8.4/../../../../arm-none-eabi/lib/armv7-m/libc_s.a(lib_a-fflush.o)
                0x08001714                _fflush_r
 .text._cleanup_r
                0x08001768       0x32 /home/hauke/tools/gcc-arm-none-eabi-4_8-2014q3/bin/../lib/gcc/arm-none-eabi/4.8.4/../../../../arm-none-eabi/lib/armv7-m/libc_s.a(lib_a-findfp.o)
                0x08001768                _cleanup_r
 *fill*         0x0800179a        0x2
 .text.std.isra.0
                0x0800179c       0x48 /home/hauke/tools/gcc-arm-none-eabi-4_8-2014q3/bin/../lib/gcc/arm-none-eabi/4.8.4/../../../../arm-none-eabi/lib/armv7-m/libc_s.a(lib_a-findfp.o)
 .text.__sfmoreglue
                0x080017e4       0x2c /home/hauke/tools/gcc-arm-none-eabi-4_8-2014q3/bin/../lib/gcc/arm-none-eabi/4.8.4/../../../../arm-none-eabi/lib/armv7-m/libc_s.a(lib_a-findfp.o)
                0x080017e4                __sfmoreglue
 .text.__sinit  0x08001810       0x60 /home/hauke/tools/gcc-arm-none-eabi-4_8-2014q3/bin/../lib/gcc/arm-none-eabi/4.8.4/../../../../arm-none-eabi/lib/armv7-m/libc_s.a(lib_a-findfp.o)
                0x08001810                __sinit
 .text.__sfp    0x08001870       0x74 /home/hauke/tools/gcc-arm-none-eabi-4_8-2014q3/bin/../lib/gcc/arm-none-eabi/4.8.4/../../../../arm-none-eabi/lib/armv7-m/libc_s.a(lib_a-findfp.o)
                0x08001870                __sfp
 .text.__smakebuf_r
                0x080018e4       0x98 /home/hauke/tools/gcc-arm-none-eabi-4_8-2014q3/bin/../lib/gcc/arm-none-eabi/4.8.4/../../../../arm-none-eabi/lib/armv7-m/libc_s.a(lib_a-makebuf.o)
                0x080018e4                __smakebuf_r
 .text.memchr   0x0800197c       0x1c /home/hauke/tools/gcc-arm-none-eabi-4_8-2014q3/bin/../lib/gcc/arm-none-eabi/4.8.4/../../../../arm-none-eabi/lib/armv7-m/libc_s.a(lib_a-memchr-stub.o)
                0x0800197c                memchr
 .text.memset   0x08001998       0x10 /home/hauke/tools/gcc-arm-none-eabi-4_8-2014q3/bin/../lib/gcc/arm-none-eabi/4.8.4/../../../../arm-none-eabi/lib/armv7-m/libc_s.a(lib_a-memset.o)
                0x08001998                memset
 .text._free_r  0x080019a8       0x88 /home/hauke/tools/gcc-arm-none-eabi-4_8-2014q3/bin/../lib/gcc/arm-none-eabi/4.8.4/../../../../arm-none-eabi/lib/armv7-m/libc_s.a(lib_a-nano-freer.o)
                0x080019a8                _free_r
 .text._malloc_r
                0x08001a30       0xa8 /home/hauke/tools/gcc-arm-none-eabi-4_8-2014q3/bin/../lib/gcc/arm-none-eabi/4.8.4/../../../../arm-none-eabi/lib/armv7-m/libc_s.a(lib_a-nano-mallocr.o)
                0x08001a30                _malloc_r
 .text.__sread  0x08001ad8       0x22 /home/hauke/tools/gcc-arm-none-eabi-4_8-2014q3/bin/../lib/gcc/arm-none-eabi/4.8.4/../../../../arm-none-eabi/lib/armv7-m/libc_s.a(lib_a-stdio.o)
                0x08001ad8                __sread
 .text.__swrite
                0x08001afa       0x38 /home/hauke/tools/gcc-arm-none-eabi-4_8-2014q3/bin/../lib/gcc/arm-none-eabi/4.8.4/../../../../arm-none-eabi/lib/armv7-m/libc_s.a(lib_a-stdio.o)
                0x08001afa                __swrite
 .text.__sseek  0x08001b32       0x24 /home/hauke/tools/gcc-arm-none-eabi-4_8-2014q3/bin/../lib/gcc/arm-none-eabi/4.8.4/../../../../arm-none-eabi/lib/armv7-m/libc_s.a(lib_a-stdio.o)
                0x08001b32                __sseek
 .text.__sclose
                0x08001b56        0x8 /home/hauke/tools/gcc-arm-none-eabi-4_8-2014q3/bin/../lib/gcc/arm-none-eabi/4.8.4/../../../../arm-none-eabi/lib/armv7-m/libc_s.a(lib_a-stdio.o)
                0x08001b56                __sclose
 .text.strlen   0x08001b5e       0x10 /home/hauke/tools/gcc-arm-none-eabi-4_8-2014q3/bin/../lib/gcc/arm-none-eabi/4.8.4/../../../../arm-none-eabi/lib/armv7-m/libc_s.a(lib_a-strlen.o)
                0x08001b5e                strlen
 *(.glue_7t)
 .glue_7t       0x00000000        0x0 linker stubs
 *(.glue_7)
 .glue_7        0x00000000        0x0 linker stubs
 *(.rodata .rodata* .gnu.linkonce.r.*)
 .rodata.str1.1
                0x08001b6e      0x259 /home/hauke/dev/riot/RIOT/examples/hello-world/bin/iotlab-m3/cortexm_common.a(vectors_cortexm.o)
 .rodata.str1.1
                0x08001dc7       0x4a /home/hauke/dev/riot/RIOT/examples/hello-world/bin/iotlab-m3/core.a(kernel_init.o)
 .rodata.str1.1
                0x08001e11       0x27 /home/hauke/dev/riot/RIOT/examples/hello-world/bin/iotlab-m3/core.a(panic.o)
 .rodata.str1.1
                0x08001e38       0x69 /home/hauke/dev/riot/RIOT/examples/hello-world/bin/iotlab-m3/hello-world.a(main.o)
 .rodata.str1.1
                0x08001ea1        0x2 /home/hauke/tools/gcc-arm-none-eabi-4_8-2014q3/bin/../lib/gcc/arm-none-eabi/4.8.4/../../../../arm-none-eabi/lib/armv7-m/libc_s.a(lib_a-impure.o)
 *fill*         0x08001ea3        0x1
 .rodata._global_impure_ptr
                0x08001ea4        0x4 /home/hauke/tools/gcc-arm-none-eabi-4_8-2014q3/bin/../lib/gcc/arm-none-eabi/4.8.4/../../../../arm-none-eabi/lib/armv7-m/libc_s.a(lib_a-impure.o)
                0x08001ea4                _global_impure_ptr
 .rodata.str1.1
                0x08001ea8       0x11 /home/hauke/tools/gcc-arm-none-eabi-4_8-2014q3/bin/../lib/gcc/arm-none-eabi/4.8.4/../../../../arm-none-eabi/lib/armv7-m/libc_s.a(lib_a-vfprintf.o)
 .rodata.str1.1
                0x08001eb9       0x22 /home/hauke/tools/gcc-arm-none-eabi-4_8-2014q3/bin/../lib/gcc/arm-none-eabi/4.8.4/../../../../arm-none-eabi/lib/armv7-m/libc_s.a(lib_a-vfprintf_i.o)
 *fill*         0x08001edb        0x1
 .rodata.__sf_fake_stdin
                0x08001edc       0x20 /home/hauke/tools/gcc-arm-none-eabi-4_8-2014q3/bin/../lib/gcc/arm-none-eabi/4.8.4/../../../../arm-none-eabi/lib/armv7-m/libc_s.a(lib_a-findfp.o)
                0x08001edc                __sf_fake_stdin
 .rodata.__sf_fake_stdout
                0x08001efc       0x20 /home/hauke/tools/gcc-arm-none-eabi-4_8-2014q3/bin/../lib/gcc/arm-none-eabi/4.8.4/../../../../arm-none-eabi/lib/armv7-m/libc_s.a(lib_a-findfp.o)
                0x08001efc                __sf_fake_stdout
 .rodata.__sf_fake_stderr
                0x08001f1c       0x20 /home/hauke/tools/gcc-arm-none-eabi-4_8-2014q3/bin/../lib/gcc/arm-none-eabi/4.8.4/../../../../arm-none-eabi/lib/armv7-m/libc_s.a(lib_a-findfp.o)
                0x08001f1c                __sf_fake_stderr
 *(.ARM.extab* .gnu.linkonce.armextab.*)
                0x08001f3c                . = ALIGN (0x4)
 *(.init)
                0x08001f3c                . = ALIGN (0x4)
                0x08001f3c                __preinit_array_start = .
 *(.preinit_array)
                0x08001f3c                __preinit_array_end = .
                0x08001f3c                . = ALIGN (0x4)
                0x08001f3c                __init_array_start = .
 *(SORT(.init_array.*))
 *(.init_array)
                0x08001f3c                __init_array_end = .
                0x08001f3c                . = ALIGN (0x4)
 *crtbegin.o(.ctors)
 *(EXCLUDE_FILE(*crtend.o) .ctors)
 *(SORT(.ctors.*))
 *crtend.o(.ctors)
                0x08001f3c                . = ALIGN (0x4)
 *(.fini)
                0x08001f3c                . = ALIGN (0x4)
                0x08001f3c                __fini_array_start = .
 *(.fini_array)
 *(SORT(.fini_array.*))
                0x08001f3c                __fini_array_end = .
 *crtbegin.o(.dtors)
 *(EXCLUDE_FILE(*crtend.o) .dtors)
 *(SORT(.dtors.*))
 *crtend.o(.dtors)
                0x08001f3c                . = ALIGN (0x4)
                0x08001f3c                _efixed = .
                0x08001f3c                PROVIDE (__exidx_start, .)

.vfp11_veneer   0x08001f3c        0x0
 .vfp11_veneer  0x00000000        0x0 linker stubs

.v4_bx          0x08001f3c        0x0
 .v4_bx         0x00000000        0x0 linker stubs

.iplt           0x08001f3c        0x0
 .iplt          0x00000000        0x0 /home/hauke/dev/riot/RIOT/examples/hello-world/bin/iotlab-m3/newlib/syscalls.o

.igot.plt       0x08001f3c        0x0
 .igot.plt      0x00000000        0x0 /home/hauke/dev/riot/RIOT/examples/hello-world/bin/iotlab-m3/newlib/syscalls.o

.rel.dyn        0x08001f3c        0x0
 .rel.iplt      0x00000000        0x0 /home/hauke/dev/riot/RIOT/examples/hello-world/bin/iotlab-m3/newlib/syscalls.o

.ARM.exidx
 *(.ARM.exidx* .gnu.linkonce.armexidx.*)
                0x08001f3c                PROVIDE (__exidx_end, .)
                0x08001f3c                . = ALIGN (0x4)

.eh_frame
 *(.eh_frame)
                0x08001f3c                . = ALIGN (0x4)
                0x08001f3c                _etext = .

.relocate       0x20000000       0x80 load address 0x08001f3c
                0x20000000                . = ALIGN (0x4)
                0x20000000                _srelocate = .
 *(.ramfunc .ramfunc.*)
 *(.data .data.*)
 .data.heap_top
                0x20000000        0x4 /home/hauke/dev/riot/RIOT/examples/hello-world/bin/iotlab-m3/newlib/syscalls.o
                0x20000000                heap_top
 .data._rx_buf  0x20000004       0x10 /home/hauke/dev/riot/RIOT/examples/hello-world/bin/iotlab-m3/uart_stdio.a(uart_stdio.o)
 .data.idle_name
                0x20000014        0x4 /home/hauke/dev/riot/RIOT/examples/hello-world/bin/iotlab-m3/core.a(kernel_init.o)
                0x20000014                idle_name
 .data.main_name
                0x20000018        0x4 /home/hauke/dev/riot/RIOT/examples/hello-world/bin/iotlab-m3/core.a(kernel_init.o)
                0x20000018                main_name
 .data.impure_data
                0x2000001c       0x60 /home/hauke/tools/gcc-arm-none-eabi-4_8-2014q3/bin/../lib/gcc/arm-none-eabi/4.8.4/../../../../arm-none-eabi/lib/armv7-m/libc_s.a(lib_a-impure.o)
 .data._impure_ptr
                0x2000007c        0x4 /home/hauke/tools/gcc-arm-none-eabi-4_8-2014q3/bin/../lib/gcc/arm-none-eabi/4.8.4/../../../../arm-none-eabi/lib/armv7-m/libc_s.a(lib_a-impure.o)
                0x2000007c                _impure_ptr
                0x20000080                . = ALIGN (0x4)
                0x20000080                _erelocate = .

.bss            0x20000080      0x8b8 load address 0x08001fbc
                0x20000080                . = ALIGN (0x4)
                0x20000080                _sbss = .
                0x20000080                _szero = .
 *(.bss .bss.*)
 .bss.sched_context_switch_request
                0x20000080        0x4 /home/hauke/dev/riot/RIOT/examples/hello-world/bin/iotlab-m3/core.a(sched.o)
                0x20000080                sched_context_switch_request
 .bss.sched_threads
                0x20000084       0x84 /home/hauke/dev/riot/RIOT/examples/hello-world/bin/iotlab-m3/core.a(sched.o)
                0x20000084                sched_threads
 .bss.sched_active_pid
                0x20000108        0x2 /home/hauke/dev/riot/RIOT/examples/hello-world/bin/iotlab-m3/core.a(sched.o)
                0x20000108                sched_active_pid
 *fill*         0x2000010a        0x2
 .bss.sched_active_thread
                0x2000010c        0x4 /home/hauke/dev/riot/RIOT/examples/hello-world/bin/iotlab-m3/core.a(sched.o)
                0x2000010c                sched_active_thread
 .bss.sched_runqueues
                0x20000110       0x40 /home/hauke/dev/riot/RIOT/examples/hello-world/bin/iotlab-m3/core.a(sched.o)
                0x20000110                sched_runqueues
 .bss.sched_num_threads
                0x20000150        0x4 /home/hauke/dev/riot/RIOT/examples/hello-world/bin/iotlab-m3/core.a(sched.o)
                0x20000150                sched_num_threads
 .bss.runqueue_bitcache
                0x20000154        0x4 /home/hauke/dev/riot/RIOT/examples/hello-world/bin/iotlab-m3/core.a(sched.o)
 .bss._rx_buf_mem
                0x20000158       0x40 /home/hauke/dev/riot/RIOT/examples/hello-world/bin/iotlab-m3/uart_stdio.a(uart_stdio.o)
 .bss._rx_mutex
                0x20000198        0x8 /home/hauke/dev/riot/RIOT/examples/hello-world/bin/iotlab-m3/uart_stdio.a(uart_stdio.o)
 .bss.idle_stack
                0x200001a0      0x100 /home/hauke/dev/riot/RIOT/examples/hello-world/bin/iotlab-m3/core.a(kernel_init.o)
 .bss.main_stack
                0x200002a0      0x600 /home/hauke/dev/riot/RIOT/examples/hello-world/bin/iotlab-m3/core.a(kernel_init.o)
 .bss.lpm_prevent_sleep
                0x200008a0        0x4 /home/hauke/dev/riot/RIOT/examples/hello-world/bin/iotlab-m3/core.a(kernel_init.o)
                0x200008a0                lpm_prevent_sleep
 .bss.crashed   0x200008a4        0x4 /home/hauke/dev/riot/RIOT/examples/hello-world/bin/iotlab-m3/core.a(panic.o)
 .bss.config    0x200008a8        0x8 /home/hauke/dev/riot/RIOT/examples/hello-world/bin/iotlab-m3/periph.a(uart.o)
 .bss.exti_ctx  0x200008b0       0x80 /home/hauke/dev/riot/RIOT/examples/hello-world/bin/iotlab-m3/periph.a(gpio.o)
 .bss.__malloc_sbrk_start
                0x20000930        0x4 /home/hauke/tools/gcc-arm-none-eabi-4_8-2014q3/bin/../lib/gcc/arm-none-eabi/4.8.4/../../../../arm-none-eabi/lib/armv7-m/libc_s.a(lib_a-nano-mallocr.o)
                0x20000930                __malloc_sbrk_start
 .bss.__malloc_free_list
                0x20000934        0x4 /home/hauke/tools/gcc-arm-none-eabi-4_8-2014q3/bin/../lib/gcc/arm-none-eabi/4.8.4/../../../../arm-none-eabi/lib/armv7-m/libc_s.a(lib_a-nano-mallocr.o)
                0x20000934                __malloc_free_list
 *(COMMON)
                0x20000938                . = ALIGN (0x4)
                0x20000938                _ebss = .
                0x20000938                _ezero = .

.stack          0x20000938      0x200 load address 0x08002874
                0x20000938                . = ALIGN (0x8)
                0x20000938                _sstack = .
 *(.isr_stack)
 .isr_stack     0x20000938      0x200 /home/hauke/dev/riot/RIOT/examples/hello-world/bin/iotlab-m3/cortexm_common.a(vectors_cortexm.o)
                0x20000938                isr_stack
                0x20000b38                . = ALIGN (0x8)
                0x20000b38                _estack = .
                0x20000b38                . = ALIGN (0x4)
                0x20000b38                _sheap = .
                0x20010000                _eheap = (ORIGIN (ram) + 0x10000)
                0x20000000                _sram = ORIGIN (ram)
                0x20010000                _eram = (ORIGIN (ram) + 0x10000)
OUTPUT(/home/hauke/dev/riot/RIOT/examples/hello-world/bin/iotlab-m3/hello-world.elf elf32-littlearm)

.debug_info     0x00000000     0x6fdb
 .debug_info    0x00000000      0xf33 /home/hauke/dev/riot/RIOT/examples/hello-world/bin/iotlab-m3/newlib/syscalls.o
 .debug_info    0x00000f33       0xe2 /home/hauke/dev/riot/RIOT/examples/hello-world/bin/iotlab-m3/cpu/vectors.o
 .debug_info    0x00001015      0x57d /home/hauke/dev/riot/RIOT/examples/hello-world/bin/iotlab-m3/core.a(sched.o)
 .debug_info    0x00001592      0x116 /home/hauke/dev/riot/RIOT/examples/hello-world/bin/iotlab-m3/core.a(bitarithm.o)
 .debug_info    0x000016a8      0x11c /home/hauke/dev/riot/RIOT/examples/hello-world/bin/iotlab-m3/core.a(clist.o)
 .debug_info    0x000017c4      0x23b /home/hauke/dev/riot/RIOT/examples/hello-world/bin/iotlab-m3/cortexm_common.a(irq_arch.o)
 .debug_info    0x000019ff      0x67b /home/hauke/dev/riot/RIOT/examples/hello-world/bin/iotlab-m3/cortexm_common.a(thread_arch.o)
 .debug_info    0x0000207a      0x8f4 /home/hauke/dev/riot/RIOT/examples/hello-world/bin/iotlab-m3/cortexm_common.a(vectors_cortexm.o)
 .debug_info    0x0000296e      0x4ed /home/hauke/dev/riot/RIOT/examples/hello-world/bin/iotlab-m3/uart_stdio.a(uart_stdio.o)
 .debug_info    0x00002e5b      0x20c /home/hauke/dev/riot/RIOT/examples/hello-world/bin/iotlab-m3/iotlab-m3_base.a(board.o)
 .debug_info    0x00003067      0x388 /home/hauke/dev/riot/RIOT/examples/hello-world/bin/iotlab-m3/core.a(kernel_init.o)
 .debug_info    0x000033ef      0x712 /home/hauke/dev/riot/RIOT/examples/hello-world/bin/iotlab-m3/core.a(mutex.o)
 .debug_info    0x00003b01      0x272 /home/hauke/dev/riot/RIOT/examples/hello-world/bin/iotlab-m3/core.a(panic.o)
 .debug_info    0x00003d73      0x216 /home/hauke/dev/riot/RIOT/examples/hello-world/bin/iotlab-m3/core.a(priority_queue.o)
 .debug_info    0x00003f89      0x8d7 /home/hauke/dev/riot/RIOT/examples/hello-world/bin/iotlab-m3/core.a(thread.o)
 .debug_info    0x00004860      0x22d /home/hauke/dev/riot/RIOT/examples/hello-world/bin/iotlab-m3/cortexm_common.a(atomic_arch.o)
 .debug_info    0x00004a8d      0x10c /home/hauke/dev/riot/RIOT/examples/hello-world/bin/iotlab-m3/cortexm_common.a(panic.o)
 .debug_info    0x00004b99      0x232 /home/hauke/dev/riot/RIOT/examples/hello-world/bin/iotlab-m3/cpu.a(cpu.o)
 .debug_info    0x00004dcb       0xd9 /home/hauke/dev/riot/RIOT/examples/hello-world/bin/iotlab-m3/cpu.a(lpm_arch.o)
 .debug_info    0x00004ea4      0x99f /home/hauke/dev/riot/RIOT/examples/hello-world/bin/iotlab-m3/periph.a(uart.o)
 .debug_info    0x00005843      0xc03 /home/hauke/dev/riot/RIOT/examples/hello-world/bin/iotlab-m3/periph.a(gpio.o)
 .debug_info    0x00006446      0x392 /home/hauke/dev/riot/RIOT/examples/hello-world/bin/iotlab-m3/tsrb.a(tsrb.o)
 .debug_info    0x000067d8      0x11d /home/hauke/dev/riot/RIOT/examples/hello-world/bin/iotlab-m3/hello-world.a(main.o)
 .debug_info    0x000068f5       0xe7 /home/hauke/dev/riot/RIOT/examples/hello-world/bin/iotlab-m3/auto_init.a(auto_init.o)
 .debug_info    0x000069dc      0x5ff /home/hauke/dev/riot/RIOT/examples/hello-world/bin/iotlab-m3/cortexm_common.a(cortexm_init.o)

.debug_abbrev   0x00000000     0x2719
 .debug_abbrev  0x00000000      0x34d /home/hauke/dev/riot/RIOT/examples/hello-world/bin/iotlab-m3/newlib/syscalls.o
 .debug_abbrev  0x0000034d       0xb3 /home/hauke/dev/riot/RIOT/examples/hello-world/bin/iotlab-m3/cpu/vectors.o
 .debug_abbrev  0x00000400      0x1fa /home/hauke/dev/riot/RIOT/examples/hello-world/bin/iotlab-m3/core.a(sched.o)
 .debug_abbrev  0x000005fa       0x81 /home/hauke/dev/riot/RIOT/examples/hello-world/bin/iotlab-m3/core.a(bitarithm.o)
 .debug_abbrev  0x0000067b       0xa2 /home/hauke/dev/riot/RIOT/examples/hello-world/bin/iotlab-m3/core.a(clist.o)
 .debug_abbrev  0x0000071d      0x14b /home/hauke/dev/riot/RIOT/examples/hello-world/bin/iotlab-m3/cortexm_common.a(irq_arch.o)
 .debug_abbrev  0x00000868      0x25b /home/hauke/dev/riot/RIOT/examples/hello-world/bin/iotlab-m3/cortexm_common.a(thread_arch.o)
 .debug_abbrev  0x00000ac3      0x288 /home/hauke/dev/riot/RIOT/examples/hello-world/bin/iotlab-m3/cortexm_common.a(vectors_cortexm.o)
 .debug_abbrev  0x00000d4b      0x1b0 /home/hauke/dev/riot/RIOT/examples/hello-world/bin/iotlab-m3/uart_stdio.a(uart_stdio.o)
 .debug_abbrev  0x00000efb       0xf0 /home/hauke/dev/riot/RIOT/examples/hello-world/bin/iotlab-m3/iotlab-m3_base.a(board.o)
 .debug_abbrev  0x00000feb      0x19c /home/hauke/dev/riot/RIOT/examples/hello-world/bin/iotlab-m3/core.a(kernel_init.o)
 .debug_abbrev  0x00001187      0x28e /home/hauke/dev/riot/RIOT/examples/hello-world/bin/iotlab-m3/core.a(mutex.o)
 .debug_abbrev  0x00001415      0x186 /home/hauke/dev/riot/RIOT/examples/hello-world/bin/iotlab-m3/core.a(panic.o)
 .debug_abbrev  0x0000159b       0xfc /home/hauke/dev/riot/RIOT/examples/hello-world/bin/iotlab-m3/core.a(priority_queue.o)
 .debug_abbrev  0x00001697      0x2cb /home/hauke/dev/riot/RIOT/examples/hello-world/bin/iotlab-m3/core.a(thread.o)
 .debug_abbrev  0x00001962      0x169 /home/hauke/dev/riot/RIOT/examples/hello-world/bin/iotlab-m3/cortexm_common.a(atomic_arch.o)
 .debug_abbrev  0x00001acb       0xb5 /home/hauke/dev/riot/RIOT/examples/hello-world/bin/iotlab-m3/cortexm_common.a(panic.o)
 .debug_abbrev  0x00001b80       0xde /home/hauke/dev/riot/RIOT/examples/hello-world/bin/iotlab-m3/cpu.a(cpu.o)
 .debug_abbrev  0x00001c5e       0x8a /home/hauke/dev/riot/RIOT/examples/hello-world/bin/iotlab-m3/cpu.a(lpm_arch.o)
 .debug_abbrev  0x00001ce8      0x356 /home/hauke/dev/riot/RIOT/examples/hello-world/bin/iotlab-m3/periph.a(uart.o)
 .debug_abbrev  0x0000203e      0x2d5 /home/hauke/dev/riot/RIOT/examples/hello-world/bin/iotlab-m3/periph.a(gpio.o)
 .debug_abbrev  0x00002313      0x160 /home/hauke/dev/riot/RIOT/examples/hello-world/bin/iotlab-m3/tsrb.a(tsrb.o)
 .debug_abbrev  0x00002473       0xb1 /home/hauke/dev/riot/RIOT/examples/hello-world/bin/iotlab-m3/hello-world.a(main.o)
 .debug_abbrev  0x00002524       0x7b /home/hauke/dev/riot/RIOT/examples/hello-world/bin/iotlab-m3/auto_init.a(auto_init.o)
 .debug_abbrev  0x0000259f      0x17a /home/hauke/dev/riot/RIOT/examples/hello-world/bin/iotlab-m3/cortexm_common.a(cortexm_init.o)

.debug_loc      0x00000000     0x1dd1
 .debug_loc     0x00000000      0x353 /home/hauke/dev/riot/RIOT/examples/hello-world/bin/iotlab-m3/newlib/syscalls.o
 .debug_loc     0x00000353      0x1d9 /home/hauke/dev/riot/RIOT/examples/hello-world/bin/iotlab-m3/core.a(sched.o)
 .debug_loc     0x0000052c       0xc6 /home/hauke/dev/riot/RIOT/examples/hello-world/bin/iotlab-m3/core.a(bitarithm.o)
 .debug_loc     0x000005f2       0x13 /home/hauke/dev/riot/RIOT/examples/hello-world/bin/iotlab-m3/cortexm_common.a(irq_arch.o)
 .debug_loc     0x00000605      0x1ef /home/hauke/dev/riot/RIOT/examples/hello-world/bin/iotlab-m3/cortexm_common.a(thread_arch.o)
 .debug_loc     0x000007f4      0x2b7 /home/hauke/dev/riot/RIOT/examples/hello-world/bin/iotlab-m3/cortexm_common.a(vectors_cortexm.o)
 .debug_loc     0x00000aab      0x102 /home/hauke/dev/riot/RIOT/examples/hello-world/bin/iotlab-m3/uart_stdio.a(uart_stdio.o)
 .debug_loc     0x00000bad       0x42 /home/hauke/dev/riot/RIOT/examples/hello-world/bin/iotlab-m3/core.a(kernel_init.o)
 .debug_loc     0x00000bef      0x1eb /home/hauke/dev/riot/RIOT/examples/hello-world/bin/iotlab-m3/core.a(mutex.o)
 .debug_loc     0x00000dda       0x3f /home/hauke/dev/riot/RIOT/examples/hello-world/bin/iotlab-m3/core.a(panic.o)
 .debug_loc     0x00000e19       0x9f /home/hauke/dev/riot/RIOT/examples/hello-world/bin/iotlab-m3/core.a(priority_queue.o)
 .debug_loc     0x00000eb8      0x56e /home/hauke/dev/riot/RIOT/examples/hello-world/bin/iotlab-m3/core.a(thread.o)
 .debug_loc     0x00001426       0x6e /home/hauke/dev/riot/RIOT/examples/hello-world/bin/iotlab-m3/cortexm_common.a(atomic_arch.o)
 .debug_loc     0x00001494       0x21 /home/hauke/dev/riot/RIOT/examples/hello-world/bin/iotlab-m3/cpu.a(lpm_arch.o)
 .debug_loc     0x000014b5      0x297 /home/hauke/dev/riot/RIOT/examples/hello-world/bin/iotlab-m3/periph.a(uart.o)
 .debug_loc     0x0000174c      0x405 /home/hauke/dev/riot/RIOT/examples/hello-world/bin/iotlab-m3/periph.a(gpio.o)
 .debug_loc     0x00001b51      0x21e /home/hauke/dev/riot/RIOT/examples/hello-world/bin/iotlab-m3/tsrb.a(tsrb.o)
 .debug_loc     0x00001d6f       0x62 /home/hauke/dev/riot/RIOT/examples/hello-world/bin/iotlab-m3/cortexm_common.a(cortexm_init.o)

.debug_aranges  0x00000000      0x588
 .debug_aranges
                0x00000000       0xa0 /home/hauke/dev/riot/RIOT/examples/hello-world/bin/iotlab-m3/newlib/syscalls.o
 .debug_aranges
                0x000000a0       0x20 /home/hauke/dev/riot/RIOT/examples/hello-world/bin/iotlab-m3/cpu/vectors.o
 .debug_aranges
                0x000000c0       0x38 /home/hauke/dev/riot/RIOT/examples/hello-world/bin/iotlab-m3/core.a(sched.o)
 .debug_aranges
                0x000000f8       0x30 /home/hauke/dev/riot/RIOT/examples/hello-world/bin/iotlab-m3/core.a(bitarithm.o)
 .debug_aranges
                0x00000128       0x28 /home/hauke/dev/riot/RIOT/examples/hello-world/bin/iotlab-m3/core.a(clist.o)
 .debug_aranges
                0x00000150       0x38 /home/hauke/dev/riot/RIOT/examples/hello-world/bin/iotlab-m3/cortexm_common.a(irq_arch.o)
 .debug_aranges
                0x00000188       0x40 /home/hauke/dev/riot/RIOT/examples/hello-world/bin/iotlab-m3/cortexm_common.a(thread_arch.o)
 .debug_aranges
                0x000001c8       0x70 /home/hauke/dev/riot/RIOT/examples/hello-world/bin/iotlab-m3/cortexm_common.a(vectors_cortexm.o)
 .debug_aranges
                0x00000238       0x38 /home/hauke/dev/riot/RIOT/examples/hello-world/bin/iotlab-m3/uart_stdio.a(uart_stdio.o)
 .debug_aranges
                0x00000270       0x20 /home/hauke/dev/riot/RIOT/examples/hello-world/bin/iotlab-m3/iotlab-m3_base.a(board.o)
 .debug_aranges
                0x00000290       0x30 /home/hauke/dev/riot/RIOT/examples/hello-world/bin/iotlab-m3/core.a(kernel_init.o)
 .debug_aranges
                0x000002c0       0x40 /home/hauke/dev/riot/RIOT/examples/hello-world/bin/iotlab-m3/core.a(mutex.o)
 .debug_aranges
                0x00000300       0x20 /home/hauke/dev/riot/RIOT/examples/hello-world/bin/iotlab-m3/core.a(panic.o)
 .debug_aranges
                0x00000320       0x30 /home/hauke/dev/riot/RIOT/examples/hello-world/bin/iotlab-m3/core.a(priority_queue.o)
 .debug_aranges
                0x00000350       0x58 /home/hauke/dev/riot/RIOT/examples/hello-world/bin/iotlab-m3/core.a(thread.o)
 .debug_aranges
                0x000003a8       0x20 /home/hauke/dev/riot/RIOT/examples/hello-world/bin/iotlab-m3/cortexm_common.a(atomic_arch.o)
 .debug_aranges
                0x000003c8       0x20 /home/hauke/dev/riot/RIOT/examples/hello-world/bin/iotlab-m3/cortexm_common.a(panic.o)
 .debug_aranges
                0x000003e8       0x20 /home/hauke/dev/riot/RIOT/examples/hello-world/bin/iotlab-m3/cpu.a(cpu.o)
 .debug_aranges
                0x00000408       0x48 /home/hauke/dev/riot/RIOT/examples/hello-world/bin/iotlab-m3/cpu.a(lpm_arch.o)
 .debug_aranges
                0x00000450       0x30 /home/hauke/dev/riot/RIOT/examples/hello-world/bin/iotlab-m3/periph.a(uart.o)
 .debug_aranges
                0x00000480       0x70 /home/hauke/dev/riot/RIOT/examples/hello-world/bin/iotlab-m3/periph.a(gpio.o)
 .debug_aranges
                0x000004f0       0x38 /home/hauke/dev/riot/RIOT/examples/hello-world/bin/iotlab-m3/tsrb.a(tsrb.o)
 .debug_aranges
                0x00000528       0x20 /home/hauke/dev/riot/RIOT/examples/hello-world/bin/iotlab-m3/hello-world.a(main.o)
 .debug_aranges
                0x00000548       0x20 /home/hauke/dev/riot/RIOT/examples/hello-world/bin/iotlab-m3/auto_init.a(auto_init.o)
 .debug_aranges
                0x00000568       0x20 /home/hauke/dev/riot/RIOT/examples/hello-world/bin/iotlab-m3/cortexm_common.a(cortexm_init.o)

.debug_ranges   0x00000000      0x540
 .debug_ranges  0x00000000       0x90 /home/hauke/dev/riot/RIOT/examples/hello-world/bin/iotlab-m3/newlib/syscalls.o
 .debug_ranges  0x00000090       0x10 /home/hauke/dev/riot/RIOT/examples/hello-world/bin/iotlab-m3/cpu/vectors.o
 .debug_ranges  0x000000a0       0x28 /home/hauke/dev/riot/RIOT/examples/hello-world/bin/iotlab-m3/core.a(sched.o)
 .debug_ranges  0x000000c8       0x20 /home/hauke/dev/riot/RIOT/examples/hello-world/bin/iotlab-m3/core.a(bitarithm.o)
 .debug_ranges  0x000000e8       0x18 /home/hauke/dev/riot/RIOT/examples/hello-world/bin/iotlab-m3/core.a(clist.o)
 .debug_ranges  0x00000100       0x28 /home/hauke/dev/riot/RIOT/examples/hello-world/bin/iotlab-m3/cortexm_common.a(irq_arch.o)
 .debug_ranges  0x00000128       0x48 /home/hauke/dev/riot/RIOT/examples/hello-world/bin/iotlab-m3/cortexm_common.a(thread_arch.o)
 .debug_ranges  0x00000170       0x60 /home/hauke/dev/riot/RIOT/examples/hello-world/bin/iotlab-m3/cortexm_common.a(vectors_cortexm.o)
 .debug_ranges  0x000001d0       0x28 /home/hauke/dev/riot/RIOT/examples/hello-world/bin/iotlab-m3/uart_stdio.a(uart_stdio.o)
 .debug_ranges  0x000001f8       0x10 /home/hauke/dev/riot/RIOT/examples/hello-world/bin/iotlab-m3/iotlab-m3_base.a(board.o)
 .debug_ranges  0x00000208       0x20 /home/hauke/dev/riot/RIOT/examples/hello-world/bin/iotlab-m3/core.a(kernel_init.o)
 .debug_ranges  0x00000228       0x30 /home/hauke/dev/riot/RIOT/examples/hello-world/bin/iotlab-m3/core.a(mutex.o)
 .debug_ranges  0x00000258       0x10 /home/hauke/dev/riot/RIOT/examples/hello-world/bin/iotlab-m3/core.a(panic.o)
 .debug_ranges  0x00000268       0x20 /home/hauke/dev/riot/RIOT/examples/hello-world/bin/iotlab-m3/core.a(priority_queue.o)
 .debug_ranges  0x00000288       0x78 /home/hauke/dev/riot/RIOT/examples/hello-world/bin/iotlab-m3/core.a(thread.o)
 .debug_ranges  0x00000300       0x10 /home/hauke/dev/riot/RIOT/examples/hello-world/bin/iotlab-m3/cortexm_common.a(atomic_arch.o)
 .debug_ranges  0x00000310       0x10 /home/hauke/dev/riot/RIOT/examples/hello-world/bin/iotlab-m3/cortexm_common.a(panic.o)
 .debug_ranges  0x00000320       0x10 /home/hauke/dev/riot/RIOT/examples/hello-world/bin/iotlab-m3/cpu.a(cpu.o)
 .debug_ranges  0x00000330       0x38 /home/hauke/dev/riot/RIOT/examples/hello-world/bin/iotlab-m3/cpu.a(lpm_arch.o)
 .debug_ranges  0x00000368       0x88 /home/hauke/dev/riot/RIOT/examples/hello-world/bin/iotlab-m3/periph.a(uart.o)
 .debug_ranges  0x000003f0       0xa8 /home/hauke/dev/riot/RIOT/examples/hello-world/bin/iotlab-m3/periph.a(gpio.o)
 .debug_ranges  0x00000498       0x60 /home/hauke/dev/riot/RIOT/examples/hello-world/bin/iotlab-m3/tsrb.a(tsrb.o)
 .debug_ranges  0x000004f8       0x10 /home/hauke/dev/riot/RIOT/examples/hello-world/bin/iotlab-m3/hello-world.a(main.o)
 .debug_ranges  0x00000508       0x10 /home/hauke/dev/riot/RIOT/examples/hello-world/bin/iotlab-m3/auto_init.a(auto_init.o)
 .debug_ranges  0x00000518       0x28 /home/hauke/dev/riot/RIOT/examples/hello-world/bin/iotlab-m3/cortexm_common.a(cortexm_init.o)

.debug_macro    0x00000000    0x1c498
 .debug_macro   0x00000000      0x375 /home/hauke/dev/riot/RIOT/examples/hello-world/bin/iotlab-m3/newlib/syscalls.o
 .debug_macro   0x00000375      0x8d4 /home/hauke/dev/riot/RIOT/examples/hello-world/bin/iotlab-m3/newlib/syscalls.o
 .debug_macro   0x00000c49       0x10 /home/hauke/dev/riot/RIOT/examples/hello-world/bin/iotlab-m3/newlib/syscalls.o
 .debug_macro   0x00000c59       0x58 /home/hauke/dev/riot/RIOT/examples/hello-world/bin/iotlab-m3/newlib/syscalls.o
 .debug_macro   0x00000cb1       0x16 /home/hauke/dev/riot/RIOT/examples/hello-world/bin/iotlab-m3/newlib/syscalls.o
 .debug_macro   0x00000cc7       0x35 /home/hauke/dev/riot/RIOT/examples/hello-world/bin/iotlab-m3/newlib/syscalls.o
 .debug_macro   0x00000cfc       0xa3 /home/hauke/dev/riot/RIOT/examples/hello-world/bin/iotlab-m3/newlib/syscalls.o
 .debug_macro   0x00000d9f      0x166 /home/hauke/dev/riot/RIOT/examples/hello-world/bin/iotlab-m3/newlib/syscalls.o
 .debug_macro   0x00000f05       0x4a /home/hauke/dev/riot/RIOT/examples/hello-world/bin/iotlab-m3/newlib/syscalls.o
 .debug_macro   0x00000f4f       0x52 /home/hauke/dev/riot/RIOT/examples/hello-world/bin/iotlab-m3/newlib/syscalls.o
 .debug_macro   0x00000fa1       0x16 /home/hauke/dev/riot/RIOT/examples/hello-world/bin/iotlab-m3/newlib/syscalls.o
 .debug_macro   0x00000fb7       0x43 /home/hauke/dev/riot/RIOT/examples/hello-world/bin/iotlab-m3/newlib/syscalls.o
 .debug_macro   0x00000ffa      0x180 /home/hauke/dev/riot/RIOT/examples/hello-world/bin/iotlab-m3/newlib/syscalls.o
 .debug_macro   0x0000117a      0x23b /home/hauke/dev/riot/RIOT/examples/hello-world/bin/iotlab-m3/newlib/syscalls.o
 .debug_macro   0x000013b5       0x16 /home/hauke/dev/riot/RIOT/examples/hello-world/bin/iotlab-m3/newlib/syscalls.o
 .debug_macro   0x000013cb       0x35 /home/hauke/dev/riot/RIOT/examples/hello-world/bin/iotlab-m3/newlib/syscalls.o
 .debug_macro   0x00001400       0x10 /home/hauke/dev/riot/RIOT/examples/hello-world/bin/iotlab-m3/newlib/syscalls.o
 .debug_macro   0x00001410       0x10 /home/hauke/dev/riot/RIOT/examples/hello-world/bin/iotlab-m3/newlib/syscalls.o
 .debug_macro   0x00001420       0x22 /home/hauke/dev/riot/RIOT/examples/hello-world/bin/iotlab-m3/newlib/syscalls.o
 .debug_macro   0x00001442       0xbd /home/hauke/dev/riot/RIOT/examples/hello-world/bin/iotlab-m3/newlib/syscalls.o
 .debug_macro   0x000014ff       0x16 /home/hauke/dev/riot/RIOT/examples/hello-world/bin/iotlab-m3/newlib/syscalls.o
 .debug_macro   0x00001515      0x16c /home/hauke/dev/riot/RIOT/examples/hello-world/bin/iotlab-m3/newlib/syscalls.o
 .debug_macro   0x00001681       0x16 /home/hauke/dev/riot/RIOT/examples/hello-world/bin/iotlab-m3/newlib/syscalls.o
 .debug_macro   0x00001697       0x16 /home/hauke/dev/riot/RIOT/examples/hello-world/bin/iotlab-m3/newlib/syscalls.o
 .debug_macro   0x000016ad       0x29 /home/hauke/dev/riot/RIOT/examples/hello-world/bin/iotlab-m3/newlib/syscalls.o
 .debug_macro   0x000016d6      0x2a3 /home/hauke/dev/riot/RIOT/examples/hello-world/bin/iotlab-m3/newlib/syscalls.o
 .debug_macro   0x00001979       0x10 /home/hauke/dev/riot/RIOT/examples/hello-world/bin/iotlab-m3/newlib/syscalls.o
 .debug_macro   0x00001989       0x1f /home/hauke/dev/riot/RIOT/examples/hello-world/bin/iotlab-m3/newlib/syscalls.o
 .debug_macro   0x000019a8       0x16 /home/hauke/dev/riot/RIOT/examples/hello-world/bin/iotlab-m3/newlib/syscalls.o
 .debug_macro   0x000019be       0x10 /home/hauke/dev/riot/RIOT/examples/hello-world/bin/iotlab-m3/newlib/syscalls.o
 .debug_macro   0x000019ce       0x41 /home/hauke/dev/riot/RIOT/examples/hello-world/bin/iotlab-m3/newlib/syscalls.o
 .debug_macro   0x00001a0f      0x120 /home/hauke/dev/riot/RIOT/examples/hello-world/bin/iotlab-m3/newlib/syscalls.o
 .debug_macro   0x00001b2f       0x16 /home/hauke/dev/riot/RIOT/examples/hello-world/bin/iotlab-m3/newlib/syscalls.o
 .debug_macro   0x00001b45      0x48e /home/hauke/dev/riot/RIOT/examples/hello-world/bin/iotlab-m3/newlib/syscalls.o
 .debug_macro   0x00001fd3      0x20f /home/hauke/dev/riot/RIOT/examples/hello-world/bin/iotlab-m3/newlib/syscalls.o
 .debug_macro   0x000021e2       0x5c /home/hauke/dev/riot/RIOT/examples/hello-world/bin/iotlab-m3/newlib/syscalls.o
 .debug_macro   0x0000223e       0x3a /home/hauke/dev/riot/RIOT/examples/hello-world/bin/iotlab-m3/newlib/syscalls.o
 .debug_macro   0x00002278       0x34 /home/hauke/dev/riot/RIOT/examples/hello-world/bin/iotlab-m3/newlib/syscalls.o
 .debug_macro   0x000022ac      0xb6b /home/hauke/dev/riot/RIOT/examples/hello-world/bin/iotlab-m3/newlib/syscalls.o
 .debug_macro   0x00002e17     0x7e9e /home/hauke/dev/riot/RIOT/examples/hello-world/bin/iotlab-m3/newlib/syscalls.o
 .debug_macro   0x0000acb5       0x1c /home/hauke/dev/riot/RIOT/examples/hello-world/bin/iotlab-m3/newlib/syscalls.o
 .debug_macro   0x0000acd1       0x22 /home/hauke/dev/riot/RIOT/examples/hello-world/bin/iotlab-m3/newlib/syscalls.o
 .debug_macro   0x0000acf3       0x22 /home/hauke/dev/riot/RIOT/examples/hello-world/bin/iotlab-m3/newlib/syscalls.o
 .debug_macro   0x0000ad15       0x22 /home/hauke/dev/riot/RIOT/examples/hello-world/bin/iotlab-m3/newlib/syscalls.o
 .debug_macro   0x0000ad37      0x211 /home/hauke/dev/riot/RIOT/examples/hello-world/bin/iotlab-m3/newlib/syscalls.o
 .debug_macro   0x0000af48      0x111 /home/hauke/dev/riot/RIOT/examples/hello-world/bin/iotlab-m3/newlib/syscalls.o
 .debug_macro   0x0000b059       0x22 /home/hauke/dev/riot/RIOT/examples/hello-world/bin/iotlab-m3/newlib/syscalls.o
 .debug_macro   0x0000b07b       0x16 /home/hauke/dev/riot/RIOT/examples/hello-world/bin/iotlab-m3/newlib/syscalls.o
 .debug_macro   0x0000b091       0x10 /home/hauke/dev/riot/RIOT/examples/hello-world/bin/iotlab-m3/newlib/syscalls.o
 .debug_macro   0x0000b0a1       0x10 /home/hauke/dev/riot/RIOT/examples/hello-world/bin/iotlab-m3/newlib/syscalls.o
 .debug_macro   0x0000b0b1       0x10 /home/hauke/dev/riot/RIOT/examples/hello-world/bin/iotlab-m3/newlib/syscalls.o
 .debug_macro   0x0000b0c1      0x452 /home/hauke/dev/riot/RIOT/examples/hello-world/bin/iotlab-m3/newlib/syscalls.o
 .debug_macro   0x0000b513       0x16 /home/hauke/dev/riot/RIOT/examples/hello-world/bin/iotlab-m3/newlib/syscalls.o
 .debug_macro   0x0000b529      0x11e /home/hauke/dev/riot/RIOT/examples/hello-world/bin/iotlab-m3/newlib/syscalls.o
 .debug_macro   0x0000b647       0x19 /home/hauke/dev/riot/RIOT/examples/hello-world/bin/iotlab-m3/newlib/syscalls.o
 .debug_macro   0x0000b660       0x28 /home/hauke/dev/riot/RIOT/examples/hello-world/bin/iotlab-m3/newlib/syscalls.o
 .debug_macro   0x0000b688       0x3a /home/hauke/dev/riot/RIOT/examples/hello-world/bin/iotlab-m3/newlib/syscalls.o
 .debug_macro   0x0000b6c2       0x22 /home/hauke/dev/riot/RIOT/examples/hello-world/bin/iotlab-m3/newlib/syscalls.o
 .debug_macro   0x0000b6e4       0xdc /home/hauke/dev/riot/RIOT/examples/hello-world/bin/iotlab-m3/newlib/syscalls.o
 .debug_macro   0x0000b7c0       0x10 /home/hauke/dev/riot/RIOT/examples/hello-world/bin/iotlab-m3/newlib/syscalls.o
 .debug_macro   0x0000b7d0       0x1c /home/hauke/dev/riot/RIOT/examples/hello-world/bin/iotlab-m3/newlib/syscalls.o
 .debug_macro   0x0000b7ec       0x28 /home/hauke/dev/riot/RIOT/examples/hello-world/bin/iotlab-m3/newlib/syscalls.o
 .debug_macro   0x0000b814       0x41 /home/hauke/dev/riot/RIOT/examples/hello-world/bin/iotlab-m3/cpu/vectors.o
 .debug_macro   0x0000b855      0x8d4 /home/hauke/dev/riot/RIOT/examples/hello-world/bin/iotlab-m3/cpu/vectors.o
 .debug_macro   0x0000c129       0x44 /home/hauke/dev/riot/RIOT/examples/hello-world/bin/iotlab-m3/cpu/vectors.o
 .debug_macro   0x0000c16d      0x209 /home/hauke/dev/riot/RIOT/examples/hello-world/bin/iotlab-m3/cpu/vectors.o
 .debug_macro   0x0000c376       0x16 /home/hauke/dev/riot/RIOT/examples/hello-world/bin/iotlab-m3/cpu/vectors.o
 .debug_macro   0x0000c38c      0x2d3 /home/hauke/dev/riot/RIOT/examples/hello-world/bin/iotlab-m3/core.a(sched.o)
 .debug_macro   0x0000c65f      0x8d4 /home/hauke/dev/riot/RIOT/examples/hello-world/bin/iotlab-m3/core.a(sched.o)
 .debug_macro   0x0000cf33       0x34 /home/hauke/dev/riot/RIOT/examples/hello-world/bin/iotlab-m3/core.a(sched.o)
 .debug_macro   0x0000cf67       0x16 /home/hauke/dev/riot/RIOT/examples/hello-world/bin/iotlab-m3/core.a(sched.o)
 .debug_macro   0x0000cf7d       0xeb /home/hauke/dev/riot/RIOT/examples/hello-world/bin/iotlab-m3/core.a(bitarithm.o)
 .debug_macro   0x0000d068      0x8d4 /home/hauke/dev/riot/RIOT/examples/hello-world/bin/iotlab-m3/core.a(bitarithm.o)
 .debug_macro   0x0000d93c       0x97 /home/hauke/dev/riot/RIOT/examples/hello-world/bin/iotlab-m3/core.a(bitarithm.o)
 .debug_macro   0x0000d9d3       0xef /home/hauke/dev/riot/RIOT/examples/hello-world/bin/iotlab-m3/core.a(bitarithm.o)
 .debug_macro   0x0000dac2      0x113 /home/hauke/dev/riot/RIOT/examples/hello-world/bin/iotlab-m3/core.a(clist.o)
 .debug_macro   0x0000dbd5      0x8d4 /home/hauke/dev/riot/RIOT/examples/hello-world/bin/iotlab-m3/core.a(clist.o)
 .debug_macro   0x0000e4a9      0x170 /home/hauke/dev/riot/RIOT/examples/hello-world/bin/iotlab-m3/cortexm_common.a(irq_arch.o)
 .debug_macro   0x0000e619      0x8d4 /home/hauke/dev/riot/RIOT/examples/hello-world/bin/iotlab-m3/cortexm_common.a(irq_arch.o)
 .debug_macro   0x0000eeed      0x2a2 /home/hauke/dev/riot/RIOT/examples/hello-world/bin/iotlab-m3/cortexm_common.a(thread_arch.o)
 .debug_macro   0x0000f18f      0x8d4 /home/hauke/dev/riot/RIOT/examples/hello-world/bin/iotlab-m3/cortexm_common.a(thread_arch.o)
 .debug_macro   0x0000fa63      0x2b1 /home/hauke/dev/riot/RIOT/examples/hello-world/bin/iotlab-m3/cortexm_common.a(vectors_cortexm.o)
 .debug_macro   0x0000fd14      0x8d4 /home/hauke/dev/riot/RIOT/examples/hello-world/bin/iotlab-m3/cortexm_common.a(vectors_cortexm.o)
 .debug_macro   0x000105e8      0x32d /home/hauke/dev/riot/RIOT/examples/hello-world/bin/iotlab-m3/uart_stdio.a(uart_stdio.o)
 .debug_macro   0x00010915      0x8d4 /home/hauke/dev/riot/RIOT/examples/hello-world/bin/iotlab-m3/uart_stdio.a(uart_stdio.o)
 .debug_macro   0x000111e9       0x17 /home/hauke/dev/riot/RIOT/examples/hello-world/bin/iotlab-m3/uart_stdio.a(uart_stdio.o)
 .debug_macro   0x00011200       0x34 /home/hauke/dev/riot/RIOT/examples/hello-world/bin/iotlab-m3/uart_stdio.a(uart_stdio.o)
 .debug_macro   0x00011234       0x10 /home/hauke/dev/riot/RIOT/examples/hello-world/bin/iotlab-m3/uart_stdio.a(uart_stdio.o)
 .debug_macro   0x00011244      0x184 /home/hauke/dev/riot/RIOT/examples/hello-world/bin/iotlab-m3/iotlab-m3_base.a(board.o)
 .debug_macro   0x000113c8      0x8d4 /home/hauke/dev/riot/RIOT/examples/hello-world/bin/iotlab-m3/iotlab-m3_base.a(board.o)
 .debug_macro   0x00011c9c      0x2fb /home/hauke/dev/riot/RIOT/examples/hello-world/bin/iotlab-m3/core.a(kernel_init.o)
 .debug_macro   0x00011f97      0x8d4 /home/hauke/dev/riot/RIOT/examples/hello-world/bin/iotlab-m3/core.a(kernel_init.o)
 .debug_macro   0x0001286b       0x2e /home/hauke/dev/riot/RIOT/examples/hello-world/bin/iotlab-m3/core.a(kernel_init.o)
 .debug_macro   0x00012899      0x2d1 /home/hauke/dev/riot/RIOT/examples/hello-world/bin/iotlab-m3/core.a(mutex.o)
 .debug_macro   0x00012b6a      0x8d4 /home/hauke/dev/riot/RIOT/examples/hello-world/bin/iotlab-m3/core.a(mutex.o)
 .debug_macro   0x0001343e      0x2c6 /home/hauke/dev/riot/RIOT/examples/hello-world/bin/iotlab-m3/core.a(panic.o)
 .debug_macro   0x00013704      0x8d4 /home/hauke/dev/riot/RIOT/examples/hello-world/bin/iotlab-m3/core.a(panic.o)
 .debug_macro   0x00013fd8       0x1c /home/hauke/dev/riot/RIOT/examples/hello-world/bin/iotlab-m3/core.a(panic.o)
 .debug_macro   0x00013ff4      0x2ae /home/hauke/dev/riot/RIOT/examples/hello-world/bin/iotlab-m3/core.a(priority_queue.o)
 .debug_macro   0x000142a2      0x8d4 /home/hauke/dev/riot/RIOT/examples/hello-world/bin/iotlab-m3/core.a(priority_queue.o)
 .debug_macro   0x00014b76       0x82 /home/hauke/dev/riot/RIOT/examples/hello-world/bin/iotlab-m3/core.a(priority_queue.o)
 .debug_macro   0x00014bf8       0xf6 /home/hauke/dev/riot/RIOT/examples/hello-world/bin/iotlab-m3/core.a(priority_queue.o)
 .debug_macro   0x00014cee      0x2c5 /home/hauke/dev/riot/RIOT/examples/hello-world/bin/iotlab-m3/core.a(thread.o)
 .debug_macro   0x00014fb3      0x8d4 /home/hauke/dev/riot/RIOT/examples/hello-world/bin/iotlab-m3/core.a(thread.o)
 .debug_macro   0x00015887      0x175 /home/hauke/dev/riot/RIOT/examples/hello-world/bin/iotlab-m3/cortexm_common.a(atomic_arch.o)
 .debug_macro   0x000159fc      0x8d4 /home/hauke/dev/riot/RIOT/examples/hello-world/bin/iotlab-m3/cortexm_common.a(atomic_arch.o)
 .debug_macro   0x000162d0      0x174 /home/hauke/dev/riot/RIOT/examples/hello-world/bin/iotlab-m3/cortexm_common.a(panic.o)
 .debug_macro   0x00016444      0x8d4 /home/hauke/dev/riot/RIOT/examples/hello-world/bin/iotlab-m3/cortexm_common.a(panic.o)
 .debug_macro   0x00016d18      0x16a /home/hauke/dev/riot/RIOT/examples/hello-world/bin/iotlab-m3/cpu.a(cpu.o)
 .debug_macro   0x00016e82      0x8d4 /home/hauke/dev/riot/RIOT/examples/hello-world/bin/iotlab-m3/cpu.a(cpu.o)
 .debug_macro   0x00017756       0x1a /home/hauke/dev/riot/RIOT/examples/hello-world/bin/iotlab-m3/cpu.a(lpm_arch.o)
 .debug_macro   0x00017770      0x8d4 /home/hauke/dev/riot/RIOT/examples/hello-world/bin/iotlab-m3/cpu.a(lpm_arch.o)
 .debug_macro   0x00018044      0x2e8 /home/hauke/dev/riot/RIOT/examples/hello-world/bin/iotlab-m3/periph.a(uart.o)
 .debug_macro   0x0001832c      0x8d4 /home/hauke/dev/riot/RIOT/examples/hello-world/bin/iotlab-m3/periph.a(uart.o)
 .debug_macro   0x00018c00      0x1e1 /home/hauke/dev/riot/RIOT/examples/hello-world/bin/iotlab-m3/periph.a(uart.o)
 .debug_macro   0x00018de1      0x2eb /home/hauke/dev/riot/RIOT/examples/hello-world/bin/iotlab-m3/periph.a(gpio.o)
 .debug_macro   0x000190cc      0x8d4 /home/hauke/dev/riot/RIOT/examples/hello-world/bin/iotlab-m3/periph.a(gpio.o)
 .debug_macro   0x000199a0      0x2a3 /home/hauke/dev/riot/RIOT/examples/hello-world/bin/iotlab-m3/tsrb.a(tsrb.o)
 .debug_macro   0x00019c43      0x8d4 /home/hauke/dev/riot/RIOT/examples/hello-world/bin/iotlab-m3/tsrb.a(tsrb.o)
 .debug_macro   0x0001a517       0xeb /home/hauke/dev/riot/RIOT/examples/hello-world/bin/iotlab-m3/hello-world.a(main.o)
 .debug_macro   0x0001a602      0x8d4 /home/hauke/dev/riot/RIOT/examples/hello-world/bin/iotlab-m3/hello-world.a(main.o)
 .debug_macro   0x0001aed6      0x2b3 /home/hauke/dev/riot/RIOT/examples/hello-world/bin/iotlab-m3/auto_init.a(auto_init.o)
 .debug_macro   0x0001b189      0x8d4 /home/hauke/dev/riot/RIOT/examples/hello-world/bin/iotlab-m3/auto_init.a(auto_init.o)
 .debug_macro   0x0001ba5d      0x167 /home/hauke/dev/riot/RIOT/examples/hello-world/bin/iotlab-m3/cortexm_common.a(cortexm_init.o)
 .debug_macro   0x0001bbc4      0x8d4 /home/hauke/dev/riot/RIOT/examples/hello-world/bin/iotlab-m3/cortexm_common.a(cortexm_init.o)

.debug_line     0x00000000     0x680e
 .debug_line    0x00000000      0x6a5 /home/hauke/dev/riot/RIOT/examples/hello-world/bin/iotlab-m3/newlib/syscalls.o
 .debug_line    0x000006a5      0x120 /home/hauke/dev/riot/RIOT/examples/hello-world/bin/iotlab-m3/cpu/vectors.o
 .debug_line    0x000007c5      0x50f /home/hauke/dev/riot/RIOT/examples/hello-world/bin/iotlab-m3/core.a(sched.o)
 .debug_line    0x00000cd4      0x1fc /home/hauke/dev/riot/RIOT/examples/hello-world/bin/iotlab-m3/core.a(bitarithm.o)
 .debug_line    0x00000ed0      0x216 /home/hauke/dev/riot/RIOT/examples/hello-world/bin/iotlab-m3/core.a(clist.o)
 .debug_line    0x000010e6      0x360 /home/hauke/dev/riot/RIOT/examples/hello-world/bin/iotlab-m3/cortexm_common.a(irq_arch.o)
 .debug_line    0x00001446      0x53a /home/hauke/dev/riot/RIOT/examples/hello-world/bin/iotlab-m3/cortexm_common.a(thread_arch.o)
 .debug_line    0x00001980      0x608 /home/hauke/dev/riot/RIOT/examples/hello-world/bin/iotlab-m3/cortexm_common.a(vectors_cortexm.o)
 .debug_line    0x00001f88      0x5bf /home/hauke/dev/riot/RIOT/examples/hello-world/bin/iotlab-m3/uart_stdio.a(uart_stdio.o)
 .debug_line    0x00002547      0x358 /home/hauke/dev/riot/RIOT/examples/hello-world/bin/iotlab-m3/iotlab-m3_base.a(board.o)
 .debug_line    0x0000289f      0x507 /home/hauke/dev/riot/RIOT/examples/hello-world/bin/iotlab-m3/core.a(kernel_init.o)
 .debug_line    0x00002da6      0x52d /home/hauke/dev/riot/RIOT/examples/hello-world/bin/iotlab-m3/core.a(mutex.o)
 .debug_line    0x000032d3      0x4ca /home/hauke/dev/riot/RIOT/examples/hello-world/bin/iotlab-m3/core.a(panic.o)
 .debug_line    0x0000379d      0x4d3 /home/hauke/dev/riot/RIOT/examples/hello-world/bin/iotlab-m3/core.a(priority_queue.o)
 .debug_line    0x00003c70      0x5d5 /home/hauke/dev/riot/RIOT/examples/hello-world/bin/iotlab-m3/core.a(thread.o)
 .debug_line    0x00004245      0x335 /home/hauke/dev/riot/RIOT/examples/hello-world/bin/iotlab-m3/cortexm_common.a(atomic_arch.o)
 .debug_line    0x0000457a      0x31b /home/hauke/dev/riot/RIOT/examples/hello-world/bin/iotlab-m3/cortexm_common.a(panic.o)
 .debug_line    0x00004895      0x354 /home/hauke/dev/riot/RIOT/examples/hello-world/bin/iotlab-m3/cpu.a(cpu.o)
 .debug_line    0x00004be9       0xe7 /home/hauke/dev/riot/RIOT/examples/hello-world/bin/iotlab-m3/cpu.a(lpm_arch.o)
 .debug_line    0x00004cd0      0x5db /home/hauke/dev/riot/RIOT/examples/hello-world/bin/iotlab-m3/periph.a(uart.o)
 .debug_line    0x000052ab      0x6cb /home/hauke/dev/riot/RIOT/examples/hello-world/bin/iotlab-m3/periph.a(gpio.o)
 .debug_line    0x00005976      0x503 /home/hauke/dev/riot/RIOT/examples/hello-world/bin/iotlab-m3/tsrb.a(tsrb.o)
 .debug_line    0x00005e79      0x1c6 /home/hauke/dev/riot/RIOT/examples/hello-world/bin/iotlab-m3/hello-world.a(main.o)
 .debug_line    0x0000603f      0x4ad /home/hauke/dev/riot/RIOT/examples/hello-world/bin/iotlab-m3/auto_init.a(auto_init.o)
 .debug_line    0x000064ec      0x322 /home/hauke/dev/riot/RIOT/examples/hello-world/bin/iotlab-m3/cortexm_common.a(cortexm_init.o)

.debug_str      0x00000000    0x3d4f8
 .debug_str     0x00000000    0x3a642 /home/hauke/dev/riot/RIOT/examples/hello-world/bin/iotlab-m3/newlib/syscalls.o
                              0x3a944 (size before relaxing)
 .debug_str     0x0003a642      0x144 /home/hauke/dev/riot/RIOT/examples/hello-world/bin/iotlab-m3/cpu/vectors.o
                               0x31ca (size before relaxing)
 .debug_str     0x0003a786      0x4ba /home/hauke/dev/riot/RIOT/examples/hello-world/bin/iotlab-m3/core.a(sched.o)
                              0x371d4 (size before relaxing)
 .debug_str     0x0003ac40       0x91 /home/hauke/dev/riot/RIOT/examples/hello-world/bin/iotlab-m3/core.a(bitarithm.o)
                               0x495b (size before relaxing)
 .debug_str     0x0003acd1       0x6d /home/hauke/dev/riot/RIOT/examples/hello-world/bin/iotlab-m3/core.a(clist.o)
                               0x4a76 (size before relaxing)
 .debug_str     0x0003ad3e      0x100 /home/hauke/dev/riot/RIOT/examples/hello-world/bin/iotlab-m3/cortexm_common.a(irq_arch.o)
                              0x3528a (size before relaxing)
 .debug_str     0x0003ae3e      0x1b3 /home/hauke/dev/riot/RIOT/examples/hello-world/bin/iotlab-m3/cortexm_common.a(thread_arch.o)
                              0x36fee (size before relaxing)
 .debug_str     0x0003aff1      0x396 /home/hauke/dev/riot/RIOT/examples/hello-world/bin/iotlab-m3/cortexm_common.a(vectors_cortexm.o)
                              0x37e25 (size before relaxing)
 .debug_str     0x0003b387      0x3d2 /home/hauke/dev/riot/RIOT/examples/hello-world/bin/iotlab-m3/uart_stdio.a(uart_stdio.o)
                              0x380ff (size before relaxing)
 .debug_str     0x0003b759      0x110 /home/hauke/dev/riot/RIOT/examples/hello-world/bin/iotlab-m3/iotlab-m3_base.a(board.o)
                              0x36135 (size before relaxing)
 .debug_str     0x0003b869      0x218 /home/hauke/dev/riot/RIOT/examples/hello-world/bin/iotlab-m3/core.a(kernel_init.o)
                              0x375d0 (size before relaxing)
 .debug_str     0x0003ba81       0xf9 /home/hauke/dev/riot/RIOT/examples/hello-world/bin/iotlab-m3/core.a(mutex.o)
                              0x370ee (size before relaxing)
 .debug_str     0x0003bb7a       0xb2 /home/hauke/dev/riot/RIOT/examples/hello-world/bin/iotlab-m3/core.a(panic.o)
                              0x37ccc (size before relaxing)
 .debug_str     0x0003bc2c       0xa8 /home/hauke/dev/riot/RIOT/examples/hello-world/bin/iotlab-m3/core.a(priority_queue.o)
                              0x36ee0 (size before relaxing)
 .debug_str     0x0003bcd4      0x150 /home/hauke/dev/riot/RIOT/examples/hello-world/bin/iotlab-m3/core.a(thread.o)
                              0x37595 (size before relaxing)
 .debug_str     0x0003be24       0xb1 /home/hauke/dev/riot/RIOT/examples/hello-world/bin/iotlab-m3/cortexm_common.a(atomic_arch.o)
                              0x35293 (size before relaxing)
 .debug_str     0x0003bed5       0x65 /home/hauke/dev/riot/RIOT/examples/hello-world/bin/iotlab-m3/cortexm_common.a(panic.o)
                              0x352e4 (size before relaxing)
 .debug_str     0x0003bf3a       0xcc /home/hauke/dev/riot/RIOT/examples/hello-world/bin/iotlab-m3/cpu.a(cpu.o)
                              0x35b33 (size before relaxing)
 .debug_str     0x0003c006       0x82 /home/hauke/dev/riot/RIOT/examples/hello-world/bin/iotlab-m3/cpu.a(lpm_arch.o)
                               0x2774 (size before relaxing)
 .debug_str     0x0003c088      0xfd8 /home/hauke/dev/riot/RIOT/examples/hello-world/bin/iotlab-m3/periph.a(uart.o)
                              0x38dd5 (size before relaxing)
 .debug_str     0x0003d060      0x1b9 /home/hauke/dev/riot/RIOT/examples/hello-world/bin/iotlab-m3/periph.a(gpio.o)
                              0x384cc (size before relaxing)
 .debug_str     0x0003d219       0xc2 /home/hauke/dev/riot/RIOT/examples/hello-world/bin/iotlab-m3/tsrb.a(tsrb.o)
                              0x36bf1 (size before relaxing)
 .debug_str     0x0003d2db       0xb0 /home/hauke/dev/riot/RIOT/examples/hello-world/bin/iotlab-m3/hello-world.a(main.o)
                               0x495e (size before relaxing)
 .debug_str     0x0003d38b       0xaa /home/hauke/dev/riot/RIOT/examples/hello-world/bin/iotlab-m3/auto_init.a(auto_init.o)
                              0x36e48 (size before relaxing)
 .debug_str     0x0003d435       0xc3 /home/hauke/dev/riot/RIOT/examples/hello-world/bin/iotlab-m3/cortexm_common.a(cortexm_init.o)
                              0x356c1 (size before relaxing)

.comment        0x00000000       0x70
 .comment       0x00000000       0x70 /home/hauke/dev/riot/RIOT/examples/hello-world/bin/iotlab-m3/newlib/syscalls.o
                                 0x71 (size before relaxing)
 .comment       0x00000000       0x71 /home/hauke/dev/riot/RIOT/examples/hello-world/bin/iotlab-m3/cpu/vectors.o
 .comment       0x00000000       0x71 /home/hauke/dev/riot/RIOT/examples/hello-world/bin/iotlab-m3/core.a(sched.o)
 .comment       0x00000000       0x71 /home/hauke/dev/riot/RIOT/examples/hello-world/bin/iotlab-m3/core.a(bitarithm.o)
 .comment       0x00000000       0x71 /home/hauke/dev/riot/RIOT/examples/hello-world/bin/iotlab-m3/core.a(clist.o)
 .comment       0x00000000       0x71 /home/hauke/dev/riot/RIOT/examples/hello-world/bin/iotlab-m3/cortexm_common.a(irq_arch.o)
 .comment       0x00000000       0x71 /home/hauke/dev/riot/RIOT/examples/hello-world/bin/iotlab-m3/cortexm_common.a(thread_arch.o)
 .comment       0x00000000       0x71 /home/hauke/dev/riot/RIOT/examples/hello-world/bin/iotlab-m3/cortexm_common.a(vectors_cortexm.o)
 .comment       0x00000000       0x71 /home/hauke/dev/riot/RIOT/examples/hello-world/bin/iotlab-m3/uart_stdio.a(uart_stdio.o)
 .comment       0x00000000       0x71 /home/hauke/dev/riot/RIOT/examples/hello-world/bin/iotlab-m3/iotlab-m3_base.a(board.o)
 .comment       0x00000000       0x71 /home/hauke/dev/riot/RIOT/examples/hello-world/bin/iotlab-m3/core.a(kernel_init.o)
 .comment       0x00000000       0x71 /home/hauke/dev/riot/RIOT/examples/hello-world/bin/iotlab-m3/core.a(mutex.o)
 .comment       0x00000000       0x71 /home/hauke/dev/riot/RIOT/examples/hello-world/bin/iotlab-m3/core.a(panic.o)
 .comment       0x00000000       0x71 /home/hauke/dev/riot/RIOT/examples/hello-world/bin/iotlab-m3/core.a(priority_queue.o)
 .comment       0x00000000       0x71 /home/hauke/dev/riot/RIOT/examples/hello-world/bin/iotlab-m3/core.a(thread.o)
 .comment       0x00000000       0x71 /home/hauke/dev/riot/RIOT/examples/hello-world/bin/iotlab-m3/cortexm_common.a(atomic_arch.o)
 .comment       0x00000000       0x71 /home/hauke/dev/riot/RIOT/examples/hello-world/bin/iotlab-m3/cortexm_common.a(panic.o)
 .comment       0x00000000       0x71 /home/hauke/dev/riot/RIOT/examples/hello-world/bin/iotlab-m3/cpu.a(cpu.o)
 .comment       0x00000000       0x71 /home/hauke/dev/riot/RIOT/examples/hello-world/bin/iotlab-m3/cpu.a(lpm_arch.o)
 .comment       0x00000000       0x71 /home/hauke/dev/riot/RIOT/examples/hello-world/bin/iotlab-m3/periph.a(uart.o)
 .comment       0x00000000       0x71 /home/hauke/dev/riot/RIOT/examples/hello-world/bin/iotlab-m3/periph.a(gpio.o)
 .comment       0x00000000       0x71 /home/hauke/dev/riot/RIOT/examples/hello-world/bin/iotlab-m3/tsrb.a(tsrb.o)
 .comment       0x00000000       0x71 /home/hauke/dev/riot/RIOT/examples/hello-world/bin/iotlab-m3/hello-world.a(main.o)
 .comment       0x00000000       0x71 /home/hauke/dev/riot/RIOT/examples/hello-world/bin/iotlab-m3/auto_init.a(auto_init.o)
 .comment       0x00000000       0x71 /home/hauke/dev/riot/RIOT/examples/hello-world/bin/iotlab-m3/cortexm_common.a(cortexm_init.o)

.ARM.attributes
                0x00000000       0x33
 .ARM.attributes
                0x00000000       0x33 /home/hauke/dev/riot/RIOT/examples/hello-world/bin/iotlab-m3/newlib/syscalls.o
 .ARM.attributes
                0x00000033       0x33 /home/hauke/dev/riot/RIOT/examples/hello-world/bin/iotlab-m3/cpu/vectors.o
 .ARM.attributes
                0x00000066       0x33 /home/hauke/dev/riot/RIOT/examples/hello-world/bin/iotlab-m3/core.a(sched.o)
 .ARM.attributes
                0x00000099       0x33 /home/hauke/dev/riot/RIOT/examples/hello-world/bin/iotlab-m3/core.a(bitarithm.o)
 .ARM.attributes
                0x000000cc       0x33 /home/hauke/dev/riot/RIOT/examples/hello-world/bin/iotlab-m3/core.a(clist.o)
 .ARM.attributes
                0x000000ff       0x33 /home/hauke/dev/riot/RIOT/examples/hello-world/bin/iotlab-m3/cortexm_common.a(irq_arch.o)
 .ARM.attributes
                0x00000132       0x33 /home/hauke/dev/riot/RIOT/examples/hello-world/bin/iotlab-m3/cortexm_common.a(thread_arch.o)
 .ARM.attributes
                0x00000165       0x33 /home/hauke/dev/riot/RIOT/examples/hello-world/bin/iotlab-m3/cortexm_common.a(vectors_cortexm.o)
 .ARM.attributes
                0x00000198       0x33 /home/hauke/dev/riot/RIOT/examples/hello-world/bin/iotlab-m3/uart_stdio.a(uart_stdio.o)
 .ARM.attributes
                0x000001cb       0x33 /home/hauke/dev/riot/RIOT/examples/hello-world/bin/iotlab-m3/iotlab-m3_base.a(board.o)
 .ARM.attributes
                0x000001fe       0x33 /home/hauke/dev/riot/RIOT/examples/hello-world/bin/iotlab-m3/core.a(kernel_init.o)
 .ARM.attributes
                0x00000231       0x33 /home/hauke/dev/riot/RIOT/examples/hello-world/bin/iotlab-m3/core.a(mutex.o)
 .ARM.attributes
                0x00000264       0x33 /home/hauke/dev/riot/RIOT/examples/hello-world/bin/iotlab-m3/core.a(panic.o)
 .ARM.attributes
                0x00000297       0x33 /home/hauke/dev/riot/RIOT/examples/hello-world/bin/iotlab-m3/core.a(priority_queue.o)
 .ARM.attributes
                0x000002ca       0x33 /home/hauke/dev/riot/RIOT/examples/hello-world/bin/iotlab-m3/core.a(thread.o)
 .ARM.attributes
                0x000002fd       0x33 /home/hauke/dev/riot/RIOT/examples/hello-world/bin/iotlab-m3/cortexm_common.a(atomic_arch.o)
 .ARM.attributes
                0x00000330       0x33 /home/hauke/dev/riot/RIOT/examples/hello-world/bin/iotlab-m3/cortexm_common.a(panic.o)
 .ARM.attributes
                0x00000363       0x33 /home/hauke/dev/riot/RIOT/examples/hello-world/bin/iotlab-m3/cpu.a(cpu.o)
 .ARM.attributes
                0x00000396       0x33 /home/hauke/dev/riot/RIOT/examples/hello-world/bin/iotlab-m3/cpu.a(lpm_arch.o)
 .ARM.attributes
                0x000003c9       0x33 /home/hauke/dev/riot/RIOT/examples/hello-world/bin/iotlab-m3/periph.a(uart.o)
 .ARM.attributes
                0x000003fc       0x33 /home/hauke/dev/riot/RIOT/examples/hello-world/bin/iotlab-m3/periph.a(gpio.o)
 .ARM.attributes
                0x0000042f       0x33 /home/hauke/dev/riot/RIOT/examples/hello-world/bin/iotlab-m3/tsrb.a(tsrb.o)
 .ARM.attributes
                0x00000462       0x33 /home/hauke/dev/riot/RIOT/examples/hello-world/bin/iotlab-m3/hello-world.a(main.o)
 .ARM.attributes
                0x00000495       0x33 /home/hauke/dev/riot/RIOT/examples/hello-world/bin/iotlab-m3/auto_init.a(auto_init.o)
 .ARM.attributes
                0x000004c8       0x33 /home/hauke/dev/riot/RIOT/examples/hello-world/bin/iotlab-m3/cortexm_common.a(cortexm_init.o)
 .ARM.attributes
                0x000004fb       0x2d /home/hauke/tools/gcc-arm-none-eabi-4_8-2014q3/bin/../lib/gcc/arm-none-eabi/4.8.4/../../../../arm-none-eabi/lib/armv7-m/libc_s.a(lib_a-impure.o)
 .ARM.attributes
                0x00000528       0x2d /home/hauke/tools/gcc-arm-none-eabi-4_8-2014q3/bin/../lib/gcc/arm-none-eabi/4.8.4/../../../../arm-none-eabi/lib/armv7-m/libc_s.a(lib_a-init.o)
 .ARM.attributes
                0x00000555       0x2d /home/hauke/tools/gcc-arm-none-eabi-4_8-2014q3/bin/../lib/gcc/arm-none-eabi/4.8.4/../../../../arm-none-eabi/lib/armv7-m/libc_s.a(lib_a-printf.o)
 .ARM.attributes
                0x00000582       0x2d /home/hauke/tools/gcc-arm-none-eabi-4_8-2014q3/bin/../lib/gcc/arm-none-eabi/4.8.4/../../../../arm-none-eabi/lib/armv7-m/libc_s.a(lib_a-puts.o)
 .ARM.attributes
                0x000005af       0x2d /home/hauke/tools/gcc-arm-none-eabi-4_8-2014q3/bin/../lib/gcc/arm-none-eabi/4.8.4/../../../../arm-none-eabi/lib/armv7-m/libc_s.a(lib_a-vfprintf.o)
 .ARM.attributes
                0x000005dc       0x2d /home/hauke/tools/gcc-arm-none-eabi-4_8-2014q3/bin/../lib/gcc/arm-none-eabi/4.8.4/../../../../arm-none-eabi/lib/armv7-m/libc_s.a(lib_a-vfprintf_i.o)
 .ARM.attributes
                0x00000609       0x2d /home/hauke/tools/gcc-arm-none-eabi-4_8-2014q3/bin/../lib/gcc/arm-none-eabi/4.8.4/../../../../arm-none-eabi/lib/armv7-m/libc_s.a(lib_a-wbuf.o)
 .ARM.attributes
                0x00000636       0x2d /home/hauke/tools/gcc-arm-none-eabi-4_8-2014q3/bin/../lib/gcc/arm-none-eabi/4.8.4/../../../../arm-none-eabi/lib/armv7-m/libc_s.a(lib_a-wsetup.o)
 .ARM.attributes
                0x00000663       0x2d /home/hauke/tools/gcc-arm-none-eabi-4_8-2014q3/bin/../lib/gcc/arm-none-eabi/4.8.4/../../../../arm-none-eabi/lib/armv7-m/libc_s.a(lib_a-fflush.o)
 .ARM.attributes
                0x00000690       0x2d /home/hauke/tools/gcc-arm-none-eabi-4_8-2014q3/bin/../lib/gcc/arm-none-eabi/4.8.4/../../../../arm-none-eabi/lib/armv7-m/libc_s.a(lib_a-findfp.o)
 .ARM.attributes
                0x000006bd       0x2d /home/hauke/tools/gcc-arm-none-eabi-4_8-2014q3/bin/../lib/gcc/arm-none-eabi/4.8.4/../../../../arm-none-eabi/lib/armv7-m/libc_s.a(lib_a-makebuf.o)
 .ARM.attributes
                0x000006ea       0x2d /home/hauke/tools/gcc-arm-none-eabi-4_8-2014q3/bin/../lib/gcc/arm-none-eabi/4.8.4/../../../../arm-none-eabi/lib/armv7-m/libc_s.a(lib_a-memchr-stub.o)
 .ARM.attributes
                0x00000717       0x2d /home/hauke/tools/gcc-arm-none-eabi-4_8-2014q3/bin/../lib/gcc/arm-none-eabi/4.8.4/../../../../arm-none-eabi/lib/armv7-m/libc_s.a(lib_a-memset.o)
 .ARM.attributes
                0x00000744       0x2d /home/hauke/tools/gcc-arm-none-eabi-4_8-2014q3/bin/../lib/gcc/arm-none-eabi/4.8.4/../../../../arm-none-eabi/lib/armv7-m/libc_s.a(lib_a-nano-freer.o)
 .ARM.attributes
                0x00000771       0x2d /home/hauke/tools/gcc-arm-none-eabi-4_8-2014q3/bin/../lib/gcc/arm-none-eabi/4.8.4/../../../../arm-none-eabi/lib/armv7-m/libc_s.a(lib_a-nano-mallocr.o)
 .ARM.attributes
                0x0000079e       0x2d /home/hauke/tools/gcc-arm-none-eabi-4_8-2014q3/bin/../lib/gcc/arm-none-eabi/4.8.4/../../../../arm-none-eabi/lib/armv7-m/libc_s.a(lib_a-stdio.o)
 .ARM.attributes
                0x000007cb       0x2d /home/hauke/tools/gcc-arm-none-eabi-4_8-2014q3/bin/../lib/gcc/arm-none-eabi/4.8.4/../../../../arm-none-eabi/lib/armv7-m/libc_s.a(lib_a-strlen.o)

.debug_frame    0x00000000      0xf40
 .debug_frame   0x00000000      0x13c /home/hauke/dev/riot/RIOT/examples/hello-world/bin/iotlab-m3/newlib/syscalls.o
 .debug_frame   0x0000013c       0x20 /home/hauke/dev/riot/RIOT/examples/hello-world/bin/iotlab-m3/cpu/vectors.o
 .debug_frame   0x0000015c       0x78 /home/hauke/dev/riot/RIOT/examples/hello-world/bin/iotlab-m3/core.a(sched.o)
 .debug_frame   0x000001d4       0x40 /home/hauke/dev/riot/RIOT/examples/hello-world/bin/iotlab-m3/core.a(bitarithm.o)
 .debug_frame   0x00000214       0x30 /home/hauke/dev/riot/RIOT/examples/hello-world/bin/iotlab-m3/core.a(clist.o)
 .debug_frame   0x00000244       0x50 /home/hauke/dev/riot/RIOT/examples/hello-world/bin/iotlab-m3/cortexm_common.a(irq_arch.o)
 .debug_frame   0x00000294       0x74 /home/hauke/dev/riot/RIOT/examples/hello-world/bin/iotlab-m3/cortexm_common.a(thread_arch.o)
 .debug_frame   0x00000308      0x110 /home/hauke/dev/riot/RIOT/examples/hello-world/bin/iotlab-m3/cortexm_common.a(vectors_cortexm.o)
 .debug_frame   0x00000418       0x6c /home/hauke/dev/riot/RIOT/examples/hello-world/bin/iotlab-m3/uart_stdio.a(uart_stdio.o)
 .debug_frame   0x00000484       0x28 /home/hauke/dev/riot/RIOT/examples/hello-world/bin/iotlab-m3/iotlab-m3_base.a(board.o)
 .debug_frame   0x000004ac       0x60 /home/hauke/dev/riot/RIOT/examples/hello-world/bin/iotlab-m3/core.a(kernel_init.o)
 .debug_frame   0x0000050c       0x90 /home/hauke/dev/riot/RIOT/examples/hello-world/bin/iotlab-m3/core.a(mutex.o)
 .debug_frame   0x0000059c       0x28 /home/hauke/dev/riot/RIOT/examples/hello-world/bin/iotlab-m3/core.a(panic.o)
 .debug_frame   0x000005c4       0x48 /home/hauke/dev/riot/RIOT/examples/hello-world/bin/iotlab-m3/core.a(priority_queue.o)
 .debug_frame   0x0000060c       0xd8 /home/hauke/dev/riot/RIOT/examples/hello-world/bin/iotlab-m3/core.a(thread.o)
 .debug_frame   0x000006e4       0x20 /home/hauke/dev/riot/RIOT/examples/hello-world/bin/iotlab-m3/cortexm_common.a(atomic_arch.o)
 .debug_frame   0x00000704       0x28 /home/hauke/dev/riot/RIOT/examples/hello-world/bin/iotlab-m3/cortexm_common.a(panic.o)
 .debug_frame   0x0000072c       0x28 /home/hauke/dev/riot/RIOT/examples/hello-world/bin/iotlab-m3/cpu.a(cpu.o)
 .debug_frame   0x00000754       0x70 /home/hauke/dev/riot/RIOT/examples/hello-world/bin/iotlab-m3/cpu.a(lpm_arch.o)
 .debug_frame   0x000007c4       0x60 /home/hauke/dev/riot/RIOT/examples/hello-world/bin/iotlab-m3/periph.a(uart.o)
 .debug_frame   0x00000824      0x10c /home/hauke/dev/riot/RIOT/examples/hello-world/bin/iotlab-m3/periph.a(gpio.o)
 .debug_frame   0x00000930       0x78 /home/hauke/dev/riot/RIOT/examples/hello-world/bin/iotlab-m3/tsrb.a(tsrb.o)
 .debug_frame   0x000009a8       0x28 /home/hauke/dev/riot/RIOT/examples/hello-world/bin/iotlab-m3/hello-world.a(main.o)
 .debug_frame   0x000009d0       0x20 /home/hauke/dev/riot/RIOT/examples/hello-world/bin/iotlab-m3/auto_init.a(auto_init.o)
 .debug_frame   0x000009f0       0x20 /home/hauke/dev/riot/RIOT/examples/hello-world/bin/iotlab-m3/cortexm_common.a(cortexm_init.o)
 .debug_frame   0x00000a10       0x2c /home/hauke/tools/gcc-arm-none-eabi-4_8-2014q3/bin/../lib/gcc/arm-none-eabi/4.8.4/../../../../arm-none-eabi/lib/armv7-m/libc_s.a(lib_a-init.o)
 .debug_frame   0x00000a3c       0x60 /home/hauke/tools/gcc-arm-none-eabi-4_8-2014q3/bin/../lib/gcc/arm-none-eabi/4.8.4/../../../../arm-none-eabi/lib/armv7-m/libc_s.a(lib_a-printf.o)
 .debug_frame   0x00000a9c       0x3c /home/hauke/tools/gcc-arm-none-eabi-4_8-2014q3/bin/../lib/gcc/arm-none-eabi/4.8.4/../../../../arm-none-eabi/lib/armv7-m/libc_s.a(lib_a-puts.o)
 .debug_frame   0x00000ad8       0xa8 /home/hauke/tools/gcc-arm-none-eabi-4_8-2014q3/bin/../lib/gcc/arm-none-eabi/4.8.4/../../../../arm-none-eabi/lib/armv7-m/libc_s.a(lib_a-vfprintf.o)
 .debug_frame   0x00000b80       0x60 /home/hauke/tools/gcc-arm-none-eabi-4_8-2014q3/bin/../lib/gcc/arm-none-eabi/4.8.4/../../../../arm-none-eabi/lib/armv7-m/libc_s.a(lib_a-vfprintf_i.o)
 .debug_frame   0x00000be0       0x3c /home/hauke/tools/gcc-arm-none-eabi-4_8-2014q3/bin/../lib/gcc/arm-none-eabi/4.8.4/../../../../arm-none-eabi/lib/armv7-m/libc_s.a(lib_a-wbuf.o)
 .debug_frame   0x00000c1c       0x2c /home/hauke/tools/gcc-arm-none-eabi-4_8-2014q3/bin/../lib/gcc/arm-none-eabi/4.8.4/../../../../arm-none-eabi/lib/armv7-m/libc_s.a(lib_a-wsetup.o)
 .debug_frame   0x00000c48       0x5c /home/hauke/tools/gcc-arm-none-eabi-4_8-2014q3/bin/../lib/gcc/arm-none-eabi/4.8.4/../../../../arm-none-eabi/lib/armv7-m/libc_s.a(lib_a-fflush.o)
 .debug_frame   0x00000ca4      0x12c /home/hauke/tools/gcc-arm-none-eabi-4_8-2014q3/bin/../lib/gcc/arm-none-eabi/4.8.4/../../../../arm-none-eabi/lib/armv7-m/libc_s.a(lib_a-findfp.o)
 .debug_frame   0x00000dd0       0x30 /home/hauke/tools/gcc-arm-none-eabi-4_8-2014q3/bin/../lib/gcc/arm-none-eabi/4.8.4/../../../../arm-none-eabi/lib/armv7-m/libc_s.a(lib_a-makebuf.o)
 .debug_frame   0x00000e00       0x28 /home/hauke/tools/gcc-arm-none-eabi-4_8-2014q3/bin/../lib/gcc/arm-none-eabi/4.8.4/../../../../arm-none-eabi/lib/armv7-m/libc_s.a(lib_a-memchr-stub.o)
 .debug_frame   0x00000e28       0x20 /home/hauke/tools/gcc-arm-none-eabi-4_8-2014q3/bin/../lib/gcc/arm-none-eabi/4.8.4/../../../../arm-none-eabi/lib/armv7-m/libc_s.a(lib_a-memset.o)
 .debug_frame   0x00000e48       0x2c /home/hauke/tools/gcc-arm-none-eabi-4_8-2014q3/bin/../lib/gcc/arm-none-eabi/4.8.4/../../../../arm-none-eabi/lib/armv7-m/libc_s.a(lib_a-nano-freer.o)
 .debug_frame   0x00000e74       0x2c /home/hauke/tools/gcc-arm-none-eabi-4_8-2014q3/bin/../lib/gcc/arm-none-eabi/4.8.4/../../../../arm-none-eabi/lib/armv7-m/libc_s.a(lib_a-nano-mallocr.o)
 .debug_frame   0x00000ea0       0x80 /home/hauke/tools/gcc-arm-none-eabi-4_8-2014q3/bin/../lib/gcc/arm-none-eabi/4.8.4/../../../../arm-none-eabi/lib/armv7-m/libc_s.a(lib_a-stdio.o)
 .debug_frame   0x00000f20       0x20 /home/hauke/tools/gcc-arm-none-eabi-4_8-2014q3/bin/../lib/gcc/arm-none-eabi/4.8.4/../../../../arm-none-eabi/lib/armv7-m/libc_s.a(lib_a-strlen.o)

Cross Reference Table

Symbol                                            File
__errno                                           /home/hauke/tools/gcc-arm-none-eabi-4_8-2014q3/bin/../lib/gcc/arm-none-eabi/4.8.4/../../../../arm-none-eabi/lib/armv7-m/libc_s.a(lib_a-errno.o)
                                                  /home/hauke/dev/riot/RIOT/examples/hello-world/bin/iotlab-m3/newlib/syscalls.o
__fp_lock_all                                     /home/hauke/tools/gcc-arm-none-eabi-4_8-2014q3/bin/../lib/gcc/arm-none-eabi/4.8.4/../../../../arm-none-eabi/lib/armv7-m/libc_s.a(lib_a-findfp.o)
__fp_unlock_all                                   /home/hauke/tools/gcc-arm-none-eabi-4_8-2014q3/bin/../lib/gcc/arm-none-eabi/4.8.4/../../../../arm-none-eabi/lib/armv7-m/libc_s.a(lib_a-findfp.o)
__init_array_end                                  /home/hauke/tools/gcc-arm-none-eabi-4_8-2014q3/bin/../lib/gcc/arm-none-eabi/4.8.4/../../../../arm-none-eabi/lib/armv7-m/libc_s.a(lib_a-init.o)
__init_array_start                                /home/hauke/tools/gcc-arm-none-eabi-4_8-2014q3/bin/../lib/gcc/arm-none-eabi/4.8.4/../../../../arm-none-eabi/lib/armv7-m/libc_s.a(lib_a-init.o)
__libc_init_array                                 /home/hauke/tools/gcc-arm-none-eabi-4_8-2014q3/bin/../lib/gcc/arm-none-eabi/4.8.4/../../../../arm-none-eabi/lib/armv7-m/libc_s.a(lib_a-init.o)
                                                  /home/hauke/dev/riot/RIOT/examples/hello-world/bin/iotlab-m3/cortexm_common.a(vectors_cortexm.o)
__malloc_free_list                                /home/hauke/tools/gcc-arm-none-eabi-4_8-2014q3/bin/../lib/gcc/arm-none-eabi/4.8.4/../../../../arm-none-eabi/lib/armv7-m/libc_s.a(lib_a-nano-mallocr.o)
                                                  /home/hauke/tools/gcc-arm-none-eabi-4_8-2014q3/bin/../lib/gcc/arm-none-eabi/4.8.4/../../../../arm-none-eabi/lib/armv7-m/libc_s.a(lib_a-nano-freer.o)
__malloc_sbrk_start                               /home/hauke/tools/gcc-arm-none-eabi-4_8-2014q3/bin/../lib/gcc/arm-none-eabi/4.8.4/../../../../arm-none-eabi/lib/armv7-m/libc_s.a(lib_a-nano-mallocr.o)
__preinit_array_end                               /home/hauke/tools/gcc-arm-none-eabi-4_8-2014q3/bin/../lib/gcc/arm-none-eabi/4.8.4/../../../../arm-none-eabi/lib/armv7-m/libc_s.a(lib_a-init.o)
__preinit_array_start                             /home/hauke/tools/gcc-arm-none-eabi-4_8-2014q3/bin/../lib/gcc/arm-none-eabi/4.8.4/../../../../arm-none-eabi/lib/armv7-m/libc_s.a(lib_a-init.o)
__sclose                                          /home/hauke/tools/gcc-arm-none-eabi-4_8-2014q3/bin/../lib/gcc/arm-none-eabi/4.8.4/../../../../arm-none-eabi/lib/armv7-m/libc_s.a(lib_a-stdio.o)
                                                  /home/hauke/tools/gcc-arm-none-eabi-4_8-2014q3/bin/../lib/gcc/arm-none-eabi/4.8.4/../../../../arm-none-eabi/lib/armv7-m/libc_s.a(lib_a-findfp.o)
__seofread                                        /home/hauke/tools/gcc-arm-none-eabi-4_8-2014q3/bin/../lib/gcc/arm-none-eabi/4.8.4/../../../../arm-none-eabi/lib/armv7-m/libc_s.a(lib_a-stdio.o)
__sf_fake_stderr                                  /home/hauke/tools/gcc-arm-none-eabi-4_8-2014q3/bin/../lib/gcc/arm-none-eabi/4.8.4/../../../../arm-none-eabi/lib/armv7-m/libc_s.a(lib_a-findfp.o)
                                                  /home/hauke/tools/gcc-arm-none-eabi-4_8-2014q3/bin/../lib/gcc/arm-none-eabi/4.8.4/../../../../arm-none-eabi/lib/armv7-m/libc_s.a(lib_a-fflush.o)
                                                  /home/hauke/tools/gcc-arm-none-eabi-4_8-2014q3/bin/../lib/gcc/arm-none-eabi/4.8.4/../../../../arm-none-eabi/lib/armv7-m/libc_s.a(lib_a-wsetup.o)
                                                  /home/hauke/tools/gcc-arm-none-eabi-4_8-2014q3/bin/../lib/gcc/arm-none-eabi/4.8.4/../../../../arm-none-eabi/lib/armv7-m/libc_s.a(lib_a-wbuf.o)
                                                  /home/hauke/tools/gcc-arm-none-eabi-4_8-2014q3/bin/../lib/gcc/arm-none-eabi/4.8.4/../../../../arm-none-eabi/lib/armv7-m/libc_s.a(lib_a-vfprintf.o)
                                                  /home/hauke/tools/gcc-arm-none-eabi-4_8-2014q3/bin/../lib/gcc/arm-none-eabi/4.8.4/../../../../arm-none-eabi/lib/armv7-m/libc_s.a(lib_a-impure.o)
__sf_fake_stdin                                   /home/hauke/tools/gcc-arm-none-eabi-4_8-2014q3/bin/../lib/gcc/arm-none-eabi/4.8.4/../../../../arm-none-eabi/lib/armv7-m/libc_s.a(lib_a-findfp.o)
                                                  /home/hauke/tools/gcc-arm-none-eabi-4_8-2014q3/bin/../lib/gcc/arm-none-eabi/4.8.4/../../../../arm-none-eabi/lib/armv7-m/libc_s.a(lib_a-fflush.o)
                                                  /home/hauke/tools/gcc-arm-none-eabi-4_8-2014q3/bin/../lib/gcc/arm-none-eabi/4.8.4/../../../../arm-none-eabi/lib/armv7-m/libc_s.a(lib_a-wsetup.o)
                                                  /home/hauke/tools/gcc-arm-none-eabi-4_8-2014q3/bin/../lib/gcc/arm-none-eabi/4.8.4/../../../../arm-none-eabi/lib/armv7-m/libc_s.a(lib_a-wbuf.o)