Archive member included because of file (symbol)

/home/hauke/dev/riot/RIOT/examples/hello-world/bin/xmc-2go/core.a(reboot.o)
                              /home/hauke/dev/riot/RIOT/examples/hello-world/bin/xmc-2go/newlib/syscalls.o (reboot)
/home/hauke/dev/riot/RIOT/examples/hello-world/bin/xmc-2go/core.a(sched.o)
                              /home/hauke/dev/riot/RIOT/examples/hello-world/bin/xmc-2go/newlib/syscalls.o (sched_active_pid)
/home/hauke/dev/riot/RIOT/examples/hello-world/bin/xmc-2go/core.a(bitarithm.o)
                              /home/hauke/dev/riot/RIOT/examples/hello-world/bin/xmc-2go/core.a(sched.o) (bitarithm_lsb)
/home/hauke/dev/riot/RIOT/examples/hello-world/bin/xmc-2go/core.a(clist.o)
                              /home/hauke/dev/riot/RIOT/examples/hello-world/bin/xmc-2go/core.a(sched.o) (clist_add)
/home/hauke/dev/riot/RIOT/examples/hello-world/bin/xmc-2go/cortexm_common.a(irq_arch.o)
                              /home/hauke/dev/riot/RIOT/examples/hello-world/bin/xmc-2go/newlib/syscalls.o (irq_arch_disable)
/home/hauke/dev/riot/RIOT/examples/hello-world/bin/xmc-2go/cortexm_common.a(reboot_arch.o)
                              /home/hauke/dev/riot/RIOT/examples/hello-world/bin/xmc-2go/core.a(reboot.o) (reboot_arch)
/home/hauke/dev/riot/RIOT/examples/hello-world/bin/xmc-2go/cortexm_common.a(thread_arch.o)
                              /home/hauke/dev/riot/RIOT/examples/hello-world/bin/xmc-2go/core.a(sched.o) (thread_arch_start_threading)
/home/hauke/dev/riot/RIOT/examples/hello-world/bin/xmc-2go/cortexm_common.a(vectors_cortexm.o)
                              /home/hauke/dev/riot/RIOT/examples/hello-world/bin/xmc-2go/cpu/vectors.o (reset_handler_default)
/home/hauke/dev/riot/RIOT/examples/hello-world/bin/xmc-2go/uart_stdio.a(uart_stdio.o)
                              /home/hauke/dev/riot/RIOT/examples/hello-world/bin/xmc-2go/newlib/syscalls.o (uart_stdio_init)
/home/hauke/dev/riot/RIOT/examples/hello-world/bin/xmc-2go/xmc-2go_base.a(board.o)
                              /home/hauke/dev/riot/RIOT/examples/hello-world/bin/xmc-2go/cortexm_common.a(vectors_cortexm.o) (board_init)
/home/hauke/dev/riot/RIOT/examples/hello-world/bin/xmc-2go/core.a(kernel_init.o)
                              /home/hauke/dev/riot/RIOT/examples/hello-world/bin/xmc-2go/cortexm_common.a(vectors_cortexm.o) (kernel_init)
/home/hauke/dev/riot/RIOT/examples/hello-world/bin/xmc-2go/core.a(mutex.o)
                              /home/hauke/dev/riot/RIOT/examples/hello-world/bin/xmc-2go/uart_stdio.a(uart_stdio.o) (mutex_lock)
/home/hauke/dev/riot/RIOT/examples/hello-world/bin/xmc-2go/core.a(panic.o)
                              /home/hauke/dev/riot/RIOT/examples/hello-world/bin/xmc-2go/cortexm_common.a(vectors_cortexm.o) (core_panic)
/home/hauke/dev/riot/RIOT/examples/hello-world/bin/xmc-2go/core.a(priority_queue.o)
                              /home/hauke/dev/riot/RIOT/examples/hello-world/bin/xmc-2go/core.a(mutex.o) (priority_queue_remove_head)
/home/hauke/dev/riot/RIOT/examples/hello-world/bin/xmc-2go/core.a(thread.o)
                              /home/hauke/dev/riot/RIOT/examples/hello-world/bin/xmc-2go/core.a(kernel_init.o) (thread_create)
/home/hauke/dev/riot/RIOT/examples/hello-world/bin/xmc-2go/core.a(atomic.o)
                              /home/hauke/dev/riot/RIOT/examples/hello-world/bin/xmc-2go/core.a(mutex.o) (atomic_cas)
/home/hauke/dev/riot/RIOT/examples/hello-world/bin/xmc-2go/cortexm_common.a(panic.o)
                              /home/hauke/dev/riot/RIOT/examples/hello-world/bin/xmc-2go/core.a(panic.o) (panic_arch)
/home/hauke/dev/riot/RIOT/examples/hello-world/bin/xmc-2go/cpu.a(cpu.o)
                              /home/hauke/dev/riot/RIOT/examples/hello-world/bin/xmc-2go/xmc-2go_base.a(board.o) (cpu_init)
/home/hauke/dev/riot/RIOT/examples/hello-world/bin/xmc-2go/cpu.a(lpm_arch.o)
                              /home/hauke/dev/riot/RIOT/examples/hello-world/bin/xmc-2go/core.a(kernel_init.o) (lpm_arch_set)
/home/hauke/dev/riot/RIOT/examples/hello-world/bin/xmc-2go/periph.a(uart.o)
                              /home/hauke/dev/riot/RIOT/examples/hello-world/bin/xmc-2go/uart_stdio.a(uart_stdio.o) (uart_init)
/home/hauke/dev/riot/RIOT/examples/hello-world/bin/xmc-2go/periph.a(gpio.o)
                              /home/hauke/dev/riot/RIOT/examples/hello-world/bin/xmc-2go/periph.a(uart.o) (gpio_init)
/home/hauke/dev/riot/RIOT/examples/hello-world/bin/xmc-2go/tsrb.a(tsrb.o)
                              /home/hauke/dev/riot/RIOT/examples/hello-world/bin/xmc-2go/uart_stdio.a(uart_stdio.o) (tsrb_get)
/home/hauke/dev/riot/RIOT/examples/hello-world/bin/xmc-2go/hello-world.a(main.o)
                              /home/hauke/dev/riot/RIOT/examples/hello-world/bin/xmc-2go/core.a(kernel_init.o) (main)
/home/hauke/dev/riot/RIOT/examples/hello-world/bin/xmc-2go/auto_init.a(auto_init.o)
                              /home/hauke/dev/riot/RIOT/examples/hello-world/bin/xmc-2go/core.a(kernel_init.o) (auto_init)
[...]
Memory Configuration

Name             Origin             Length             Attributes
rom              0x10001000         0x00010000         xr
ram              0x20000000         0x00004000         xrw
*default*        0x00000000         0xffffffff

Linker script and memory map

LOAD /home/hauke/dev/riot/RIOT/examples/hello-world/bin/xmc-2go/newlib/syscalls.o
LOAD /home/hauke/dev/riot/RIOT/examples/hello-world/bin/xmc-2go/cpu/vectors.o
START GROUP
LOAD /home/hauke/dev/riot/RIOT/examples/hello-world/bin/xmc-2go/auto_init.a
LOAD /home/hauke/dev/riot/RIOT/examples/hello-world/bin/xmc-2go/core.a
LOAD /home/hauke/dev/riot/RIOT/examples/hello-world/bin/xmc-2go/cortexm_common.a
LOAD /home/hauke/dev/riot/RIOT/examples/hello-world/bin/xmc-2go/cpu.a
LOAD /home/hauke/dev/riot/RIOT/examples/hello-world/bin/xmc-2go/periph.a
LOAD /home/hauke/dev/riot/RIOT/examples/hello-world/bin/xmc-2go/sys.a
LOAD /home/hauke/dev/riot/RIOT/examples/hello-world/bin/xmc-2go/tsrb.a
LOAD /home/hauke/dev/riot/RIOT/examples/hello-world/bin/xmc-2go/uart_stdio.a
LOAD /home/hauke/dev/riot/RIOT/examples/hello-world/bin/xmc-2go/xmc-2go_base.a
LOAD /home/hauke/dev/riot/RIOT/examples/hello-world/bin/xmc-2go/hello-world.a
LOAD /home/hauke/tools/gcc-arm-none-eabi-4_8-2014q3/bin/../lib/gcc/arm-none-eabi/4.8.4/../../../../arm-none-eabi/lib/armv6-m/libm.a
END GROUP
LOAD /home/hauke/tools/gcc-arm-none-eabi-4_8-2014q3/bin/../lib/gcc/arm-none-eabi/4.8.4/armv6-m/libgcc.a
LOAD /home/hauke/tools/gcc-arm-none-eabi-4_8-2014q3/bin/../lib/gcc/arm-none-eabi/4.8.4/../../../../arm-none-eabi/lib/armv6-m/libc_s.a
LOAD /home/hauke/tools/gcc-arm-none-eabi-4_8-2014q3/bin/../lib/gcc/arm-none-eabi/4.8.4/../../../../arm-none-eabi/lib/armv6-m/libnosys.a
START GROUP
LOAD /home/hauke/tools/gcc-arm-none-eabi-4_8-2014q3/bin/../lib/gcc/arm-none-eabi/4.8.4/armv6-m/libgcc.a
LOAD /home/hauke/tools/gcc-arm-none-eabi-4_8-2014q3/bin/../lib/gcc/arm-none-eabi/4.8.4/../../../../arm-none-eabi/lib/armv6-m/libc_s.a
END GROUP
START GROUP
LOAD /home/hauke/tools/gcc-arm-none-eabi-4_8-2014q3/bin/../lib/gcc/arm-none-eabi/4.8.4/armv6-m/libgcc.a
LOAD /home/hauke/tools/gcc-arm-none-eabi-4_8-2014q3/bin/../lib/gcc/arm-none-eabi/4.8.4/../../../../arm-none-eabi/lib/armv6-m/libc_s.a
END GROUP

.text           0x10001000     0x1d18
                0x10001000                . = ALIGN (0x4)
                0x10001000                _sfixed = .
 *(.vectors .vectors.*)
 .vectors       0x10001000       0x18 /home/hauke/dev/riot/RIOT/examples/hello-world/bin/xmc-2go/cpu/vectors.o
                0x10001000                isr_vector
 *(.text .text.* .gnu.linkonce.t.*)
 .text._init    0x10001018        0x8 /home/hauke/dev/riot/RIOT/examples/hello-world/bin/xmc-2go/newlib/syscalls.o
                0x10001018                _init
 .text._sbrk_r  0x10001020       0x3c /home/hauke/dev/riot/RIOT/examples/hello-world/bin/xmc-2go/newlib/syscalls.o
                0x10001020                _sbrk_r
 .text._read_r  0x1000105c        0xc /home/hauke/dev/riot/RIOT/examples/hello-world/bin/xmc-2go/newlib/syscalls.o
                0x1000105c                _read_r
 .text._write_r
                0x10001068        0xc /home/hauke/dev/riot/RIOT/examples/hello-world/bin/xmc-2go/newlib/syscalls.o
                0x10001068                _write_r
 .text._close_r
                0x10001074        0xa /home/hauke/dev/riot/RIOT/examples/hello-world/bin/xmc-2go/newlib/syscalls.o
                0x10001074                _close_r
 .text._lseek_r
                0x1000107e        0xa /home/hauke/dev/riot/RIOT/examples/hello-world/bin/xmc-2go/newlib/syscalls.o
                0x1000107e                _lseek_r
 .text._fstat_r
                0x10001088        0xa /home/hauke/dev/riot/RIOT/examples/hello-world/bin/xmc-2go/newlib/syscalls.o
                0x10001088                _fstat_r
 .text._isatty_r
                0x10001092        0xe /home/hauke/dev/riot/RIOT/examples/hello-world/bin/xmc-2go/newlib/syscalls.o
                0x10001092                _isatty_r
 .text.dummy_handler
                0x100010a0        0x8 /home/hauke/dev/riot/RIOT/examples/hello-world/bin/xmc-2go/cpu/vectors.o
                0x100010a0                isr_scu0
                0x100010a0                isr_usic4
                0x100010a0                isr_usic1
                0x100010a0                isr_ccu2
                0x100010a0                isr_ccu0
                0x100010a0                isr_ccu3
                0x100010a0                isr_scu2
                0x100010a0                dummy_handler
                0x100010a0                isr_usic2
                0x100010a0                isr_vadc1
                0x100010a0                isr_scu1
                0x100010a0                isr_vadc0
                0x100010a0                isr_usic0
                0x100010a0                isr_usic3
                0x100010a0                isr_systick
                0x100010a0                isr_ccu1
 .text.sched_run
                0x100010a8       0x58 /home/hauke/dev/riot/RIOT/examples/hello-world/bin/xmc-2go/core.a(sched.o)
                0x100010a8                sched_run
 .text.sched_set_status
                0x10001100       0x6c /home/hauke/dev/riot/RIOT/examples/hello-world/bin/xmc-2go/core.a(sched.o)
                0x10001100                sched_set_status
 .text.sched_switch
                0x1000116c       0x30 /home/hauke/dev/riot/RIOT/examples/hello-world/bin/xmc-2go/core.a(sched.o)
                0x1000116c                sched_switch
 .text.sched_task_exit
                0x1000119c       0x3c /home/hauke/dev/riot/RIOT/examples/hello-world/bin/xmc-2go/core.a(sched.o)
                0x1000119c                sched_task_exit
 .text.bitarithm_lsb
                0x100011d8       0x10 /home/hauke/dev/riot/RIOT/examples/hello-world/bin/xmc-2go/core.a(bitarithm.o)
                0x100011d8                bitarithm_lsb
 .text.clist_add
                0x100011e8       0x2c /home/hauke/dev/riot/RIOT/examples/hello-world/bin/xmc-2go/core.a(clist.o)
                0x100011e8                clist_add
 .text.clist_remove
                0x10001214       0x1c /home/hauke/dev/riot/RIOT/examples/hello-world/bin/xmc-2go/core.a(clist.o)
                0x10001214                clist_remove
 .text.irq_arch_disable
                0x10001230        0x8 /home/hauke/dev/riot/RIOT/examples/hello-world/bin/xmc-2go/cortexm_common.a(irq_arch.o)
                0x10001230                irq_arch_disable
 .text.irq_arch_enable
                0x10001238        0x8 /home/hauke/dev/riot/RIOT/examples/hello-world/bin/xmc-2go/cortexm_common.a(irq_arch.o)
                0x10001238                irq_arch_enable
 .text.irq_arch_restore
                0x10001240        0x6 /home/hauke/dev/riot/RIOT/examples/hello-world/bin/xmc-2go/cortexm_common.a(irq_arch.o)
                0x10001240                irq_arch_restore
 .text.irq_arch_in
                0x10001246        0x8 /home/hauke/dev/riot/RIOT/examples/hello-world/bin/xmc-2go/cortexm_common.a(irq_arch.o)
                0x10001246                irq_arch_in
 *fill*         0x1000124e        0x2 
 .text.thread_arch_stack_init
                0x10001250       0x90 /home/hauke/dev/riot/RIOT/examples/hello-world/bin/xmc-2go/cortexm_common.a(thread_arch.o)
                0x10001250                thread_arch_stack_init
 .text.thread_arch_start_threading
                0x100012e0        0x8 /home/hauke/dev/riot/RIOT/examples/hello-world/bin/xmc-2go/cortexm_common.a(thread_arch.o)
                0x100012e0                thread_arch_start_threading
 .text.thread_arch_yield
                0x100012e8       0x14 /home/hauke/dev/riot/RIOT/examples/hello-world/bin/xmc-2go/cortexm_common.a(thread_arch.o)
                0x100012e8                thread_arch_yield
 .text.arch_context_switch
                0x100012fc       0x4c /home/hauke/dev/riot/RIOT/examples/hello-world/bin/xmc-2go/cortexm_common.a(thread_arch.o)
                0x100012fc                isr_pendsv
                0x100012fc                arch_context_switch
                0x1000131c                isr_svc
 .text.pre_startup
                0x10001348        0x2 /home/hauke/dev/riot/RIOT/examples/hello-world/bin/xmc-2go/cortexm_common.a(vectors_cortexm.o)
                0x10001348                pre_startup
 .text.post_startup
                0x1000134a        0x2 /home/hauke/dev/riot/RIOT/examples/hello-world/bin/xmc-2go/cortexm_common.a(vectors_cortexm.o)
                0x1000134a                post_startup
 .text.reset_handler_default
                0x1000134c       0x74 /home/hauke/dev/riot/RIOT/examples/hello-world/bin/xmc-2go/cortexm_common.a(vectors_cortexm.o)
                0x1000134c                reset_handler_default
 .text.nmi_default
                0x100013c0       0x10 /home/hauke/dev/riot/RIOT/examples/hello-world/bin/xmc-2go/cortexm_common.a(vectors_cortexm.o)
                0x100013c0                nmi_default
 .text.hard_fault_default
                0x100013d0       0x48 /home/hauke/dev/riot/RIOT/examples/hello-world/bin/xmc-2go/cortexm_common.a(vectors_cortexm.o)
                0x100013d0                hard_fault_default
 .text.hard_fault_handler
                0x10001418      0x108 /home/hauke/dev/riot/RIOT/examples/hello-world/bin/xmc-2go/cortexm_common.a(vectors_cortexm.o)
                0x10001418                hard_fault_handler
 .text.dummy_handler_default
                0x10001520       0x10 /home/hauke/dev/riot/RIOT/examples/hello-world/bin/xmc-2go/cortexm_common.a(vectors_cortexm.o)
                0x10001520                dummy_handler_default
 .text.uart_stdio_rx_cb
                0x10001530       0x18 /home/hauke/dev/riot/RIOT/examples/hello-world/bin/xmc-2go/uart_stdio.a(uart_stdio.o)
                0x10001530                uart_stdio_rx_cb
 .text.uart_stdio_init
                0x10001548       0x18 /home/hauke/dev/riot/RIOT/examples/hello-world/bin/xmc-2go/uart_stdio.a(uart_stdio.o)
                0x10001548                uart_stdio_init
 .text.uart_stdio_read
                0x10001560       0x28 /home/hauke/dev/riot/RIOT/examples/hello-world/bin/xmc-2go/uart_stdio.a(uart_stdio.o)
                0x10001560                uart_stdio_read
 .text.uart_stdio_write
                0x10001588       0x14 /home/hauke/dev/riot/RIOT/examples/hello-world/bin/xmc-2go/uart_stdio.a(uart_stdio.o)
                0x10001588                uart_stdio_write
 .text.board_init
                0x1000159c       0x20 /home/hauke/dev/riot/RIOT/examples/hello-world/bin/xmc-2go/xmc-2go_base.a(board.o)
                0x1000159c                board_init
 .text.main_trampoline
                0x100015bc       0x18 /home/hauke/dev/riot/RIOT/examples/hello-world/bin/xmc-2go/core.a(kernel_init.o)
 .text.idle_thread
                0x100015d4       0x14 /home/hauke/dev/riot/RIOT/examples/hello-world/bin/xmc-2go/core.a(kernel_init.o)
 .text.kernel_init
                0x100015e8       0x58 /home/hauke/dev/riot/RIOT/examples/hello-world/bin/xmc-2go/core.a(kernel_init.o)
                0x100015e8                kernel_init
 .text.atomic_set_to_one
                0x10001640       0x1e /home/hauke/dev/riot/RIOT/examples/hello-world/bin/xmc-2go/core.a(mutex.o)
 *fill*         0x1000165e        0x2 
 .text.mutex_lock
                0x10001660       0x54 /home/hauke/dev/riot/RIOT/examples/hello-world/bin/xmc-2go/core.a(mutex.o)
                0x10001660                mutex_lock
 .text.mutex_unlock
                0x100016b4       0x3e /home/hauke/dev/riot/RIOT/examples/hello-world/bin/xmc-2go/core.a(mutex.o)
                0x100016b4                mutex_unlock
 *fill*         0x100016f2        0x2 
 .text.core_panic
                0x100016f4       0x48 /home/hauke/dev/riot/RIOT/examples/hello-world/bin/xmc-2go/core.a(panic.o)
                0x100016f4                core_panic
 .text.priority_queue_remove_head
                0x1000173c        0xe /home/hauke/dev/riot/RIOT/examples/hello-world/bin/xmc-2go/core.a(priority_queue.o)
                0x1000173c                priority_queue_remove_head
 .text.priority_queue_add
                0x1000174a       0x20 /home/hauke/dev/riot/RIOT/examples/hello-world/bin/xmc-2go/core.a(priority_queue.o)
                0x1000174a                priority_queue_add
 *fill*         0x1000176a        0x2 
 .text.thread_yield
                0x1000176c       0x30 /home/hauke/dev/riot/RIOT/examples/hello-world/bin/xmc-2go/core.a(thread.o)
                0x1000176c                thread_yield
 .text.thread_create
                0x1000179c       0xf4 /home/hauke/dev/riot/RIOT/examples/hello-world/bin/xmc-2go/core.a(thread.o)
                0x1000179c                thread_create
 .text.atomic_cas
                0x10001890       0x24 /home/hauke/dev/riot/RIOT/examples/hello-world/bin/xmc-2go/core.a(atomic.o)
                0x10001890                atomic_cas
 .text.panic_arch
                0x100018b4        0xc /home/hauke/dev/riot/RIOT/examples/hello-world/bin/xmc-2go/cortexm_common.a(panic.o)
                0x100018b4                panic_arch
 .text.cpu_init
                0x100018c0        0x8 /home/hauke/dev/riot/RIOT/examples/hello-world/bin/xmc-2go/cpu.a(cpu.o)
                0x100018c0                cpu_init
 .text.lpm_arch_set
                0x100018c8        0x4 /home/hauke/dev/riot/RIOT/examples/hello-world/bin/xmc-2go/cpu.a(lpm_arch.o)
                0x100018c8                lpm_arch_set
 .text.uart_init
                0x100018cc       0xb8 /home/hauke/dev/riot/RIOT/examples/hello-world/bin/xmc-2go/periph.a(uart.o)
                0x100018cc                uart_init
 .text.uart_write
                0x10001984       0x28 /home/hauke/dev/riot/RIOT/examples/hello-world/bin/xmc-2go/periph.a(uart.o)
                0x10001984                uart_write
 .text.isr_usic5
                0x100019ac       0x38 /home/hauke/dev/riot/RIOT/examples/hello-world/bin/xmc-2go/periph.a(uart.o)
                0x100019ac                isr_usic5
 .text.gpio_init
                0x100019e4       0x20 /home/hauke/dev/riot/RIOT/examples/hello-world/bin/xmc-2go/periph.a(gpio.o)
                0x100019e4                gpio_init
 .text.isr_eru  0x10001a04       0x24 /home/hauke/dev/riot/RIOT/examples/hello-world/bin/xmc-2go/periph.a(gpio.o)
                0x10001a04                isr_eru
 .text.isr_eru0
                0x10001a28        0xa /home/hauke/dev/riot/RIOT/examples/hello-world/bin/xmc-2go/periph.a(gpio.o)
                0x10001a28                isr_eru0
 .text.isr_eru1
                0x10001a32        0xa /home/hauke/dev/riot/RIOT/examples/hello-world/bin/xmc-2go/periph.a(gpio.o)
                0x10001a32                isr_eru1
 .text.isr_eru2
                0x10001a3c        0xa /home/hauke/dev/riot/RIOT/examples/hello-world/bin/xmc-2go/periph.a(gpio.o)
                0x10001a3c                isr_eru2
 .text.isr_eru3
                0x10001a46        0xa /home/hauke/dev/riot/RIOT/examples/hello-world/bin/xmc-2go/periph.a(gpio.o)
                0x10001a46                isr_eru3
 .text.tsrb_get
                0x10001a50       0x2c /home/hauke/dev/riot/RIOT/examples/hello-world/bin/xmc-2go/tsrb.a(tsrb.o)
                0x10001a50                tsrb_get
 .text.tsrb_add_one
                0x10001a7c       0x26 /home/hauke/dev/riot/RIOT/examples/hello-world/bin/xmc-2go/tsrb.a(tsrb.o)
                0x10001a7c                tsrb_add_one
 *fill*         0x10001aa2        0x2 
 .text.startup.main
                0x10001aa4       0x30 /home/hauke/dev/riot/RIOT/examples/hello-world/bin/xmc-2go/hello-world.a(main.o)
                0x10001aa4                main
 .text.auto_init
                0x10001ad4        0x2 /home/hauke/dev/riot/RIOT/examples/hello-world/bin/xmc-2go/auto_init.a(auto_init.o)
                0x10001ad4                auto_init
 *fill*         0x10001ad6        0x2 
 .text.cortexm_init
                0x10001ad8       0x60 /home/hauke/dev/riot/RIOT/examples/hello-world/bin/xmc-2go/cortexm_common.a(cortexm_init.o)
                0x10001ad8                cortexm_init
 .text          0x10001b38       0x9c /home/hauke/tools/gcc-arm-none-eabi-4_8-2014q3/bin/../lib/gcc/arm-none-eabi/4.8.4/armv6-m/libgcc.a(_udivsi3.o)
                0x10001b38                __udivsi3
                0x10001b38                __aeabi_uidiv
                0x10001bc0                __aeabi_uidivmod
 .text          0x10001bd4        0x4 /home/hauke/tools/gcc-arm-none-eabi-4_8-2014q3/bin/../lib/gcc/arm-none-eabi/4.8.4/armv6-m/libgcc.a(_dvmd_tls.o)
                0x10001bd4                __aeabi_ldiv0
                0x10001bd4                __aeabi_idiv0
 .text.__libc_init_array
                0x10001bd8       0x4c /home/hauke/tools/gcc-arm-none-eabi-4_8-2014q3/bin/../lib/gcc/arm-none-eabi/4.8.4/../../../../arm-none-eabi/lib/armv6-m/libc_s.a(lib_a-init.o)
                0x10001bd8                __libc_init_array
 .text.printf   0x10001c24       0x34 /home/hauke/tools/gcc-arm-none-eabi-4_8-2014q3/bin/../lib/gcc/arm-none-eabi/4.8.4/../../../../arm-none-eabi/lib/armv6-m/libc_s.a(lib_a-printf.o)
                0x10001c24                printf
                0x10001c24                iprintf
 .text._puts_r  0x10001c58       0xc2 /home/hauke/tools/gcc-arm-none-eabi-4_8-2014q3/bin/../lib/gcc/arm-none-eabi/4.8.4/../../../../arm-none-eabi/lib/armv6-m/libc_s.a(lib_a-puts.o)
                0x10001c58                _puts_r
 *fill*         0x10001d1a        0x2 
 .text.puts     0x10001d1c       0x14 /home/hauke/tools/gcc-arm-none-eabi-4_8-2014q3/bin/../lib/gcc/arm-none-eabi/4.8.4/../../../../arm-none-eabi/lib/armv6-m/libc_s.a(lib_a-puts.o)
                0x10001d1c                puts
 .text.__sfputc_r
                0x10001d30       0x2a /home/hauke/tools/gcc-arm-none-eabi-4_8-2014q3/bin/../lib/gcc/arm-none-eabi/4.8.4/../../../../arm-none-eabi/lib/armv6-m/libc_s.a(lib_a-vfprintf.o)
 .text.__sfputs_r
                0x10001d5a       0x24 /home/hauke/tools/gcc-arm-none-eabi-4_8-2014q3/bin/../lib/gcc/arm-none-eabi/4.8.4/../../../../arm-none-eabi/lib/armv6-m/libc_s.a(lib_a-vfprintf.o)
                0x10001d5a                __sfputs_r
 *fill*         0x10001d7e        0x2 
 .text._vfprintf_r
                0x10001d80      0x210 /home/hauke/tools/gcc-arm-none-eabi-4_8-2014q3/bin/../lib/gcc/arm-none-eabi/4.8.4/../../../../arm-none-eabi/lib/armv6-m/libc_s.a(lib_a-vfprintf.o)
                0x10001d80                _vfiprintf_r
                0x10001d80                _vfprintf_r
 .text._printf_common
                0x10001f90       0xe8 /home/hauke/tools/gcc-arm-none-eabi-4_8-2014q3/bin/../lib/gcc/arm-none-eabi/4.8.4/../../../../arm-none-eabi/lib/armv6-m/libc_s.a(lib_a-vfprintf_i.o)
                0x10001f90                _printf_common
 .text._printf_i
                0x10002078      0x22c /home/hauke/tools/gcc-arm-none-eabi-4_8-2014q3/bin/../lib/gcc/arm-none-eabi/4.8.4/../../../../arm-none-eabi/lib/armv6-m/libc_s.a(lib_a-vfprintf_i.o)
                0x10002078                _printf_i
 .text.__swbuf_r
                0x100022a4       0xb0 /home/hauke/tools/gcc-arm-none-eabi-4_8-2014q3/bin/../lib/gcc/arm-none-eabi/4.8.4/../../../../arm-none-eabi/lib/armv6-m/libc_s.a(lib_a-wbuf.o)
                0x100022a4                __swbuf_r
 .text.__swsetup_r
                0x10002354       0xe4 /home/hauke/tools/gcc-arm-none-eabi-4_8-2014q3/bin/../lib/gcc/arm-none-eabi/4.8.4/../../../../arm-none-eabi/lib/armv6-m/libc_s.a(lib_a-wsetup.o)
                0x10002354                __swsetup_r
 .text.__sflush_r
                0x10002438      0x112 /home/hauke/tools/gcc-arm-none-eabi-4_8-2014q3/bin/../lib/gcc/arm-none-eabi/4.8.4/../../../../arm-none-eabi/lib/armv6-m/libc_s.a(lib_a-fflush.o)
                0x10002438                __sflush_r
 *fill*         0x1000254a        0x2 
 .text._fflush_r
                0x1000254c       0x58 /home/hauke/tools/gcc-arm-none-eabi-4_8-2014q3/bin/../lib/gcc/arm-none-eabi/4.8.4/../../../../arm-none-eabi/lib/armv6-m/libc_s.a(lib_a-fflush.o)
                0x1000254c                _fflush_r
 .text._cleanup_r
                0x100025a4       0x34 /home/hauke/tools/gcc-arm-none-eabi-4_8-2014q3/bin/../lib/gcc/arm-none-eabi/4.8.4/../../../../arm-none-eabi/lib/armv6-m/libc_s.a(lib_a-findfp.o)
                0x100025a4                _cleanup_r
 .text.std.isra.0
                0x100025d8       0x48 /home/hauke/tools/gcc-arm-none-eabi-4_8-2014q3/bin/../lib/gcc/arm-none-eabi/4.8.4/../../../../arm-none-eabi/lib/armv6-m/libc_s.a(lib_a-findfp.o)
 .text.__sfmoreglue
                0x10002620       0x2c /home/hauke/tools/gcc-arm-none-eabi-4_8-2014q3/bin/../lib/gcc/arm-none-eabi/4.8.4/../../../../arm-none-eabi/lib/armv6-m/libc_s.a(lib_a-findfp.o)
                0x10002620                __sfmoreglue
 .text.__sinit  0x1000264c       0x64 /home/hauke/tools/gcc-arm-none-eabi-4_8-2014q3/bin/../lib/gcc/arm-none-eabi/4.8.4/../../../../arm-none-eabi/lib/armv6-m/libc_s.a(lib_a-findfp.o)
                0x1000264c                __sinit
 .text.__sfp    0x100026b0       0x7c /home/hauke/tools/gcc-arm-none-eabi-4_8-2014q3/bin/../lib/gcc/arm-none-eabi/4.8.4/../../../../arm-none-eabi/lib/armv6-m/libc_s.a(lib_a-findfp.o)
                0x100026b0                __sfp
 .text.__smakebuf_r
                0x1000272c       0xa0 /home/hauke/tools/gcc-arm-none-eabi-4_8-2014q3/bin/../lib/gcc/arm-none-eabi/4.8.4/../../../../arm-none-eabi/lib/armv6-m/libc_s.a(lib_a-makebuf.o)
                0x1000272c                __smakebuf_r
 .text.memchr   0x100027cc       0x16 /home/hauke/tools/gcc-arm-none-eabi-4_8-2014q3/bin/../lib/gcc/arm-none-eabi/4.8.4/../../../../arm-none-eabi/lib/armv6-m/libc_s.a(lib_a-memchr-stub.o)
                0x100027cc                memchr
 .text.memset   0x100027e2       0x10 /home/hauke/tools/gcc-arm-none-eabi-4_8-2014q3/bin/../lib/gcc/arm-none-eabi/4.8.4/../../../../arm-none-eabi/lib/armv6-m/libc_s.a(lib_a-memset.o)
                0x100027e2                memset
 *fill*         0x100027f2        0x2 
 .text._free_r  0x100027f4       0x90 /home/hauke/tools/gcc-arm-none-eabi-4_8-2014q3/bin/../lib/gcc/arm-none-eabi/4.8.4/../../../../arm-none-eabi/lib/armv6-m/libc_s.a(lib_a-nano-freer.o)
                0x100027f4                _free_r
 .text._malloc_r
                0x10002884       0xa8 /home/hauke/tools/gcc-arm-none-eabi-4_8-2014q3/bin/../lib/gcc/arm-none-eabi/4.8.4/../../../../arm-none-eabi/lib/armv6-m/libc_s.a(lib_a-nano-mallocr.o)
                0x10002884                _malloc_r
 .text.__sread  0x1000292c       0x28 /home/hauke/tools/gcc-arm-none-eabi-4_8-2014q3/bin/../lib/gcc/arm-none-eabi/4.8.4/../../../../arm-none-eabi/lib/armv6-m/libc_s.a(lib_a-stdio.o)
                0x1000292c                __sread
 .text.__swrite
                0x10002954       0x38 /home/hauke/tools/gcc-arm-none-eabi-4_8-2014q3/bin/../lib/gcc/arm-none-eabi/4.8.4/../../../../arm-none-eabi/lib/armv6-m/libc_s.a(lib_a-stdio.o)
                0x10002954                __swrite
 .text.__sseek  0x1000298c       0x2c /home/hauke/tools/gcc-arm-none-eabi-4_8-2014q3/bin/../lib/gcc/arm-none-eabi/4.8.4/../../../../arm-none-eabi/lib/armv6-m/libc_s.a(lib_a-stdio.o)
                0x1000298c                __sseek
 .text.__sclose
                0x100029b8        0xc /home/hauke/tools/gcc-arm-none-eabi-4_8-2014q3/bin/../lib/gcc/arm-none-eabi/4.8.4/../../../../arm-none-eabi/lib/armv6-m/libc_s.a(lib_a-stdio.o)
                0x100029b8                __sclose
 .text.strlen   0x100029c4        0xe /home/hauke/tools/gcc-arm-none-eabi-4_8-2014q3/bin/../lib/gcc/arm-none-eabi/4.8.4/../../../../arm-none-eabi/lib/armv6-m/libc_s.a(lib_a-strlen.o)
                0x100029c4                strlen
 *(.glue_7t)
 .glue_7t       0x00000000        0x0 linker stubs
 *(.glue_7)
 .glue_7        0x00000000        0x0 linker stubs
 *(.rodata .rodata* .gnu.linkonce.r.*)
 .rodata.str1.1
                0x100029d2      0x1a5 /home/hauke/dev/riot/RIOT/examples/hello-world/bin/xmc-2go/cortexm_common.a(vectors_cortexm.o)
 .rodata.str1.1
                0x10002b77       0x4f /home/hauke/dev/riot/RIOT/examples/hello-world/bin/xmc-2go/core.a(kernel_init.o)
 .rodata.str1.1
                0x10002bc6       0x27 /home/hauke/dev/riot/RIOT/examples/hello-world/bin/xmc-2go/core.a(panic.o)
 *fill*         0x10002bed        0x3 
 .rodata._xmc_usic_asc_controls
                0x10002bf0       0x18 /home/hauke/dev/riot/RIOT/examples/hello-world/bin/xmc-2go/periph.a(uart.o)
 .rodata.uart_instance
                0x10002c08        0xc /home/hauke/dev/riot/RIOT/examples/hello-world/bin/xmc-2go/periph.a(uart.o)
 .rodata.str1.1
                0x10002c14       0x67 /home/hauke/dev/riot/RIOT/examples/hello-world/bin/xmc-2go/hello-world.a(main.o)
 .rodata.str1.1
                0x10002c7b        0x2 /home/hauke/tools/gcc-arm-none-eabi-4_8-2014q3/bin/../lib/gcc/arm-none-eabi/4.8.4/../../../../arm-none-eabi/lib/armv6-m/libc_s.a(lib_a-impure.o)
 *fill*         0x10002c7d        0x3 
 .rodata._global_impure_ptr
                0x10002c80        0x4 /home/hauke/tools/gcc-arm-none-eabi-4_8-2014q3/bin/../lib/gcc/arm-none-eabi/4.8.4/../../../../arm-none-eabi/lib/armv6-m/libc_s.a(lib_a-impure.o)
                0x10002c80                _global_impure_ptr
 .rodata.str1.1
                0x10002c84       0x11 /home/hauke/tools/gcc-arm-none-eabi-4_8-2014q3/bin/../lib/gcc/arm-none-eabi/4.8.4/../../../../arm-none-eabi/lib/armv6-m/libc_s.a(lib_a-vfprintf.o)
 .rodata.str1.1
                0x10002c95       0x22 /home/hauke/tools/gcc-arm-none-eabi-4_8-2014q3/bin/../lib/gcc/arm-none-eabi/4.8.4/../../../../arm-none-eabi/lib/armv6-m/libc_s.a(lib_a-vfprintf_i.o)
 *fill*         0x10002cb7        0x1 
 .rodata.__sf_fake_stdin
                0x10002cb8       0x20 /home/hauke/tools/gcc-arm-none-eabi-4_8-2014q3/bin/../lib/gcc/arm-none-eabi/4.8.4/../../../../arm-none-eabi/lib/armv6-m/libc_s.a(lib_a-findfp.o)
                0x10002cb8                __sf_fake_stdin
 .rodata.__sf_fake_stdout
                0x10002cd8       0x20 /home/hauke/tools/gcc-arm-none-eabi-4_8-2014q3/bin/../lib/gcc/arm-none-eabi/4.8.4/../../../../arm-none-eabi/lib/armv6-m/libc_s.a(lib_a-findfp.o)
                0x10002cd8                __sf_fake_stdout
 .rodata.__sf_fake_stderr
                0x10002cf8       0x20 /home/hauke/tools/gcc-arm-none-eabi-4_8-2014q3/bin/../lib/gcc/arm-none-eabi/4.8.4/../../../../arm-none-eabi/lib/armv6-m/libc_s.a(lib_a-findfp.o)
                0x10002cf8                __sf_fake_stderr
 *(.ARM.extab* .gnu.linkonce.armextab.*)
                0x10002d18                . = ALIGN (0x4)
 *(.init)
                0x10002d18                . = ALIGN (0x4)
                0x10002d18                __preinit_array_start = .
 *(.preinit_array)
                0x10002d18                __preinit_array_end = .
                0x10002d18                . = ALIGN (0x4)
                0x10002d18                __init_array_start = .
 *(SORT(.init_array.*))
 *(.init_array)
                0x10002d18                __init_array_end = .
                0x10002d18                . = ALIGN (0x4)
 *crtbegin.o(.ctors)
 *(EXCLUDE_FILE(*crtend.o) .ctors)
 *(SORT(.ctors.*))
 *crtend.o(.ctors)
                0x10002d18                . = ALIGN (0x4)
 *(.fini)
                0x10002d18                . = ALIGN (0x4)
                0x10002d18                __fini_array_start = .
 *(.fini_array)
 *(SORT(.fini_array.*))
                0x10002d18                __fini_array_end = .
 *crtbegin.o(.dtors)
 *(EXCLUDE_FILE(*crtend.o) .dtors)
 *(SORT(.dtors.*))
 *crtend.o(.dtors)
                0x10002d18                . = ALIGN (0x4)
                0x10002d18                _efixed = .
                0x10002d18                PROVIDE (__exidx_start, .)

.vfp11_veneer   0x10002d18        0x0
 .vfp11_veneer  0x00000000        0x0 linker stubs

.v4_bx          0x10002d18        0x0
 .v4_bx         0x00000000        0x0 linker stubs

.iplt           0x10002d18        0x0
 .iplt          0x00000000        0x0 /home/hauke/dev/riot/RIOT/examples/hello-world/bin/xmc-2go/newlib/syscalls.o

.igot.plt       0x10002d18        0x0
 .igot.plt      0x00000000        0x0 /home/hauke/dev/riot/RIOT/examples/hello-world/bin/xmc-2go/newlib/syscalls.o

.rel.dyn        0x10002d18        0x0
 .rel.iplt      0x00000000        0x0 /home/hauke/dev/riot/RIOT/examples/hello-world/bin/xmc-2go/newlib/syscalls.o

.ARM.exidx
 *(.ARM.exidx* .gnu.linkonce.armexidx.*)
                0x10002d18                PROVIDE (__exidx_end, .)
                0x10002d18                . = ALIGN (0x4)

.eh_frame
 *(.eh_frame)
                0x10002d18                . = ALIGN (0x4)
                0x10002d18                _etext = .

.relocate       0x20000000      0x19c load address 0x10002d18
                0x20000000                . = ALIGN (0x4)
                0x20000000                _srelocate = .
 *(.veneers .veneers.*)
 .veneers       0x20000000      0x11c /home/hauke/dev/riot/RIOT/examples/hello-world/bin/xmc-2go/cpu/vectors.o
                0x20000000                veneer_jumps
 *(.ramfunc .ramfunc.*)
 *(.data .data.*)
 .data.heap_top
                0x2000011c        0x4 /home/hauke/dev/riot/RIOT/examples/hello-world/bin/xmc-2go/newlib/syscalls.o
                0x2000011c                heap_top
 .data._rx_buf  0x20000120       0x10 /home/hauke/dev/riot/RIOT/examples/hello-world/bin/xmc-2go/uart_stdio.a(uart_stdio.o)
 .data.idle_name
                0x20000130        0x4 /home/hauke/dev/riot/RIOT/examples/hello-world/bin/xmc-2go/core.a(kernel_init.o)
                0x20000130                idle_name
 .data.main_name
                0x20000134        0x4 /home/hauke/dev/riot/RIOT/examples/hello-world/bin/xmc-2go/core.a(kernel_init.o)
                0x20000134                main_name
 .data.impure_data
                0x20000138       0x60 /home/hauke/tools/gcc-arm-none-eabi-4_8-2014q3/bin/../lib/gcc/arm-none-eabi/4.8.4/../../../../arm-none-eabi/lib/armv6-m/libc_s.a(lib_a-impure.o)
 .data._impure_ptr
                0x20000198        0x4 /home/hauke/tools/gcc-arm-none-eabi-4_8-2014q3/bin/../lib/gcc/arm-none-eabi/4.8.4/../../../../arm-none-eabi/lib/armv6-m/libc_s.a(lib_a-impure.o)
                0x20000198                _impure_ptr
                0x2000019c                . = ALIGN (0x4)
                0x2000019c                _erelocate = .

.bss            0x2000019c      0x858 load address 0x10002eb4
                0x2000019c                . = ALIGN (0x4)
                0x2000019c                _sbss = .
                0x2000019c                _szero = .
 *(.bss .bss.*)
 .bss.sched_context_switch_request
                0x2000019c        0x4 /home/hauke/dev/riot/RIOT/examples/hello-world/bin/xmc-2go/core.a(sched.o)
                0x2000019c                sched_context_switch_request
 .bss.sched_threads
                0x200001a0       0x84 /home/hauke/dev/riot/RIOT/examples/hello-world/bin/xmc-2go/core.a(sched.o)
                0x200001a0                sched_threads
 .bss.sched_active_pid
                0x20000224        0x2 /home/hauke/dev/riot/RIOT/examples/hello-world/bin/xmc-2go/core.a(sched.o)
                0x20000224                sched_active_pid
 *fill*         0x20000226        0x2 
 .bss.sched_active_thread
                0x20000228        0x4 /home/hauke/dev/riot/RIOT/examples/hello-world/bin/xmc-2go/core.a(sched.o)
                0x20000228                sched_active_thread
 .bss.sched_runqueues
                0x2000022c       0x40 /home/hauke/dev/riot/RIOT/examples/hello-world/bin/xmc-2go/core.a(sched.o)
                0x2000022c                sched_runqueues
 .bss.sched_num_threads
                0x2000026c        0x4 /home/hauke/dev/riot/RIOT/examples/hello-world/bin/xmc-2go/core.a(sched.o)
                0x2000026c                sched_num_threads
 .bss.runqueue_bitcache
                0x20000270        0x4 /home/hauke/dev/riot/RIOT/examples/hello-world/bin/xmc-2go/core.a(sched.o)
 .bss._rx_buf_mem
                0x20000274       0x40 /home/hauke/dev/riot/RIOT/examples/hello-world/bin/xmc-2go/uart_stdio.a(uart_stdio.o)
 .bss._rx_mutex
                0x200002b4        0x8 /home/hauke/dev/riot/RIOT/examples/hello-world/bin/xmc-2go/uart_stdio.a(uart_stdio.o)
 .bss.idle_stack
                0x200002bc      0x100 /home/hauke/dev/riot/RIOT/examples/hello-world/bin/xmc-2go/core.a(kernel_init.o)
 .bss.main_stack
                0x200003bc      0x600 /home/hauke/dev/riot/RIOT/examples/hello-world/bin/xmc-2go/core.a(kernel_init.o)
 .bss.lpm_prevent_sleep
                0x200009bc        0x4 /home/hauke/dev/riot/RIOT/examples/hello-world/bin/xmc-2go/core.a(kernel_init.o)
                0x200009bc                lpm_prevent_sleep
 .bss.crashed   0x200009c0        0x4 /home/hauke/dev/riot/RIOT/examples/hello-world/bin/xmc-2go/core.a(panic.o)
 .bss.uart_ctx  0x200009c4        0x8 /home/hauke/dev/riot/RIOT/examples/hello-world/bin/xmc-2go/periph.a(uart.o)
 .bss.gpio_ints
                0x200009cc       0x20 /home/hauke/dev/riot/RIOT/examples/hello-world/bin/xmc-2go/periph.a(gpio.o)
 .bss.__malloc_sbrk_start
                0x200009ec        0x4 /home/hauke/tools/gcc-arm-none-eabi-4_8-2014q3/bin/../lib/gcc/arm-none-eabi/4.8.4/../../../../arm-none-eabi/lib/armv6-m/libc_s.a(lib_a-nano-mallocr.o)
                0x200009ec                __malloc_sbrk_start
 .bss.__malloc_free_list
                0x200009f0        0x4 /home/hauke/tools/gcc-arm-none-eabi-4_8-2014q3/bin/../lib/gcc/arm-none-eabi/4.8.4/../../../../arm-none-eabi/lib/armv6-m/libc_s.a(lib_a-nano-mallocr.o)
                0x200009f0                __malloc_free_list
 *(COMMON)
                0x200009f4                . = ALIGN (0x4)
                0x200009f4                _ebss = .
                0x200009f4                _ezero = .

.stack          0x200009f4      0x204 load address 0x1000370c
                0x200009f8                . = ALIGN (0x8)
 *fill*         0x200009f4        0x4 
                0x200009f8                _sstack = .
 *(.isr_stack)
 .isr_stack     0x200009f8      0x200 /home/hauke/dev/riot/RIOT/examples/hello-world/bin/xmc-2go/cortexm_common.a(vectors_cortexm.o)
                0x200009f8                isr_stack
                0x20000bf8                . = ALIGN (0x8)
                0x20000bf8                _estack = .
                0x20000bf8                . = ALIGN (0x4)
                0x20000bf8                _sheap = .
                0x20004000                _eheap = (ORIGIN (ram) + 0x4000)
                0x20000000                _sram = ORIGIN (ram)
                0x20004000                _eram = (ORIGIN (ram) + 0x4000)
OUTPUT(/home/hauke/dev/riot/RIOT/examples/hello-world/bin/xmc-2go/hello-world.elf elf32-littlearm)

.debug_info     0x00000000     0x802f
 .debug_info    0x00000000     0x1412 /home/hauke/dev/riot/RIOT/examples/hello-world/bin/xmc-2go/newlib/syscalls.o
 .debug_info    0x00001412       0xf3 /home/hauke/dev/riot/RIOT/examples/hello-world/bin/xmc-2go/cpu/vectors.o
 .debug_info    0x00001505      0x556 /home/hauke/dev/riot/RIOT/examples/hello-world/bin/xmc-2go/core.a(sched.o)
 .debug_info    0x00001a5b      0x116 /home/hauke/dev/riot/RIOT/examples/hello-world/bin/xmc-2go/core.a(bitarithm.o)
 .debug_info    0x00001b71      0x11c /home/hauke/dev/riot/RIOT/examples/hello-world/bin/xmc-2go/core.a(clist.o)
 .debug_info    0x00001c8d      0x210 /home/hauke/dev/riot/RIOT/examples/hello-world/bin/xmc-2go/cortexm_common.a(irq_arch.o)
 .debug_info    0x00001e9d      0x575 /home/hauke/dev/riot/RIOT/examples/hello-world/bin/xmc-2go/cortexm_common.a(thread_arch.o)
 .debug_info    0x00002412      0xa31 /home/hauke/dev/riot/RIOT/examples/hello-world/bin/xmc-2go/cortexm_common.a(vectors_cortexm.o)
 .debug_info    0x00002e43      0x98a /home/hauke/dev/riot/RIOT/examples/hello-world/bin/xmc-2go/uart_stdio.a(uart_stdio.o)
 .debug_info    0x000037cd      0x7fe /home/hauke/dev/riot/RIOT/examples/hello-world/bin/xmc-2go/xmc-2go_base.a(board.o)
 .debug_info    0x00003fcb      0x361 /home/hauke/dev/riot/RIOT/examples/hello-world/bin/xmc-2go/core.a(kernel_init.o)
 .debug_info    0x0000432c      0x6fd /home/hauke/dev/riot/RIOT/examples/hello-world/bin/xmc-2go/core.a(mutex.o)
 .debug_info    0x00004a29      0x233 /home/hauke/dev/riot/RIOT/examples/hello-world/bin/xmc-2go/core.a(panic.o)
 .debug_info    0x00004c5c      0x1ef /home/hauke/dev/riot/RIOT/examples/hello-world/bin/xmc-2go/core.a(priority_queue.o)
 .debug_info    0x00004e4b      0x8ba /home/hauke/dev/riot/RIOT/examples/hello-world/bin/xmc-2go/core.a(thread.o)
 .debug_info    0x00005705      0x136 /home/hauke/dev/riot/RIOT/examples/hello-world/bin/xmc-2go/core.a(atomic.o)
 .debug_info    0x0000583b       0xe5 /home/hauke/dev/riot/RIOT/examples/hello-world/bin/xmc-2go/cortexm_common.a(panic.o)
 .debug_info    0x00005920       0xa4 /home/hauke/dev/riot/RIOT/examples/hello-world/bin/xmc-2go/cpu.a(cpu.o)
 .debug_info    0x000059c4       0xd9 /home/hauke/dev/riot/RIOT/examples/hello-world/bin/xmc-2go/cpu.a(lpm_arch.o)
 .debug_info    0x00005a9d      0xeef /home/hauke/dev/riot/RIOT/examples/hello-world/bin/xmc-2go/periph.a(uart.o)
 .debug_info    0x0000698c      0xd8d /home/hauke/dev/riot/RIOT/examples/hello-world/bin/xmc-2go/periph.a(gpio.o)
 .debug_info    0x00007719      0x36b /home/hauke/dev/riot/RIOT/examples/hello-world/bin/xmc-2go/tsrb.a(tsrb.o)
 .debug_info    0x00007a84      0x11d /home/hauke/dev/riot/RIOT/examples/hello-world/bin/xmc-2go/hello-world.a(main.o)
 .debug_info    0x00007ba1       0xc0 /home/hauke/dev/riot/RIOT/examples/hello-world/bin/xmc-2go/auto_init.a(auto_init.o)
 .debug_info    0x00007c61      0x3ce /home/hauke/dev/riot/RIOT/examples/hello-world/bin/xmc-2go/cortexm_common.a(cortexm_init.o)

.debug_abbrev   0x00000000     0x276c
 .debug_abbrev  0x00000000      0x398 /home/hauke/dev/riot/RIOT/examples/hello-world/bin/xmc-2go/newlib/syscalls.o
 .debug_abbrev  0x00000398       0xc8 /home/hauke/dev/riot/RIOT/examples/hello-world/bin/xmc-2go/cpu/vectors.o
 .debug_abbrev  0x00000460      0x1db /home/hauke/dev/riot/RIOT/examples/hello-world/bin/xmc-2go/core.a(sched.o)
 .debug_abbrev  0x0000063b       0x81 /home/hauke/dev/riot/RIOT/examples/hello-world/bin/xmc-2go/core.a(bitarithm.o)
 .debug_abbrev  0x000006bc       0xa2 /home/hauke/dev/riot/RIOT/examples/hello-world/bin/xmc-2go/core.a(clist.o)
 .debug_abbrev  0x0000075e      0x14d /home/hauke/dev/riot/RIOT/examples/hello-world/bin/xmc-2go/cortexm_common.a(irq_arch.o)
 .debug_abbrev  0x000008ab      0x247 /home/hauke/dev/riot/RIOT/examples/hello-world/bin/xmc-2go/cortexm_common.a(thread_arch.o)
 .debug_abbrev  0x00000af2      0x308 /home/hauke/dev/riot/RIOT/examples/hello-world/bin/xmc-2go/cortexm_common.a(vectors_cortexm.o)
 .debug_abbrev  0x00000dfa      0x245 /home/hauke/dev/riot/RIOT/examples/hello-world/bin/xmc-2go/uart_stdio.a(uart_stdio.o)
 .debug_abbrev  0x0000103f      0x18e /home/hauke/dev/riot/RIOT/examples/hello-world/bin/xmc-2go/xmc-2go_base.a(board.o)
 .debug_abbrev  0x000011cd      0x18b /home/hauke/dev/riot/RIOT/examples/hello-world/bin/xmc-2go/core.a(kernel_init.o)
 .debug_abbrev  0x00001358      0x261 /home/hauke/dev/riot/RIOT/examples/hello-world/bin/xmc-2go/core.a(mutex.o)
 .debug_abbrev  0x000015b9      0x16e /home/hauke/dev/riot/RIOT/examples/hello-world/bin/xmc-2go/core.a(panic.o)
 .debug_abbrev  0x00001727       0xeb /home/hauke/dev/riot/RIOT/examples/hello-world/bin/xmc-2go/core.a(priority_queue.o)
 .debug_abbrev  0x00001812      0x2cc /home/hauke/dev/riot/RIOT/examples/hello-world/bin/xmc-2go/core.a(thread.o)
 .debug_abbrev  0x00001ade       0xd8 /home/hauke/dev/riot/RIOT/examples/hello-world/bin/xmc-2go/core.a(atomic.o)
 .debug_abbrev  0x00001bb6       0x90 /home/hauke/dev/riot/RIOT/examples/hello-world/bin/xmc-2go/cortexm_common.a(panic.o)
 .debug_abbrev  0x00001c46       0x63 /home/hauke/dev/riot/RIOT/examples/hello-world/bin/xmc-2go/cpu.a(cpu.o)
 .debug_abbrev  0x00001ca9       0x8a /home/hauke/dev/riot/RIOT/examples/hello-world/bin/xmc-2go/cpu.a(lpm_arch.o)
 .debug_abbrev  0x00001d33      0x37a /home/hauke/dev/riot/RIOT/examples/hello-world/bin/xmc-2go/periph.a(uart.o)
 .debug_abbrev  0x000020ad      0x2e1 /home/hauke/dev/riot/RIOT/examples/hello-world/bin/xmc-2go/periph.a(gpio.o)
 .debug_abbrev  0x0000238e      0x14f /home/hauke/dev/riot/RIOT/examples/hello-world/bin/xmc-2go/tsrb.a(tsrb.o)
 .debug_abbrev  0x000024dd       0xb1 /home/hauke/dev/riot/RIOT/examples/hello-world/bin/xmc-2go/hello-world.a(main.o)
 .debug_abbrev  0x0000258e       0x6a /home/hauke/dev/riot/RIOT/examples/hello-world/bin/xmc-2go/auto_init.a(auto_init.o)
 .debug_abbrev  0x000025f8      0x174 /home/hauke/dev/riot/RIOT/examples/hello-world/bin/xmc-2go/cortexm_common.a(cortexm_init.o)

.debug_loc      0x00000000     0x1cfd
 .debug_loc     0x00000000      0x36d /home/hauke/dev/riot/RIOT/examples/hello-world/bin/xmc-2go/newlib/syscalls.o
 .debug_loc     0x0000036d      0x19a /home/hauke/dev/riot/RIOT/examples/hello-world/bin/xmc-2go/core.a(sched.o)
 .debug_loc     0x00000507       0xb7 /home/hauke/dev/riot/RIOT/examples/hello-world/bin/xmc-2go/core.a(bitarithm.o)
 .debug_loc     0x000005be       0x13 /home/hauke/dev/riot/RIOT/examples/hello-world/bin/xmc-2go/cortexm_common.a(irq_arch.o)
 .debug_loc     0x000005d1      0x2b0 /home/hauke/dev/riot/RIOT/examples/hello-world/bin/xmc-2go/cortexm_common.a(thread_arch.o)
 .debug_loc     0x00000881      0x2e7 /home/hauke/dev/riot/RIOT/examples/hello-world/bin/xmc-2go/cortexm_common.a(vectors_cortexm.o)
 .debug_loc     0x00000b68      0x10d /home/hauke/dev/riot/RIOT/examples/hello-world/bin/xmc-2go/uart_stdio.a(uart_stdio.o)
 .debug_loc     0x00000c75       0x42 /home/hauke/dev/riot/RIOT/examples/hello-world/bin/xmc-2go/core.a(kernel_init.o)
 .debug_loc     0x00000cb7      0x1bf /home/hauke/dev/riot/RIOT/examples/hello-world/bin/xmc-2go/core.a(mutex.o)
 .debug_loc     0x00000e76       0x3f /home/hauke/dev/riot/RIOT/examples/hello-world/bin/xmc-2go/core.a(panic.o)
 .debug_loc     0x00000eb5       0x9f /home/hauke/dev/riot/RIOT/examples/hello-world/bin/xmc-2go/core.a(priority_queue.o)
 .debug_loc     0x00000f54      0x3f3 /home/hauke/dev/riot/RIOT/examples/hello-world/bin/xmc-2go/core.a(thread.o)
 .debug_loc     0x00001347       0xa2 /home/hauke/dev/riot/RIOT/examples/hello-world/bin/xmc-2go/core.a(atomic.o)
 .debug_loc     0x000013e9       0x21 /home/hauke/dev/riot/RIOT/examples/hello-world/bin/xmc-2go/cpu.a(lpm_arch.o)
 .debug_loc     0x0000140a      0x25d /home/hauke/dev/riot/RIOT/examples/hello-world/bin/xmc-2go/periph.a(uart.o)
 .debug_loc     0x00001667      0x422 /home/hauke/dev/riot/RIOT/examples/hello-world/bin/xmc-2go/periph.a(gpio.o)
 .debug_loc     0x00001a89      0x208 /home/hauke/dev/riot/RIOT/examples/hello-world/bin/xmc-2go/tsrb.a(tsrb.o)
 .debug_loc     0x00001c91       0x6c /home/hauke/dev/riot/RIOT/examples/hello-world/bin/xmc-2go/cortexm_common.a(cortexm_init.o)

.debug_aranges  0x00000000      0x598
 .debug_aranges
                0x00000000       0xa0 /home/hauke/dev/riot/RIOT/examples/hello-world/bin/xmc-2go/newlib/syscalls.o
 .debug_aranges
                0x000000a0       0x28 /home/hauke/dev/riot/RIOT/examples/hello-world/bin/xmc-2go/cpu/vectors.o
 .debug_aranges
                0x000000c8       0x38 /home/hauke/dev/riot/RIOT/examples/hello-world/bin/xmc-2go/core.a(sched.o)
 .debug_aranges
                0x00000100       0x30 /home/hauke/dev/riot/RIOT/examples/hello-world/bin/xmc-2go/core.a(bitarithm.o)
 .debug_aranges
                0x00000130       0x28 /home/hauke/dev/riot/RIOT/examples/hello-world/bin/xmc-2go/core.a(clist.o)
 .debug_aranges
                0x00000158       0x38 /home/hauke/dev/riot/RIOT/examples/hello-world/bin/xmc-2go/cortexm_common.a(irq_arch.o)
 .debug_aranges
                0x00000190       0x40 /home/hauke/dev/riot/RIOT/examples/hello-world/bin/xmc-2go/cortexm_common.a(thread_arch.o)
 .debug_aranges
                0x000001d0       0x50 /home/hauke/dev/riot/RIOT/examples/hello-world/bin/xmc-2go/cortexm_common.a(vectors_cortexm.o)
 .debug_aranges
                0x00000220       0x38 /home/hauke/dev/riot/RIOT/examples/hello-world/bin/xmc-2go/uart_stdio.a(uart_stdio.o)
 .debug_aranges
                0x00000258       0x20 /home/hauke/dev/riot/RIOT/examples/hello-world/bin/xmc-2go/xmc-2go_base.a(board.o)
 .debug_aranges
                0x00000278       0x30 /home/hauke/dev/riot/RIOT/examples/hello-world/bin/xmc-2go/core.a(kernel_init.o)
 .debug_aranges
                0x000002a8       0x40 /home/hauke/dev/riot/RIOT/examples/hello-world/bin/xmc-2go/core.a(mutex.o)
 .debug_aranges
                0x000002e8       0x20 /home/hauke/dev/riot/RIOT/examples/hello-world/bin/xmc-2go/core.a(panic.o)
 .debug_aranges
                0x00000308       0x30 /home/hauke/dev/riot/RIOT/examples/hello-world/bin/xmc-2go/core.a(priority_queue.o)
 .debug_aranges
                0x00000338       0x58 /home/hauke/dev/riot/RIOT/examples/hello-world/bin/xmc-2go/core.a(thread.o)
 .debug_aranges
                0x00000390       0x20 /home/hauke/dev/riot/RIOT/examples/hello-world/bin/xmc-2go/core.a(atomic.o)
 .debug_aranges
                0x000003b0       0x20 /home/hauke/dev/riot/RIOT/examples/hello-world/bin/xmc-2go/cortexm_common.a(panic.o)
 .debug_aranges
                0x000003d0       0x20 /home/hauke/dev/riot/RIOT/examples/hello-world/bin/xmc-2go/cpu.a(cpu.o)
 .debug_aranges
                0x000003f0       0x48 /home/hauke/dev/riot/RIOT/examples/hello-world/bin/xmc-2go/cpu.a(lpm_arch.o)
 .debug_aranges
                0x00000438       0x40 /home/hauke/dev/riot/RIOT/examples/hello-world/bin/xmc-2go/periph.a(uart.o)
 .debug_aranges
                0x00000478       0x88 /home/hauke/dev/riot/RIOT/examples/hello-world/bin/xmc-2go/periph.a(gpio.o)
 .debug_aranges
                0x00000500       0x38 /home/hauke/dev/riot/RIOT/examples/hello-world/bin/xmc-2go/tsrb.a(tsrb.o)
 .debug_aranges
                0x00000538       0x20 /home/hauke/dev/riot/RIOT/examples/hello-world/bin/xmc-2go/hello-world.a(main.o)
 .debug_aranges
                0x00000558       0x20 /home/hauke/dev/riot/RIOT/examples/hello-world/bin/xmc-2go/auto_init.a(auto_init.o)
 .debug_aranges
                0x00000578       0x20 /home/hauke/dev/riot/RIOT/examples/hello-world/bin/xmc-2go/cortexm_common.a(cortexm_init.o)

.debug_ranges   0x00000000      0x4f8
 .debug_ranges  0x00000000       0x90 /home/hauke/dev/riot/RIOT/examples/hello-world/bin/xmc-2go/newlib/syscalls.o
 .debug_ranges  0x00000090       0x18 /home/hauke/dev/riot/RIOT/examples/hello-world/bin/xmc-2go/cpu/vectors.o
 .debug_ranges  0x000000a8       0x28 /home/hauke/dev/riot/RIOT/examples/hello-world/bin/xmc-2go/core.a(sched.o)
 .debug_ranges  0x000000d0       0x20 /home/hauke/dev/riot/RIOT/examples/hello-world/bin/xmc-2go/core.a(bitarithm.o)
 .debug_ranges  0x000000f0       0x18 /home/hauke/dev/riot/RIOT/examples/hello-world/bin/xmc-2go/core.a(clist.o)
 .debug_ranges  0x00000108       0x28 /home/hauke/dev/riot/RIOT/examples/hello-world/bin/xmc-2go/cortexm_common.a(irq_arch.o)
 .debug_ranges  0x00000130       0x30 /home/hauke/dev/riot/RIOT/examples/hello-world/bin/xmc-2go/cortexm_common.a(thread_arch.o)
 .debug_ranges  0x00000160       0x58 /home/hauke/dev/riot/RIOT/examples/hello-world/bin/xmc-2go/cortexm_common.a(vectors_cortexm.o)
 .debug_ranges  0x000001b8       0x28 /home/hauke/dev/riot/RIOT/examples/hello-world/bin/xmc-2go/uart_stdio.a(uart_stdio.o)
 .debug_ranges  0x000001e0       0x10 /home/hauke/dev/riot/RIOT/examples/hello-world/bin/xmc-2go/xmc-2go_base.a(board.o)
 .debug_ranges  0x000001f0       0x20 /home/hauke/dev/riot/RIOT/examples/hello-world/bin/xmc-2go/core.a(kernel_init.o)
 .debug_ranges  0x00000210       0x30 /home/hauke/dev/riot/RIOT/examples/hello-world/bin/xmc-2go/core.a(mutex.o)
 .debug_ranges  0x00000240       0x10 /home/hauke/dev/riot/RIOT/examples/hello-world/bin/xmc-2go/core.a(panic.o)
 .debug_ranges  0x00000250       0x20 /home/hauke/dev/riot/RIOT/examples/hello-world/bin/xmc-2go/core.a(priority_queue.o)
 .debug_ranges  0x00000270       0x60 /home/hauke/dev/riot/RIOT/examples/hello-world/bin/xmc-2go/core.a(thread.o)
 .debug_ranges  0x000002d0       0x10 /home/hauke/dev/riot/RIOT/examples/hello-world/bin/xmc-2go/core.a(atomic.o)
 .debug_ranges  0x000002e0       0x10 /home/hauke/dev/riot/RIOT/examples/hello-world/bin/xmc-2go/cortexm_common.a(panic.o)
 .debug_ranges  0x000002f0       0x10 /home/hauke/dev/riot/RIOT/examples/hello-world/bin/xmc-2go/cpu.a(cpu.o)
 .debug_ranges  0x00000300       0x38 /home/hauke/dev/riot/RIOT/examples/hello-world/bin/xmc-2go/cpu.a(lpm_arch.o)
 .debug_ranges  0x00000338       0x60 /home/hauke/dev/riot/RIOT/examples/hello-world/bin/xmc-2go/periph.a(uart.o)
 .debug_ranges  0x00000398       0xb8 /home/hauke/dev/riot/RIOT/examples/hello-world/bin/xmc-2go/periph.a(gpio.o)
 .debug_ranges  0x00000450       0x60 /home/hauke/dev/riot/RIOT/examples/hello-world/bin/xmc-2go/tsrb.a(tsrb.o)
 .debug_ranges  0x000004b0       0x10 /home/hauke/dev/riot/RIOT/examples/hello-world/bin/xmc-2go/hello-world.a(main.o)
 .debug_ranges  0x000004c0       0x10 /home/hauke/dev/riot/RIOT/examples/hello-world/bin/xmc-2go/auto_init.a(auto_init.o)
 .debug_ranges  0x000004d0       0x28 /home/hauke/dev/riot/RIOT/examples/hello-world/bin/xmc-2go/cortexm_common.a(cortexm_init.o)

.debug_macro    0x00000000    0x182d9
 .debug_macro   0x00000000      0x3a0 /home/hauke/dev/riot/RIOT/examples/hello-world/bin/xmc-2go/newlib/syscalls.o
 .debug_macro   0x000003a0      0x892 /home/hauke/dev/riot/RIOT/examples/hello-world/bin/xmc-2go/newlib/syscalls.o
 .debug_macro   0x00000c32       0x10 /home/hauke/dev/riot/RIOT/examples/hello-world/bin/xmc-2go/newlib/syscalls.o
 .debug_macro   0x00000c42       0x58 /home/hauke/dev/riot/RIOT/examples/hello-world/bin/xmc-2go/newlib/syscalls.o
 .debug_macro   0x00000c9a       0x16 /home/hauke/dev/riot/RIOT/examples/hello-world/bin/xmc-2go/newlib/syscalls.o
 .debug_macro   0x00000cb0       0x35 /home/hauke/dev/riot/RIOT/examples/hello-world/bin/xmc-2go/newlib/syscalls.o
 .debug_macro   0x00000ce5       0xa3 /home/hauke/dev/riot/RIOT/examples/hello-world/bin/xmc-2go/newlib/syscalls.o
 .debug_macro   0x00000d88      0x166 /home/hauke/dev/riot/RIOT/examples/hello-world/bin/xmc-2go/newlib/syscalls.o
 .debug_macro   0x00000eee       0x4a /home/hauke/dev/riot/RIOT/examples/hello-world/bin/xmc-2go/newlib/syscalls.o
 .debug_macro   0x00000f38       0x52 /home/hauke/dev/riot/RIOT/examples/hello-world/bin/xmc-2go/newlib/syscalls.o
 .debug_macro   0x00000f8a       0x16 /home/hauke/dev/riot/RIOT/examples/hello-world/bin/xmc-2go/newlib/syscalls.o
 .debug_macro   0x00000fa0       0x43 /home/hauke/dev/riot/RIOT/examples/hello-world/bin/xmc-2go/newlib/syscalls.o
 .debug_macro   0x00000fe3      0x180 /home/hauke/dev/riot/RIOT/examples/hello-world/bin/xmc-2go/newlib/syscalls.o
 .debug_macro   0x00001163      0x23b /home/hauke/dev/riot/RIOT/examples/hello-world/bin/xmc-2go/newlib/syscalls.o
 .debug_macro   0x0000139e       0x16 /home/hauke/dev/riot/RIOT/examples/hello-world/bin/xmc-2go/newlib/syscalls.o
 .debug_macro   0x000013b4       0x35 /home/hauke/dev/riot/RIOT/examples/hello-world/bin/xmc-2go/newlib/syscalls.o
 .debug_macro   0x000013e9       0x10 /home/hauke/dev/riot/RIOT/examples/hello-world/bin/xmc-2go/newlib/syscalls.o
 .debug_macro   0x000013f9       0x10 /home/hauke/dev/riot/RIOT/examples/hello-world/bin/xmc-2go/newlib/syscalls.o
 .debug_macro   0x00001409       0x22 /home/hauke/dev/riot/RIOT/examples/hello-world/bin/xmc-2go/newlib/syscalls.o
 .debug_macro   0x0000142b       0xbd /home/hauke/dev/riot/RIOT/examples/hello-world/bin/xmc-2go/newlib/syscalls.o
 .debug_macro   0x000014e8       0x16 /home/hauke/dev/riot/RIOT/examples/hello-world/bin/xmc-2go/newlib/syscalls.o
 .debug_macro   0x000014fe      0x16c /home/hauke/dev/riot/RIOT/examples/hello-world/bin/xmc-2go/newlib/syscalls.o
 .debug_macro   0x0000166a       0x16 /home/hauke/dev/riot/RIOT/examples/hello-world/bin/xmc-2go/newlib/syscalls.o
 .debug_macro   0x00001680       0x16 /home/hauke/dev/riot/RIOT/examples/hello-world/bin/xmc-2go/newlib/syscalls.o
 .debug_macro   0x00001696       0x29 /home/hauke/dev/riot/RIOT/examples/hello-world/bin/xmc-2go/newlib/syscalls.o
 .debug_macro   0x000016bf      0x2a3 /home/hauke/dev/riot/RIOT/examples/hello-world/bin/xmc-2go/newlib/syscalls.o
 .debug_macro   0x00001962       0x10 /home/hauke/dev/riot/RIOT/examples/hello-world/bin/xmc-2go/newlib/syscalls.o
 .debug_macro   0x00001972       0x1f /home/hauke/dev/riot/RIOT/examples/hello-world/bin/xmc-2go/newlib/syscalls.o
 .debug_macro   0x00001991       0x16 /home/hauke/dev/riot/RIOT/examples/hello-world/bin/xmc-2go/newlib/syscalls.o
 .debug_macro   0x000019a7       0x10 /home/hauke/dev/riot/RIOT/examples/hello-world/bin/xmc-2go/newlib/syscalls.o
 .debug_macro   0x000019b7       0x41 /home/hauke/dev/riot/RIOT/examples/hello-world/bin/xmc-2go/newlib/syscalls.o
 .debug_macro   0x000019f8      0x120 /home/hauke/dev/riot/RIOT/examples/hello-world/bin/xmc-2go/newlib/syscalls.o
 .debug_macro   0x00001b18       0x16 /home/hauke/dev/riot/RIOT/examples/hello-world/bin/xmc-2go/newlib/syscalls.o
 .debug_macro   0x00001b2e      0x48e /home/hauke/dev/riot/RIOT/examples/hello-world/bin/xmc-2go/newlib/syscalls.o
 .debug_macro   0x00001fbc      0x20f /home/hauke/dev/riot/RIOT/examples/hello-world/bin/xmc-2go/newlib/syscalls.o
 .debug_macro   0x000021cb       0x22 /home/hauke/dev/riot/RIOT/examples/hello-world/bin/xmc-2go/newlib/syscalls.o
 .debug_macro   0x000021ed       0x3a /home/hauke/dev/riot/RIOT/examples/hello-world/bin/xmc-2go/newlib/syscalls.o
 .debug_macro   0x00002227       0x26 /home/hauke/dev/riot/RIOT/examples/hello-world/bin/xmc-2go/newlib/syscalls.o
 .debug_macro   0x0000224d      0x2ea /home/hauke/dev/riot/RIOT/examples/hello-world/bin/xmc-2go/newlib/syscalls.o
 .debug_macro   0x00002537     0x4e27 /home/hauke/dev/riot/RIOT/examples/hello-world/bin/xmc-2go/newlib/syscalls.o
 .debug_macro   0x0000735e       0x67 /home/hauke/dev/riot/RIOT/examples/hello-world/bin/xmc-2go/newlib/syscalls.o
 .debug_macro   0x000073c5       0x22 /home/hauke/dev/riot/RIOT/examples/hello-world/bin/xmc-2go/newlib/syscalls.o
 .debug_macro   0x000073e7       0x22 /home/hauke/dev/riot/RIOT/examples/hello-world/bin/xmc-2go/newlib/syscalls.o
 .debug_macro   0x00007409       0x1c /home/hauke/dev/riot/RIOT/examples/hello-world/bin/xmc-2go/newlib/syscalls.o
 .debug_macro   0x00007425       0x50 /home/hauke/dev/riot/RIOT/examples/hello-world/bin/xmc-2go/newlib/syscalls.o
 .debug_macro   0x00007475       0x2e /home/hauke/dev/riot/RIOT/examples/hello-world/bin/xmc-2go/newlib/syscalls.o
 .debug_macro   0x000074a3       0x7c /home/hauke/dev/riot/RIOT/examples/hello-world/bin/xmc-2go/newlib/syscalls.o
 .debug_macro   0x0000751f       0x6a /home/hauke/dev/riot/RIOT/examples/hello-world/bin/xmc-2go/newlib/syscalls.o
 .debug_macro   0x00007589       0x22 /home/hauke/dev/riot/RIOT/examples/hello-world/bin/xmc-2go/newlib/syscalls.o
 .debug_macro   0x000075ab       0x16 /home/hauke/dev/riot/RIOT/examples/hello-world/bin/xmc-2go/newlib/syscalls.o
 .debug_macro   0x000075c1       0x10 /home/hauke/dev/riot/RIOT/examples/hello-world/bin/xmc-2go/newlib/syscalls.o
 .debug_macro   0x000075d1       0x10 /home/hauke/dev/riot/RIOT/examples/hello-world/bin/xmc-2go/newlib/syscalls.o
 .debug_macro   0x000075e1       0x10 /home/hauke/dev/riot/RIOT/examples/hello-world/bin/xmc-2go/newlib/syscalls.o
 .debug_macro   0x000075f1      0x452 /home/hauke/dev/riot/RIOT/examples/hello-world/bin/xmc-2go/newlib/syscalls.o
 .debug_macro   0x00007a43       0x16 /home/hauke/dev/riot/RIOT/examples/hello-world/bin/xmc-2go/newlib/syscalls.o
 .debug_macro   0x00007a59      0x11e /home/hauke/dev/riot/RIOT/examples/hello-world/bin/xmc-2go/newlib/syscalls.o
 .debug_macro   0x00007b77       0x19 /home/hauke/dev/riot/RIOT/examples/hello-world/bin/xmc-2go/newlib/syscalls.o
 .debug_macro   0x00007b90       0x28 /home/hauke/dev/riot/RIOT/examples/hello-world/bin/xmc-2go/newlib/syscalls.o
 .debug_macro   0x00007bb8       0x3a /home/hauke/dev/riot/RIOT/examples/hello-world/bin/xmc-2go/newlib/syscalls.o
 .debug_macro   0x00007bf2       0x22 /home/hauke/dev/riot/RIOT/examples/hello-world/bin/xmc-2go/newlib/syscalls.o
 .debug_macro   0x00007c14       0xdc /home/hauke/dev/riot/RIOT/examples/hello-world/bin/xmc-2go/newlib/syscalls.o
 .debug_macro   0x00007cf0       0x10 /home/hauke/dev/riot/RIOT/examples/hello-world/bin/xmc-2go/newlib/syscalls.o
 .debug_macro   0x00007d00       0x1c /home/hauke/dev/riot/RIOT/examples/hello-world/bin/xmc-2go/newlib/syscalls.o
 .debug_macro   0x00007d1c       0x28 /home/hauke/dev/riot/RIOT/examples/hello-world/bin/xmc-2go/newlib/syscalls.o
 .debug_macro   0x00007d44       0x8d /home/hauke/dev/riot/RIOT/examples/hello-world/bin/xmc-2go/cpu/vectors.o
 .debug_macro   0x00007dd1      0x892 /home/hauke/dev/riot/RIOT/examples/hello-world/bin/xmc-2go/cpu/vectors.o
 .debug_macro   0x00008663       0x44 /home/hauke/dev/riot/RIOT/examples/hello-world/bin/xmc-2go/cpu/vectors.o
 .debug_macro   0x000086a7      0x209 /home/hauke/dev/riot/RIOT/examples/hello-world/bin/xmc-2go/cpu/vectors.o
 .debug_macro   0x000088b0       0x16 /home/hauke/dev/riot/RIOT/examples/hello-world/bin/xmc-2go/cpu/vectors.o
 .debug_macro   0x000088c6      0x2d2 /home/hauke/dev/riot/RIOT/examples/hello-world/bin/xmc-2go/core.a(sched.o)
 .debug_macro   0x00008b98      0x892 /home/hauke/dev/riot/RIOT/examples/hello-world/bin/xmc-2go/core.a(sched.o)
 .debug_macro   0x0000942a       0x34 /home/hauke/dev/riot/RIOT/examples/hello-world/bin/xmc-2go/core.a(sched.o)
 .debug_macro   0x0000945e       0x16 /home/hauke/dev/riot/RIOT/examples/hello-world/bin/xmc-2go/core.a(sched.o)
 .debug_macro   0x00009474       0xeb /home/hauke/dev/riot/RIOT/examples/hello-world/bin/xmc-2go/core.a(bitarithm.o)
 .debug_macro   0x0000955f      0x892 /home/hauke/dev/riot/RIOT/examples/hello-world/bin/xmc-2go/core.a(bitarithm.o)
 .debug_macro   0x00009df1       0x97 /home/hauke/dev/riot/RIOT/examples/hello-world/bin/xmc-2go/core.a(bitarithm.o)
 .debug_macro   0x00009e88       0xef /home/hauke/dev/riot/RIOT/examples/hello-world/bin/xmc-2go/core.a(bitarithm.o)
 .debug_macro   0x00009f77      0x113 /home/hauke/dev/riot/RIOT/examples/hello-world/bin/xmc-2go/core.a(clist.o)
 .debug_macro   0x0000a08a      0x892 /home/hauke/dev/riot/RIOT/examples/hello-world/bin/xmc-2go/core.a(clist.o)
 .debug_macro   0x0000a91c      0x16f /home/hauke/dev/riot/RIOT/examples/hello-world/bin/xmc-2go/cortexm_common.a(irq_arch.o)
 .debug_macro   0x0000aa8b      0x892 /home/hauke/dev/riot/RIOT/examples/hello-world/bin/xmc-2go/cortexm_common.a(irq_arch.o)
 .debug_macro   0x0000b31d      0x2a1 /home/hauke/dev/riot/RIOT/examples/hello-world/bin/xmc-2go/cortexm_common.a(thread_arch.o)
 .debug_macro   0x0000b5be      0x892 /home/hauke/dev/riot/RIOT/examples/hello-world/bin/xmc-2go/cortexm_common.a(thread_arch.o)
 .debug_macro   0x0000be50      0x2dc /home/hauke/dev/riot/RIOT/examples/hello-world/bin/xmc-2go/cortexm_common.a(vectors_cortexm.o)
 .debug_macro   0x0000c12c      0x892 /home/hauke/dev/riot/RIOT/examples/hello-world/bin/xmc-2go/cortexm_common.a(vectors_cortexm.o)
 .debug_macro   0x0000c9be      0x349 /home/hauke/dev/riot/RIOT/examples/hello-world/bin/xmc-2go/uart_stdio.a(uart_stdio.o)
 .debug_macro   0x0000cd07      0x892 /home/hauke/dev/riot/RIOT/examples/hello-world/bin/xmc-2go/uart_stdio.a(uart_stdio.o)
 .debug_macro   0x0000d599       0x17 /home/hauke/dev/riot/RIOT/examples/hello-world/bin/xmc-2go/uart_stdio.a(uart_stdio.o)
 .debug_macro   0x0000d5b0       0x10 /home/hauke/dev/riot/RIOT/examples/hello-world/bin/xmc-2go/uart_stdio.a(uart_stdio.o)
 .debug_macro   0x0000d5c0      0x1a4 /home/hauke/dev/riot/RIOT/examples/hello-world/bin/xmc-2go/xmc-2go_base.a(board.o)
 .debug_macro   0x0000d764      0x892 /home/hauke/dev/riot/RIOT/examples/hello-world/bin/xmc-2go/xmc-2go_base.a(board.o)
 .debug_macro   0x0000dff6      0x2fa /home/hauke/dev/riot/RIOT/examples/hello-world/bin/xmc-2go/core.a(kernel_init.o)
 .debug_macro   0x0000e2f0      0x892 /home/hauke/dev/riot/RIOT/examples/hello-world/bin/xmc-2go/core.a(kernel_init.o)
 .debug_macro   0x0000eb82       0x2e /home/hauke/dev/riot/RIOT/examples/hello-world/bin/xmc-2go/core.a(kernel_init.o)
 .debug_macro   0x0000ebb0      0x2d0 /home/hauke/dev/riot/RIOT/examples/hello-world/bin/xmc-2go/core.a(mutex.o)
 .debug_macro   0x0000ee80      0x892 /home/hauke/dev/riot/RIOT/examples/hello-world/bin/xmc-2go/core.a(mutex.o)
 .debug_macro   0x0000f712      0x2c5 /home/hauke/dev/riot/RIOT/examples/hello-world/bin/xmc-2go/core.a(panic.o)
 .debug_macro   0x0000f9d7      0x892 /home/hauke/dev/riot/RIOT/examples/hello-world/bin/xmc-2go/core.a(panic.o)
 .debug_macro   0x00010269       0x1c /home/hauke/dev/riot/RIOT/examples/hello-world/bin/xmc-2go/core.a(panic.o)
 .debug_macro   0x00010285      0x2ad /home/hauke/dev/riot/RIOT/examples/hello-world/bin/xmc-2go/core.a(priority_queue.o)
 .debug_macro   0x00010532      0x892 /home/hauke/dev/riot/RIOT/examples/hello-world/bin/xmc-2go/core.a(priority_queue.o)
 .debug_macro   0x00010dc4       0x82 /home/hauke/dev/riot/RIOT/examples/hello-world/bin/xmc-2go/core.a(priority_queue.o)
 .debug_macro   0x00010e46       0xf6 /home/hauke/dev/riot/RIOT/examples/hello-world/bin/xmc-2go/core.a(priority_queue.o)
 .debug_macro   0x00010f3c      0x2c4 /home/hauke/dev/riot/RIOT/examples/hello-world/bin/xmc-2go/core.a(thread.o)
 .debug_macro   0x00011200      0x892 /home/hauke/dev/riot/RIOT/examples/hello-world/bin/xmc-2go/core.a(thread.o)
 .debug_macro   0x00011a92      0x169 /home/hauke/dev/riot/RIOT/examples/hello-world/bin/xmc-2go/core.a(atomic.o)
 .debug_macro   0x00011bfb      0x892 /home/hauke/dev/riot/RIOT/examples/hello-world/bin/xmc-2go/core.a(atomic.o)
 .debug_macro   0x0001248d      0x173 /home/hauke/dev/riot/RIOT/examples/hello-world/bin/xmc-2go/cortexm_common.a(panic.o)
 .debug_macro   0x00012600      0x892 /home/hauke/dev/riot/RIOT/examples/hello-world/bin/xmc-2go/cortexm_common.a(panic.o)
 .debug_macro   0x00012e92      0x160 /home/hauke/dev/riot/RIOT/examples/hello-world/bin/xmc-2go/cpu.a(cpu.o)
 .debug_macro   0x00012ff2      0x892 /home/hauke/dev/riot/RIOT/examples/hello-world/bin/xmc-2go/cpu.a(cpu.o)
 .debug_macro   0x00013884       0x1a /home/hauke/dev/riot/RIOT/examples/hello-world/bin/xmc-2go/cpu.a(lpm_arch.o)
 .debug_macro   0x0001389e      0x892 /home/hauke/dev/riot/RIOT/examples/hello-world/bin/xmc-2go/cpu.a(lpm_arch.o)
 .debug_macro   0x00014130      0x306 /home/hauke/dev/riot/RIOT/examples/hello-world/bin/xmc-2go/periph.a(uart.o)
 .debug_macro   0x00014436      0x892 /home/hauke/dev/riot/RIOT/examples/hello-world/bin/xmc-2go/periph.a(uart.o)
 .debug_macro   0x00014cc8       0x1c /home/hauke/dev/riot/RIOT/examples/hello-world/bin/xmc-2go/periph.a(uart.o)
 .debug_macro   0x00014ce4       0x16 /home/hauke/dev/riot/RIOT/examples/hello-world/bin/xmc-2go/periph.a(uart.o)
 .debug_macro   0x00014cfa      0x316 /home/hauke/dev/riot/RIOT/examples/hello-world/bin/xmc-2go/periph.a(gpio.o)
 .debug_macro   0x00015010      0x892 /home/hauke/dev/riot/RIOT/examples/hello-world/bin/xmc-2go/periph.a(gpio.o)
 .debug_macro   0x000158a2       0x4a /home/hauke/dev/riot/RIOT/examples/hello-world/bin/xmc-2go/periph.a(gpio.o)
 .debug_macro   0x000158ec      0x2a2 /home/hauke/dev/riot/RIOT/examples/hello-world/bin/xmc-2go/tsrb.a(tsrb.o)
 .debug_macro   0x00015b8e      0x892 /home/hauke/dev/riot/RIOT/examples/hello-world/bin/xmc-2go/tsrb.a(tsrb.o)
 .debug_macro   0x00016420       0xeb /home/hauke/dev/riot/RIOT/examples/hello-world/bin/xmc-2go/hello-world.a(main.o)
 .debug_macro   0x0001650b      0x892 /home/hauke/dev/riot/RIOT/examples/hello-world/bin/xmc-2go/hello-world.a(main.o)
 .debug_macro   0x00016d9d      0x2b2 /home/hauke/dev/riot/RIOT/examples/hello-world/bin/xmc-2go/auto_init.a(auto_init.o)
 .debug_macro   0x0001704f      0x892 /home/hauke/dev/riot/RIOT/examples/hello-world/bin/xmc-2go/auto_init.a(auto_init.o)
 .debug_macro   0x000178e1      0x166 /home/hauke/dev/riot/RIOT/examples/hello-world/bin/xmc-2go/cortexm_common.a(cortexm_init.o)
 .debug_macro   0x00017a47      0x892 /home/hauke/dev/riot/RIOT/examples/hello-world/bin/xmc-2go/cortexm_common.a(cortexm_init.o)

.debug_line     0x00000000     0x6a5b
 .debug_line    0x00000000      0x721 /home/hauke/dev/riot/RIOT/examples/hello-world/bin/xmc-2go/newlib/syscalls.o
 .debug_line    0x00000721      0x1ad /home/hauke/dev/riot/RIOT/examples/hello-world/bin/xmc-2go/cpu/vectors.o
 .debug_line    0x000008ce      0x508 /home/hauke/dev/riot/RIOT/examples/hello-world/bin/xmc-2go/core.a(sched.o)
 .debug_line    0x00000dd6      0x1fc /home/hauke/dev/riot/RIOT/examples/hello-world/bin/xmc-2go/core.a(bitarithm.o)
 .debug_line    0x00000fd2      0x218 /home/hauke/dev/riot/RIOT/examples/hello-world/bin/xmc-2go/core.a(clist.o)
 .debug_line    0x000011ea      0x365 /home/hauke/dev/riot/RIOT/examples/hello-world/bin/xmc-2go/cortexm_common.a(irq_arch.o)
 .debug_line    0x0000154f      0x52c /home/hauke/dev/riot/RIOT/examples/hello-world/bin/xmc-2go/cortexm_common.a(thread_arch.o)
 .debug_line    0x00001a7b      0x628 /home/hauke/dev/riot/RIOT/examples/hello-world/bin/xmc-2go/cortexm_common.a(vectors_cortexm.o)
 .debug_line    0x000020a3      0x61c /home/hauke/dev/riot/RIOT/examples/hello-world/bin/xmc-2go/uart_stdio.a(uart_stdio.o)
 .debug_line    0x000026bf      0x3bd /home/hauke/dev/riot/RIOT/examples/hello-world/bin/xmc-2go/xmc-2go_base.a(board.o)
 .debug_line    0x00002a7c      0x506 /home/hauke/dev/riot/RIOT/examples/hello-world/bin/xmc-2go/core.a(kernel_init.o)
 .debug_line    0x00002f82      0x528 /home/hauke/dev/riot/RIOT/examples/hello-world/bin/xmc-2go/core.a(mutex.o)
 .debug_line    0x000034aa      0x4c8 /home/hauke/dev/riot/RIOT/examples/hello-world/bin/xmc-2go/core.a(panic.o)
 .debug_line    0x00003972      0x4d3 /home/hauke/dev/riot/RIOT/examples/hello-world/bin/xmc-2go/core.a(priority_queue.o)
 .debug_line    0x00003e45      0x5d2 /home/hauke/dev/riot/RIOT/examples/hello-world/bin/xmc-2go/core.a(thread.o)
 .debug_line    0x00004417      0x304 /home/hauke/dev/riot/RIOT/examples/hello-world/bin/xmc-2go/core.a(atomic.o)
 .debug_line    0x0000471b      0x319 /home/hauke/dev/riot/RIOT/examples/hello-world/bin/xmc-2go/cortexm_common.a(panic.o)
 .debug_line    0x00004a34      0x2f7 /home/hauke/dev/riot/RIOT/examples/hello-world/bin/xmc-2go/cpu.a(cpu.o)
 .debug_line    0x00004d2b       0xeb /home/hauke/dev/riot/RIOT/examples/hello-world/bin/xmc-2go/cpu.a(lpm_arch.o)
 .debug_line    0x00004e16      0x687 /home/hauke/dev/riot/RIOT/examples/hello-world/bin/xmc-2go/periph.a(uart.o)
 .debug_line    0x0000549d      0x719 /home/hauke/dev/riot/RIOT/examples/hello-world/bin/xmc-2go/periph.a(gpio.o)
 .debug_line    0x00005bb6      0x503 /home/hauke/dev/riot/RIOT/examples/hello-world/bin/xmc-2go/tsrb.a(tsrb.o)
 .debug_line    0x000060b9      0x1c6 /home/hauke/dev/riot/RIOT/examples/hello-world/bin/xmc-2go/hello-world.a(main.o)
 .debug_line    0x0000627f      0x4af /home/hauke/dev/riot/RIOT/examples/hello-world/bin/xmc-2go/auto_init.a(auto_init.o)
 .debug_line    0x0000672e      0x32d /home/hauke/dev/riot/RIOT/examples/hello-world/bin/xmc-2go/cortexm_common.a(cortexm_init.o)

.debug_str      0x00000000    0x235c4
 .debug_str     0x00000000    0x210ad /home/hauke/dev/riot/RIOT/examples/hello-world/bin/xmc-2go/newlib/syscalls.o
                              0x213b3 (size before relaxing)
 .debug_str     0x000210ad      0x2ed /home/hauke/dev/riot/RIOT/examples/hello-world/bin/xmc-2go/cpu/vectors.o
                              0x1a3d7 (size before relaxing)
 .debug_str     0x0002139a      0x4af /home/hauke/dev/riot/RIOT/examples/hello-world/bin/xmc-2go/core.a(sched.o)
                              0x1e3a7 (size before relaxing)
 .debug_str     0x00021849       0x91 /home/hauke/dev/riot/RIOT/examples/hello-world/bin/xmc-2go/core.a(bitarithm.o)
                               0x483e (size before relaxing)
 .debug_str     0x000218da       0x6d /home/hauke/dev/riot/RIOT/examples/hello-world/bin/xmc-2go/core.a(clist.o)
                               0x4959 (size before relaxing)
 .debug_str     0x00021947      0x100 /home/hauke/dev/riot/RIOT/examples/hello-world/bin/xmc-2go/cortexm_common.a(irq_arch.o)
                              0x1c45d (size before relaxing)
 .debug_str     0x00021a47      0x175 /home/hauke/dev/riot/RIOT/examples/hello-world/bin/xmc-2go/cortexm_common.a(thread_arch.o)
                              0x1e185 (size before relaxing)
 .debug_str     0x00021bbc      0x2e9 /home/hauke/dev/riot/RIOT/examples/hello-world/bin/xmc-2go/cortexm_common.a(vectors_cortexm.o)
                              0x1e768 (size before relaxing)
 .debug_str     0x00021ea5      0x2df /home/hauke/dev/riot/RIOT/examples/hello-world/bin/xmc-2go/uart_stdio.a(uart_stdio.o)
                              0x1ea53 (size before relaxing)
 .debug_str     0x00022184       0xf4 /home/hauke/dev/riot/RIOT/examples/hello-world/bin/xmc-2go/xmc-2go_base.a(board.o)
                              0x1cb79 (size before relaxing)
 .debug_str     0x00022278      0x218 /home/hauke/dev/riot/RIOT/examples/hello-world/bin/xmc-2go/core.a(kernel_init.o)
                              0x1e7a3 (size before relaxing)
 .debug_str     0x00022490       0xf9 /home/hauke/dev/riot/RIOT/examples/hello-world/bin/xmc-2go/core.a(mutex.o)
                              0x1e2c1 (size before relaxing)
 .debug_str     0x00022589       0xb2 /home/hauke/dev/riot/RIOT/examples/hello-world/bin/xmc-2go/core.a(panic.o)
                              0x1ee5c (size before relaxing)
 .debug_str     0x0002263b       0xa8 /home/hauke/dev/riot/RIOT/examples/hello-world/bin/xmc-2go/core.a(priority_queue.o)
                              0x1e0b3 (size before relaxing)
 .debug_str     0x000226e3      0x150 /home/hauke/dev/riot/RIOT/examples/hello-world/bin/xmc-2go/core.a(thread.o)
                              0x1e768 (size before relaxing)
 .debug_str     0x00022833       0x67 /home/hauke/dev/riot/RIOT/examples/hello-world/bin/xmc-2go/core.a(atomic.o)
                              0x1c413 (size before relaxing)
 .debug_str     0x0002289a       0x65 /home/hauke/dev/riot/RIOT/examples/hello-world/bin/xmc-2go/cortexm_common.a(panic.o)
                              0x1c4b7 (size before relaxing)
 .debug_str     0x000228ff       0x9f /home/hauke/dev/riot/RIOT/examples/hello-world/bin/xmc-2go/cpu.a(cpu.o)
                              0x1c3a1 (size before relaxing)
 .debug_str     0x0002299e       0x82 /home/hauke/dev/riot/RIOT/examples/hello-world/bin/xmc-2go/cpu.a(lpm_arch.o)
                               0x2657 (size before relaxing)
 .debug_str     0x00022a20      0x5f9 /home/hauke/dev/riot/RIOT/examples/hello-world/bin/xmc-2go/periph.a(uart.o)
                              0x1ebca (size before relaxing)
 .debug_str     0x00023019      0x2dd /home/hauke/dev/riot/RIOT/examples/hello-world/bin/xmc-2go/periph.a(gpio.o)
                              0x1ea9d (size before relaxing)
 .debug_str     0x000232f6       0xc2 /home/hauke/dev/riot/RIOT/examples/hello-world/bin/xmc-2go/tsrb.a(tsrb.o)
                              0x1ddc4 (size before relaxing)
 .debug_str     0x000233b8       0xb0 /home/hauke/dev/riot/RIOT/examples/hello-world/bin/xmc-2go/hello-world.a(main.o)
                               0x4841 (size before relaxing)
 .debug_str     0x00023468       0xaa /home/hauke/dev/riot/RIOT/examples/hello-world/bin/xmc-2go/auto_init.a(auto_init.o)
                              0x1e01b (size before relaxing)
 .debug_str     0x00023512       0xb2 /home/hauke/dev/riot/RIOT/examples/hello-world/bin/xmc-2go/cortexm_common.a(cortexm_init.o)
                              0x1c5f3 (size before relaxing)

.comment        0x00000000       0x70
 .comment       0x00000000       0x70 /home/hauke/dev/riot/RIOT/examples/hello-world/bin/xmc-2go/newlib/syscalls.o
                                 0x71 (size before relaxing)
 .comment       0x00000000       0x71 /home/hauke/dev/riot/RIOT/examples/hello-world/bin/xmc-2go/cpu/vectors.o
 .comment       0x00000000       0x71 /home/hauke/dev/riot/RIOT/examples/hello-world/bin/xmc-2go/core.a(sched.o)
 .comment       0x00000000       0x71 /home/hauke/dev/riot/RIOT/examples/hello-world/bin/xmc-2go/core.a(bitarithm.o)
 .comment       0x00000000       0x71 /home/hauke/dev/riot/RIOT/examples/hello-world/bin/xmc-2go/core.a(clist.o)
 .comment       0x00000000       0x71 /home/hauke/dev/riot/RIOT/examples/hello-world/bin/xmc-2go/cortexm_common.a(irq_arch.o)
 .comment       0x00000000       0x71 /home/hauke/dev/riot/RIOT/examples/hello-world/bin/xmc-2go/cortexm_common.a(thread_arch.o)
 .comment       0x00000000       0x71 /home/hauke/dev/riot/RIOT/examples/hello-world/bin/xmc-2go/cortexm_common.a(vectors_cortexm.o)
 .comment       0x00000000       0x71 /home/hauke/dev/riot/RIOT/examples/hello-world/bin/xmc-2go/uart_stdio.a(uart_stdio.o)
 .comment       0x00000000       0x71 /home/hauke/dev/riot/RIOT/examples/hello-world/bin/xmc-2go/xmc-2go_base.a(board.o)
 .comment       0x00000000       0x71 /home/hauke/dev/riot/RIOT/examples/hello-world/bin/xmc-2go/core.a(kernel_init.o)
 .comment       0x00000000       0x71 /home/hauke/dev/riot/RIOT/examples/hello-world/bin/xmc-2go/core.a(mutex.o)
 .comment       0x00000000       0x71 /home/hauke/dev/riot/RIOT/examples/hello-world/bin/xmc-2go/core.a(panic.o)
 .comment       0x00000000       0x71 /home/hauke/dev/riot/RIOT/examples/hello-world/bin/xmc-2go/core.a(priority_queue.o)
 .comment       0x00000000       0x71 /home/hauke/dev/riot/RIOT/examples/hello-world/bin/xmc-2go/core.a(thread.o)
 .comment       0x00000000       0x71 /home/hauke/dev/riot/RIOT/examples/hello-world/bin/xmc-2go/core.a(atomic.o)
 .comment       0x00000000       0x71 /home/hauke/dev/riot/RIOT/examples/hello-world/bin/xmc-2go/cortexm_common.a(panic.o)
 .comment       0x00000000       0x71 /home/hauke/dev/riot/RIOT/examples/hello-world/bin/xmc-2go/cpu.a(cpu.o)
 .comment       0x00000000       0x71 /home/hauke/dev/riot/RIOT/examples/hello-world/bin/xmc-2go/cpu.a(lpm_arch.o)
 .comment       0x00000000       0x71 /home/hauke/dev/riot/RIOT/examples/hello-world/bin/xmc-2go/periph.a(uart.o)
 .comment       0x00000000       0x71 /home/hauke/dev/riot/RIOT/examples/hello-world/bin/xmc-2go/periph.a(gpio.o)
 .comment       0x00000000       0x71 /home/hauke/dev/riot/RIOT/examples/hello-world/bin/xmc-2go/tsrb.a(tsrb.o)
 .comment       0x00000000       0x71 /home/hauke/dev/riot/RIOT/examples/hello-world/bin/xmc-2go/hello-world.a(main.o)
 .comment       0x00000000       0x71 /home/hauke/dev/riot/RIOT/examples/hello-world/bin/xmc-2go/auto_init.a(auto_init.o)
 .comment       0x00000000       0x71 /home/hauke/dev/riot/RIOT/examples/hello-world/bin/xmc-2go/cortexm_common.a(cortexm_init.o)

.ARM.attributes
                0x00000000       0x31
 .ARM.attributes
                0x00000000       0x31 /home/hauke/dev/riot/RIOT/examples/hello-world/bin/xmc-2go/newlib/syscalls.o
 .ARM.attributes
                0x00000031       0x31 /home/hauke/dev/riot/RIOT/examples/hello-world/bin/xmc-2go/cpu/vectors.o
 .ARM.attributes
                0x00000062       0x31 /home/hauke/dev/riot/RIOT/examples/hello-world/bin/xmc-2go/core.a(sched.o)
 .ARM.attributes
                0x00000093       0x31 /home/hauke/dev/riot/RIOT/examples/hello-world/bin/xmc-2go/core.a(bitarithm.o)
 .ARM.attributes
                0x000000c4       0x31 /home/hauke/dev/riot/RIOT/examples/hello-world/bin/xmc-2go/core.a(clist.o)
 .ARM.attributes
                0x000000f5       0x31 /home/hauke/dev/riot/RIOT/examples/hello-world/bin/xmc-2go/cortexm_common.a(irq_arch.o)
 .ARM.attributes
                0x00000126       0x31 /home/hauke/dev/riot/RIOT/examples/hello-world/bin/xmc-2go/cortexm_common.a(thread_arch.o)
 .ARM.attributes
                0x00000157       0x31 /home/hauke/dev/riot/RIOT/examples/hello-world/bin/xmc-2go/cortexm_common.a(vectors_cortexm.o)
 .ARM.attributes
                0x00000188       0x31 /home/hauke/dev/riot/RIOT/examples/hello-world/bin/xmc-2go/uart_stdio.a(uart_stdio.o)
 .ARM.attributes
                0x000001b9       0x31 /home/hauke/dev/riot/RIOT/examples/hello-world/bin/xmc-2go/xmc-2go_base.a(board.o)
 .ARM.attributes
                0x000001ea       0x31 /home/hauke/dev/riot/RIOT/examples/hello-world/bin/xmc-2go/core.a(kernel_init.o)
 .ARM.attributes
                0x0000021b       0x31 /home/hauke/dev/riot/RIOT/examples/hello-world/bin/xmc-2go/core.a(mutex.o)
 .ARM.attributes
                0x0000024c       0x31 /home/hauke/dev/riot/RIOT/examples/hello-world/bin/xmc-2go/core.a(panic.o)
 .ARM.attributes
                0x0000027d       0x31 /home/hauke/dev/riot/RIOT/examples/hello-world/bin/xmc-2go/core.a(priority_queue.o)
 .ARM.attributes
                0x000002ae       0x31 /home/hauke/dev/riot/RIOT/examples/hello-world/bin/xmc-2go/core.a(thread.o)
 .ARM.attributes
                0x000002df       0x31 /home/hauke/dev/riot/RIOT/examples/hello-world/bin/xmc-2go/core.a(atomic.o)
 .ARM.attributes
                0x00000310       0x31 /home/hauke/dev/riot/RIOT/examples/hello-world/bin/xmc-2go/cortexm_common.a(panic.o)
 .ARM.attributes
                0x00000341       0x31 /home/hauke/dev/riot/RIOT/examples/hello-world/bin/xmc-2go/cpu.a(cpu.o)
 .ARM.attributes
                0x00000372       0x31 /home/hauke/dev/riot/RIOT/examples/hello-world/bin/xmc-2go/cpu.a(lpm_arch.o)
 .ARM.attributes
                0x000003a3       0x31 /home/hauke/dev/riot/RIOT/examples/hello-world/bin/xmc-2go/periph.a(uart.o)
 .ARM.attributes
                0x000003d4       0x31 /home/hauke/dev/riot/RIOT/examples/hello-world/bin/xmc-2go/periph.a(gpio.o)
 .ARM.attributes
                0x00000405       0x31 /home/hauke/dev/riot/RIOT/examples/hello-world/bin/xmc-2go/tsrb.a(tsrb.o)
 .ARM.attributes
                0x00000436       0x31 /home/hauke/dev/riot/RIOT/examples/hello-world/bin/xmc-2go/hello-world.a(main.o)
 .ARM.attributes
                0x00000467       0x31 /home/hauke/dev/riot/RIOT/examples/hello-world/bin/xmc-2go/auto_init.a(auto_init.o)
 .ARM.attributes
                0x00000498       0x31 /home/hauke/dev/riot/RIOT/examples/hello-world/bin/xmc-2go/cortexm_common.a(cortexm_init.o)
 .ARM.attributes
                0x000004c9       0x1e /home/hauke/tools/gcc-arm-none-eabi-4_8-2014q3/bin/../lib/gcc/arm-none-eabi/4.8.4/armv6-m/libgcc.a(_udivsi3.o)
 .ARM.attributes
                0x000004e7       0x1e /home/hauke/tools/gcc-arm-none-eabi-4_8-2014q3/bin/../lib/gcc/arm-none-eabi/4.8.4/armv6-m/libgcc.a(_dvmd_tls.o)
 .ARM.attributes
                0x00000505       0x2c /home/hauke/tools/gcc-arm-none-eabi-4_8-2014q3/bin/../lib/gcc/arm-none-eabi/4.8.4/../../../../arm-none-eabi/lib/armv6-m/libc_s.a(lib_a-impure.o)
 .ARM.attributes
                0x00000531       0x2c /home/hauke/tools/gcc-arm-none-eabi-4_8-2014q3/bin/../lib/gcc/arm-none-eabi/4.8.4/../../../../arm-none-eabi/lib/armv6-m/libc_s.a(lib_a-init.o)
 .ARM.attributes
                0x0000055d       0x2c /home/hauke/tools/gcc-arm-none-eabi-4_8-2014q3/bin/../lib/gcc/arm-none-eabi/4.8.4/../../../../arm-none-eabi/lib/armv6-m/libc_s.a(lib_a-printf.o)
 .ARM.attributes
                0x00000589       0x2c /home/hauke/tools/gcc-arm-none-eabi-4_8-2014q3/bin/../lib/gcc/arm-none-eabi/4.8.4/../../../../arm-none-eabi/lib/armv6-m/libc_s.a(lib_a-puts.o)
 .ARM.attributes
                0x000005b5       0x2c /home/hauke/tools/gcc-arm-none-eabi-4_8-2014q3/bin/../lib/gcc/arm-none-eabi/4.8.4/../../../../arm-none-eabi/lib/armv6-m/libc_s.a(lib_a-vfprintf.o)
 .ARM.attributes
                0x000005e1       0x2c /home/hauke/tools/gcc-arm-none-eabi-4_8-2014q3/bin/../lib/gcc/arm-none-eabi/4.8.4/../../../../arm-none-eabi/lib/armv6-m/libc_s.a(lib_a-vfprintf_i.o)
 .ARM.attributes
                0x0000060d       0x2c /home/hauke/tools/gcc-arm-none-eabi-4_8-2014q3/bin/../lib/gcc/arm-none-eabi/4.8.4/../../../../arm-none-eabi/lib/armv6-m/libc_s.a(lib_a-wbuf.o)
 .ARM.attributes
                0x00000639       0x2c /home/hauke/tools/gcc-arm-none-eabi-4_8-2014q3/bin/../lib/gcc/arm-none-eabi/4.8.4/../../../../arm-none-eabi/lib/armv6-m/libc_s.a(lib_a-wsetup.o)
 .ARM.attributes
                0x00000665       0x2c /home/hauke/tools/gcc-arm-none-eabi-4_8-2014q3/bin/../lib/gcc/arm-none-eabi/4.8.4/../../../../arm-none-eabi/lib/armv6-m/libc_s.a(lib_a-fflush.o)
 .ARM.attributes
                0x00000691       0x2c /home/hauke/tools/gcc-arm-none-eabi-4_8-2014q3/bin/../lib/gcc/arm-none-eabi/4.8.4/../../../../arm-none-eabi/lib/armv6-m/libc_s.a(lib_a-findfp.o)
 .ARM.attributes
                0x000006bd       0x2c /home/hauke/tools/gcc-arm-none-eabi-4_8-2014q3/bin/../lib/gcc/arm-none-eabi/4.8.4/../../../../arm-none-eabi/lib/armv6-m/libc_s.a(lib_a-makebuf.o)
 .ARM.attributes
                0x000006e9       0x2c /home/hauke/tools/gcc-arm-none-eabi-4_8-2014q3/bin/../lib/gcc/arm-none-eabi/4.8.4/../../../../arm-none-eabi/lib/armv6-m/libc_s.a(lib_a-memchr-stub.o)
 .ARM.attributes
                0x00000715       0x2c /home/hauke/tools/gcc-arm-none-eabi-4_8-2014q3/bin/../lib/gcc/arm-none-eabi/4.8.4/../../../../arm-none-eabi/lib/armv6-m/libc_s.a(lib_a-memset.o)
 .ARM.attributes
                0x00000741       0x2c /home/hauke/tools/gcc-arm-none-eabi-4_8-2014q3/bin/../lib/gcc/arm-none-eabi/4.8.4/../../../../arm-none-eabi/lib/armv6-m/libc_s.a(lib_a-nano-freer.o)
 .ARM.attributes
                0x0000076d       0x2c /home/hauke/tools/gcc-arm-none-eabi-4_8-2014q3/bin/../lib/gcc/arm-none-eabi/4.8.4/../../../../arm-none-eabi/lib/armv6-m/libc_s.a(lib_a-nano-mallocr.o)
 .ARM.attributes
                0x00000799       0x2c /home/hauke/tools/gcc-arm-none-eabi-4_8-2014q3/bin/../lib/gcc/arm-none-eabi/4.8.4/../../../../arm-none-eabi/lib/armv6-m/libc_s.a(lib_a-stdio.o)
 .ARM.attributes
                0x000007c5       0x2c /home/hauke/tools/gcc-arm-none-eabi-4_8-2014q3/bin/../lib/gcc/arm-none-eabi/4.8.4/../../../../arm-none-eabi/lib/armv6-m/libc_s.a(lib_a-strlen.o)

.debug_frame    0x00000000      0xfbc
 .debug_frame   0x00000000      0x154 /home/hauke/dev/riot/RIOT/examples/hello-world/bin/xmc-2go/newlib/syscalls.o
 .debug_frame   0x00000154       0x38 /home/hauke/dev/riot/RIOT/examples/hello-world/bin/xmc-2go/cpu/vectors.o
 .debug_frame   0x0000018c       0x7c /home/hauke/dev/riot/RIOT/examples/hello-world/bin/xmc-2go/core.a(sched.o)
 .debug_frame   0x00000208       0x40 /home/hauke/dev/riot/RIOT/examples/hello-world/bin/xmc-2go/core.a(bitarithm.o)
 .debug_frame   0x00000248       0x30 /home/hauke/dev/riot/RIOT/examples/hello-world/bin/xmc-2go/core.a(clist.o)
 .debug_frame   0x00000278       0x50 /home/hauke/dev/riot/RIOT/examples/hello-world/bin/xmc-2go/cortexm_common.a(irq_arch.o)
 .debug_frame   0x000002c8       0x74 /home/hauke/dev/riot/RIOT/examples/hello-world/bin/xmc-2go/cortexm_common.a(thread_arch.o)
 .debug_frame   0x0000033c       0xa8 /home/hauke/dev/riot/RIOT/examples/hello-world/bin/xmc-2go/cortexm_common.a(vectors_cortexm.o)
 .debug_frame   0x000003e4       0x74 /home/hauke/dev/riot/RIOT/examples/hello-world/bin/xmc-2go/uart_stdio.a(uart_stdio.o)
 .debug_frame   0x00000458       0x28 /home/hauke/dev/riot/RIOT/examples/hello-world/bin/xmc-2go/xmc-2go_base.a(board.o)
 .debug_frame   0x00000480       0x60 /home/hauke/dev/riot/RIOT/examples/hello-world/bin/xmc-2go/core.a(kernel_init.o)
 .debug_frame   0x000004e0       0x98 /home/hauke/dev/riot/RIOT/examples/hello-world/bin/xmc-2go/core.a(mutex.o)
 .debug_frame   0x00000578       0x28 /home/hauke/dev/riot/RIOT/examples/hello-world/bin/xmc-2go/core.a(panic.o)
 .debug_frame   0x000005a0       0x48 /home/hauke/dev/riot/RIOT/examples/hello-world/bin/xmc-2go/core.a(priority_queue.o)
 .debug_frame   0x000005e8       0xcc /home/hauke/dev/riot/RIOT/examples/hello-world/bin/xmc-2go/core.a(thread.o)
 .debug_frame   0x000006b4       0x2c /home/hauke/dev/riot/RIOT/examples/hello-world/bin/xmc-2go/core.a(atomic.o)
 .debug_frame   0x000006e0       0x28 /home/hauke/dev/riot/RIOT/examples/hello-world/bin/xmc-2go/cortexm_common.a(panic.o)
 .debug_frame   0x00000708       0x28 /home/hauke/dev/riot/RIOT/examples/hello-world/bin/xmc-2go/cpu.a(cpu.o)
 .debug_frame   0x00000730       0x70 /home/hauke/dev/riot/RIOT/examples/hello-world/bin/xmc-2go/cpu.a(lpm_arch.o)
 .debug_frame   0x000007a0       0x8c /home/hauke/dev/riot/RIOT/examples/hello-world/bin/xmc-2go/periph.a(uart.o)
 .debug_frame   0x0000082c      0x138 /home/hauke/dev/riot/RIOT/examples/hello-world/bin/xmc-2go/periph.a(gpio.o)
 .debug_frame   0x00000964       0x78 /home/hauke/dev/riot/RIOT/examples/hello-world/bin/xmc-2go/tsrb.a(tsrb.o)
 .debug_frame   0x000009dc       0x28 /home/hauke/dev/riot/RIOT/examples/hello-world/bin/xmc-2go/hello-world.a(main.o)
 .debug_frame   0x00000a04       0x20 /home/hauke/dev/riot/RIOT/examples/hello-world/bin/xmc-2go/auto_init.a(auto_init.o)
 .debug_frame   0x00000a24       0x2c /home/hauke/dev/riot/RIOT/examples/hello-world/bin/xmc-2go/cortexm_common.a(cortexm_init.o)
 .debug_frame   0x00000a50       0x20 /home/hauke/tools/gcc-arm-none-eabi-4_8-2014q3/bin/../lib/gcc/arm-none-eabi/4.8.4/armv6-m/libgcc.a(_udivsi3.o)
 .debug_frame   0x00000a70       0x2c /home/hauke/tools/gcc-arm-none-eabi-4_8-2014q3/bin/../lib/gcc/arm-none-eabi/4.8.4/../../../../arm-none-eabi/lib/armv6-m/libc_s.a(lib_a-init.o)
 .debug_frame   0x00000a9c       0x50 /home/hauke/tools/gcc-arm-none-eabi-4_8-2014q3/bin/../lib/gcc/arm-none-eabi/4.8.4/../../../../arm-none-eabi/lib/armv6-m/libc_s.a(lib_a-printf.o)
 .debug_frame   0x00000aec       0x44 /home/hauke/tools/gcc-arm-none-eabi-4_8-2014q3/bin/../lib/gcc/arm-none-eabi/4.8.4/../../../../arm-none-eabi/lib/armv6-m/libc_s.a(lib_a-puts.o)
 .debug_frame   0x00000b30       0xa0 /home/hauke/tools/gcc-arm-none-eabi-4_8-2014q3/bin/../lib/gcc/arm-none-eabi/4.8.4/../../../../arm-none-eabi/lib/armv6-m/libc_s.a(lib_a-vfprintf.o)
 .debug_frame   0x00000bd0       0x54 /home/hauke/tools/gcc-arm-none-eabi-4_8-2014q3/bin/../lib/gcc/arm-none-eabi/4.8.4/../../../../arm-none-eabi/lib/armv6-m/libc_s.a(lib_a-vfprintf_i.o)
 .debug_frame   0x00000c24       0x44 /home/hauke/tools/gcc-arm-none-eabi-4_8-2014q3/bin/../lib/gcc/arm-none-eabi/4.8.4/../../../../arm-none-eabi/lib/armv6-m/libc_s.a(lib_a-wbuf.o)
 .debug_frame   0x00000c68       0x2c /home/hauke/tools/gcc-arm-none-eabi-4_8-2014q3/bin/../lib/gcc/arm-none-eabi/4.8.4/../../../../arm-none-eabi/lib/armv6-m/libc_s.a(lib_a-wsetup.o)
 .debug_frame   0x00000c94       0x68 /home/hauke/tools/gcc-arm-none-eabi-4_8-2014q3/bin/../lib/gcc/arm-none-eabi/4.8.4/../../../../arm-none-eabi/lib/armv6-m/libc_s.a(lib_a-fflush.o)
 .debug_frame   0x00000cfc      0x148 /home/hauke/tools/gcc-arm-none-eabi-4_8-2014q3/bin/../lib/gcc/arm-none-eabi/4.8.4/../../../../arm-none-eabi/lib/armv6-m/libc_s.a(lib_a-findfp.o)
 .debug_frame   0x00000e44       0x30 /home/hauke/tools/gcc-arm-none-eabi-4_8-2014q3/bin/../lib/gcc/arm-none-eabi/4.8.4/../../../../arm-none-eabi/lib/armv6-m/libc_s.a(lib_a-makebuf.o)
 .debug_frame   0x00000e74       0x20 /home/hauke/tools/gcc-arm-none-eabi-4_8-2014q3/bin/../lib/gcc/arm-none-eabi/4.8.4/../../../../arm-none-eabi/lib/armv6-m/libc_s.a(lib_a-memchr-stub.o)
 .debug_frame   0x00000e94       0x20 /home/hauke/tools/gcc-arm-none-eabi-4_8-2014q3/bin/../lib/gcc/arm-none-eabi/4.8.4/../../../../arm-none-eabi/lib/armv6-m/libc_s.a(lib_a-memset.o)
 .debug_frame   0x00000eb4       0x2c /home/hauke/tools/gcc-arm-none-eabi-4_8-2014q3/bin/../lib/gcc/arm-none-eabi/4.8.4/../../../../arm-none-eabi/lib/armv6-m/libc_s.a(lib_a-nano-freer.o)
 .debug_frame   0x00000ee0       0x2c /home/hauke/tools/gcc-arm-none-eabi-4_8-2014q3/bin/../lib/gcc/arm-none-eabi/4.8.4/../../../../arm-none-eabi/lib/armv6-m/libc_s.a(lib_a-nano-mallocr.o)
 .debug_frame   0x00000f0c       0x90 /home/hauke/tools/gcc-arm-none-eabi-4_8-2014q3/bin/../lib/gcc/arm-none-eabi/4.8.4/../../../../arm-none-eabi/lib/armv6-m/libc_s.a(lib_a-stdio.o)
 .debug_frame   0x00000f9c       0x20 /home/hauke/tools/gcc-arm-none-eabi-4_8-2014q3/bin/../lib/gcc/arm-none-eabi/4.8.4/../../../../arm-none-eabi/lib/armv6-m/libc_s.a(lib_a-strlen.o)

Cross Reference Table

Symbol                                            File
__aeabi_idiv                                      /home/hauke/tools/gcc-arm-none-eabi-4_8-2014q3/bin/../lib/gcc/arm-none-eabi/4.8.4/armv6-m/libgcc.a(_divsi3.o)
                                                  /home/hauke/tools/gcc-arm-none-eabi-4_8-2014q3/bin/../lib/gcc/arm-none-eabi/4.8.4/../../../../arm-none-eabi/lib/armv6-m/libc_s.a(lib_a-fvwrite.o)
__aeabi_idiv0                                     /home/hauke/tools/gcc-arm-none-eabi-4_8-2014q3/bin/../lib/gcc/arm-none-eabi/4.8.4/armv6-m/libgcc.a(_dvmd_tls.o)
                                                  /home/hauke/tools/gcc-arm-none-eabi-4_8-2014q3/bin/../lib/gcc/arm-none-eabi/4.8.4/armv6-m/libgcc.a(_divsi3.o)
                                                  /home/hauke/tools/gcc-arm-none-eabi-4_8-2014q3/bin/../lib/gcc/arm-none-eabi/4.8.4/armv6-m/libgcc.a(_udivsi3.o)
__aeabi_idivmod                                   /home/hauke/tools/gcc-arm-none-eabi-4_8-2014q3/bin/../lib/gcc/arm-none-eabi/4.8.4/armv6-m/libgcc.a(_divsi3.o)
__aeabi_ldiv0                                     /home/hauke/tools/gcc-arm-none-eabi-4_8-2014q3/bin/../lib/gcc/arm-none-eabi/4.8.4/armv6-m/libgcc.a(_dvmd_tls.o)
__aeabi_uidiv                                     /home/hauke/tools/gcc-arm-none-eabi-4_8-2014q3/bin/../lib/gcc/arm-none-eabi/4.8.4/armv6-m/libgcc.a(_udivsi3.o)
                                                  /home/hauke/tools/gcc-arm-none-eabi-4_8-2014q3/bin/../lib/gcc/arm-none-eabi/4.8.4/../../../../arm-none-eabi/lib/armv6-m/libc_s.a(lib_a-vfprintf_i.o)
                                                  /home/hauke/dev/riot/RIOT/examples/hello-world/bin/xmc-2go/periph.a(uart.o)
__aeabi_uidivmod                                  /home/hauke/tools/gcc-arm-none-eabi-4_8-2014q3/bin/../lib/gcc/arm-none-eabi/4.8.4/armv6-m/libgcc.a(_udivsi3.o)
                                                  /home/hauke/tools/gcc-arm-none-eabi-4_8-2014q3/bin/../lib/gcc/arm-none-eabi/4.8.4/../../../../arm-none-eabi/lib/armv6-m/libc_s.a(lib_a-vfprintf_i.o)
__divsi3                                          /home/hauke/tools/gcc-arm-none-eabi-4_8-2014q3/bin/../lib/gcc/arm-none-eabi/4.8.4/armv6-m/libgcc.a(_divsi3.o)
__errno                                           /home/hauke/tools/gcc-arm-none-eabi-4_8-2014q3/bin/../lib/gcc/arm-none-eabi/4.8.4/../../../../arm-none-eabi/lib/armv6-m/libc_s.a(lib_a-errno.o)
                                                  /home/hauke/dev/riot/RIOT/examples/hello-world/bin/xmc-2go/newlib/syscalls.o
__fp_lock_all                                     /home/hauke/tools/gcc-arm-none-eabi-4_8-2014q3/bin/../lib/gcc/arm-none-eabi/4.8.4/../../../../arm-none-eabi/lib/armv6-m/libc_s.a(lib_a-findfp.o)
__fp_unlock_all                                   /home/hauke/tools/gcc-arm-none-eabi-4_8-2014q3/bin/../lib/gcc/arm-none-eabi/4.8.4/../../../../arm-none-eabi/lib/armv6-m/libc_s.a(lib_a-findfp.o)
__init_array_end                                  /home/hauke/tools/gcc-arm-none-eabi-4_8-2014q3/bin/../lib/gcc/arm-none-eabi/4.8.4/../../../../arm-none-eabi/lib/armv6-m/libc_s.a(lib_a-init.o)
__init_array_start                                /home/hauke/tools/gcc-arm-none-eabi-4_8-2014q3/bin/../lib/gcc/arm-none-eabi/4.8.4/../../../../arm-none-eabi/lib/armv6-m/libc_s.a(lib_a-init.o)
__libc_init_array                                 /home/hauke/tools/gcc-arm-none-eabi-4_8-2014q3/bin/../lib/gcc/arm-none-eabi/4.8.4/../../../../arm-none-eabi/lib/armv6-m/libc_s.a(lib_a-init.o)
                                                  /home/hauke/dev/riot/RIOT/examples/hello-world/bin/xmc-2go/cortexm_common.a(vectors_cortexm.o)
__malloc_free_list                                /home/hauke/tools/gcc-arm-none-eabi-4_8-2014q3/bin/../lib/gcc/arm-none-eabi/4.8.4/../../../../arm-none-eabi/lib/armv6-m/libc_s.a(lib_a-nano-mallocr.o)
                                                  /home/hauke/tools/gcc-arm-none-eabi-4_8-2014q3/bin/../lib/gcc/arm-none-eabi/4.8.4/../../../../arm-none-eabi/lib/armv6-m/libc_s.a(lib_a-nano-freer.o)
__malloc_sbrk_start                               /home/hauke/tools/gcc-arm-none-eabi-4_8-2014q3/bin/../lib/gcc/arm-none-eabi/4.8.4/../../../../arm-none-eabi/lib/armv6-m/libc_s.a(lib_a-nano-mallocr.o)
__preinit_array_end                               /home/hauke/tools/gcc-arm-none-eabi-4_8-2014q3/bin/../lib/gcc/arm-none-eabi/4.8.4/../../../../arm-none-eabi/lib/armv6-m/libc_s.a(lib_a-init.o)
__preinit_array_start                             /home/hauke/tools/gcc-arm-none-eabi-4_8-2014q3/bin/../lib/gcc/arm-none-eabi/4.8.4/../../../../arm-none-eabi/lib/armv6-m/libc_s.a(lib_a-init.o)
__sclose                                          /home/hauke/tools/gcc-arm-none-eabi-4_8-2014q3/bin/../lib/gcc/arm-none-eabi/4.8.4/../../../../arm-none-eabi/lib/armv6-m/libc_s.a(lib_a-stdio.o)
                                                  /home/hauke/tools/gcc-arm-none-eabi-4_8-2014q3/bin/../lib/gcc/arm-none-eabi/4.8.4/../../../../arm-none-eabi/lib/armv6-m/libc_s.a(lib_a-findfp.o)
__seofread                                        /home/hauke/tools/gcc-arm-none-eabi-4_8-2014q3/bin/../lib/gcc/arm-none-eabi/4.8.4/../../../../arm-none-eabi/lib/armv6-m/libc_s.a(lib_a-stdio.o)
__sf_fake_stderr                                  /home/hauke/tools/gcc-arm-none-eabi-4_8-2014q3/bin/../lib/gcc/arm-none-eabi/4.8.4/../../../../arm-none-eabi/lib/armv6-m/libc_s.a(lib_a-findfp.o)
                                                  /home/hauke/tools/gcc-arm-none-eabi-4_8-2014q3/bin/../lib/gcc/arm-none-eabi/4.8.4/../../../../arm-none-eabi/lib/armv6-m/libc_s.a(lib_a-fflush.o)
                                                  /home/hauke/tools/gcc-arm-none-eabi-4_8-2014q3/bin/../lib/gcc/arm-none-eabi/4.8.4/../../../../arm-none-eabi/lib/armv6-m/libc_s.a(lib_a-wsetup.o)
                                                  /home/hauke/tools/gcc-arm-none-eabi-4_8-2014q3/bin/../lib/gcc/arm-none-eabi/4.8.4/../../../../arm-none-eabi/lib/armv6-m/libc_s.a(lib_a-wbuf.o)
                                                  /home/hauke/tools/gcc-arm-none-eabi-4_8-2014q3/bin/../lib/gcc/arm-none-eabi/4.8.4/../../../../arm-none-eabi/lib/armv6-m/libc_s.a(lib_a-vfprintf.o)
                                                  /home/hauke/tools/gcc-arm-none-eabi-4_8-2014q3/bin/../lib/gcc/arm-none-eabi/4.8.4/../../../../arm-none-eabi/lib/armv6-m/libc_s.a(lib_a-impure.o)
__sf_fake_stdin                                   /home/hauke/tools/gcc-arm-none-eabi-4_8-2014q3/bin/../lib/gcc/arm-none-eabi/4.8.4/../../../../arm-none-eabi/lib/armv6-m/libc_s.a(lib_a-findfp.o)